<html>
<body>
<pre>
<h1>µVision Build Log</h1>
<h2>Project:</h2>
C:\Users\Zeng\Desktop\RS485SENSOR\USER\RS485.uvprojx
Project File Date:  04/03/2022

<h2>Output:</h2>
Build target 'RS485'
linking...
Program Size: Code=16328 RO-data=7992 RW-data=120 ZI-data=2952  
FromELF: creating hex file...
"..\OBJ\RS485.axf" - 0 Error(s), 0 Warning(s).
Load "..\\OBJ\\RS485.axf" 
Set JLink Project File to "C:\Users\Zeng\Desktop\RS485SENSOR\USER\JLinkSettings.ini"
* JLink Info: Device "STM32F103C6" selected (32 KB flash, 10 KB RAM).
 
JLink info:
------------
DLL: V4.80g, compiled Feb 13 2014 20:50:02
Firmware: J-Link V9 compiled May  7 2021 16:26:12
Hardware: V9.60
S/N : 69614239 
Feature(s) : RDI, GDB, FlashDL, FlashBP, JFlash 
 
* JLink Info: Found SWD-DP with ID 0x1BA01477
* JLink Info: Found SWD-DP with ID 0x1BA01477
* JLink Info: Found Cortex-M3 r1p1, Little endian.
* JLink Info: FPUnit: 6 code (BP) slots and 2 literal slots
* JLink Info: TPIU fitted.
ROMTableAddr = 0xE00FF003
 
Target info:
------------
Device: STM32F103C6
VTarget = 3.293V
State of Pins: 
TCK: 0, TDI: 1, TDO: 0, TMS: 1, TRES: 1, TRST: 1
Hardware-Breakpoints: 6
Software-Breakpoints: 8192
Watchpoints:          4
JTAG speed: 3000 kHz
 
Erase Done.
Programming Done.
Verify OK.
Application running ...
</pre>
</body>
</html>
ng:  #167-D: argument of type "u8 *" is incompatible with parameter of type "const char *"
        for(count=0;count<strlen(str)/3;++count)
..\HARDWARE\OLED\OLED.c: 7 warnings, 0 errors
linking...
Program Size: Code=16328 RO-data=7992 RW-data=120 ZI-data=2952  
FromELF: creating hex file...
"..\OBJ\RS485.axf" - 0 Error(s), 7 Warning(s).
Load "..\\OBJ\\RS485.axf" 
Set JLink Project File to "C:\Users\Zeng\Desktop\RS485SENSOR\USER\JLinkSettings.ini"
* JLink Info: Device "STM32F103C6" selected (32 KB flash, 10 KB RAM).
 
JLink info:
------------
DLL: V4.80g, compiled Feb 13 2014 20:50:02
Firmware: J-Link V9 compiled May  7 2021 16:26:12
Hardware: V9.60
S/N : 69614239 
Feature(s) : RDI, GDB, FlashDL, FlashBP, JFlash 
 
* JLink Info: Found SWD-DP with ID 0x1BA01477
* JLink Info: Found SWD-DP with ID 0x1BA01477
* JLink Info: Found Cortex-M3 r1p1, Little endian.
* JLink Info: FPUnit: 6 code (BP) slots and 2 literal slots
* JLink Info: TPIU fitted.
ROMTableAddr = 0xE00FF003
 
Target info:
------------
Device: STM32F103C6
VTarget = 3.291V
State of Pins: 
TCK: 0, TDI: 1, TDO: 0, TMS: 1, TRES: 1, TRST: 1
Hardware-Breakpoints: 6
Software-Breakpoints: 8192
Watchpoints:          4
JTAG speed: 3000 kHz
 
Erase Done.
Programming Done.
Verify OK.
Application running ...
cation running ...
fo: TPIU fitted.
ROMTableAddr = 0xE00FF003
 
Target info:
------------
Device: STM32F103C6
VTarget = 3.280V
State of Pins: 
TCK: 0, TDI: 1, TDO: 0, TMS: 1, TRES: 1, TRST: 1
Hardware-Breakpoints: 6
Software-Breakpoints: 8192
Watchpoints:          4
JTAG speed: 3000 kHz
 
***JLink Error: Can not read register 0 (R0) while CPU is running
***JLink Error: Can not read register 1 (R1) while CPU is running
Erase Done.
Programming Done.
Verify OK.
Application running ...
nk Info: TPIU fitted.
ROMTableAddr = 0xE00FF003
 
Target info:
------------
Device: STM32F103C6
VTarget = 3.279V
State of Pins: 
TCK: 0, TDI: 1, TDO: 0, TMS: 1, TRES: 1, TRST: 1
Hardware-Breakpoints: 6
Software-Breakpoints: 8192
Watchpoints:          4
JTAG speed: 3000 kHz
 
Erase Done.
Programming Done.
Verify OK.
Application running ...
c...
compiling stm32f10x_bkp.c...
compiling stm32f10x_rtc.c...
compiling stm32f10x_pwr.c...
compiling stm32f10x_tim.c...
"..\OBJ\RS485.axf" - 3 Error(s), 12 Warning(s).
Target not created
