<html>
<body>
<pre>
<h1>µVision Build Log</h1>
<h2>Project:</h2>
C:\Users\Zeng\Desktop\RS485SENSOR\USER\RS485.uvprojx
Project File Date:  04/03/2022

<h2>Output:</h2>
Build target 'RS485'
compiling main.c...
linking...
Program Size: Code=18132 RO-data=8264 RW-data=148 ZI-data=2948  
FromELF: creating hex file...
"..\OBJ\RS485.axf" - 0 Error(s), 0 Warning(s).
Load "..\\OBJ\\RS485.axf" 
Set JLink Project File to "C:\Users\Zeng\Desktop\RS485SENSOR\USER\JLinkSettings.ini"
* JLink Info: Device "STM32F103C6" selected (32 KB flash, 10 KB RAM).
 
JLink info:
------------
DLL: V4.80g, compiled Feb 13 2014 20:50:02
Firmware: J-Link V9 compiled May  7 2021 16:26:12
Hardware: V9.60
S/N : 69614239 
Feature(s) : RDI, GDB, FlashDL, FlashBP, JFlash 
 
* JLink Info: Found SWD-DP with ID 0x1BA01477
* JLink Info: Found SWD-DP with ID 0x1BA01477
* JLink Info: Found Cortex-M3 r1p1, Little endian.
* JLink Info: FPUnit: 6 code (BP) slots and 2 literal slots
* JLink Info: TPIU fitted.
ROMTableAddr = 0xE00FF003
 
Target info:
------------
Device: STM32F103C6
VTarget = 3.275V
State of Pins: 
TCK: 0, TDI: 0, TDO: 0, TMS: 1, TRES: 1, TRST: 0
Hardware-Breakpoints: 6
Software-Breakpoints: 8192
Watchpoints:          4
JTAG speed: 6000 kHz
 
Erase Done.
Programming Done.
Verify OK.
Application running ...
</pre>
</body>
</html>
g:  #167-D: argument of type "u8 *" is incompatible with parameter of type "const char *"
        for(count=0;count<strlen(str)/3;++count)
..\HARDWARE\OLED\OLED.c: 7 warnings, 0 errors
linking...
Program Size: Code=18200 RO-data=8264 RW-data=152 ZI-data=2952  
FromELF: creating hex file...
"..\OBJ\RS485.axf" - 0 Error(s), 7 Warning(s).
  ^
..\HARDWARE\OLED\OLED.c(293): warning:  #167-D: argument of type "u8 *" is incompatible with parameter of type "const char *"
        for(i=strlen(str);i<ndigit;++i)
..\HARDWARE\OLED\OLED.c(327): warning:  #167-D: argument of type "u8 *" is incompatible with parameter of type "const char *"
        for(count=0;count<strlen(str)/3;++count)
..\HARDWARE\OLED\OLED.c: 7 warnings, 0 errors
"..\OBJ\RS485.axf" - 3 Error(s), 7 Warning(s).
Target not created
with ID 0x1BA01477
* JLink Info: Found SWD-DP with ID 0x1BA01477
* JLink Info: Found Cortex-M3 r1p1, Little endian.
* JLink Info: FPUnit: 6 code (BP) slots and 2 literal slots
* JLink Info: TPIU fitted.
ROMTableAddr = 0xE00FF003
 
Target info:
------------
Device: STM32F103C6
VTarget = 3.279V
State of Pins: 
TCK: 0, TDI: 0, TDO: 0, TMS: 1, TRES: 1, TRST: 0
Hardware-Breakpoints: 6
Software-Breakpoints: 8192
Watchpoints:          4
JTAG speed: 6000 kHz
 
Erase Done.
Programming Done.
Verify OK.
Application running ...
