Product: MDK-ARM Standard 5.10
Component: ARM Compiler 5.04 update 1 (build 49)
Tool: armlink [5040049]

==============================================================================

Section Cross References

    main.o(.text) refers to _printf_percent.o(.ARM.Collect$$_printf_percent$$00000000) for _printf_percent
    main.o(.text) refers to _printf_d.o(.ARM.Collect$$_printf_percent$$00000009) for _printf_d
    main.o(.text) refers to _printf_dec.o(.text) for _printf_int_dec
    main.o(.text) refers to delay.o(.text) for delay_init
    main.o(.text) refers to misc.o(.text) for NVIC_PriorityGroupConfig
    main.o(.text) refers to usart.o(.text) for uart_init
    main.o(.text) refers to led.o(.text) for LED_Init
    main.o(.text) refers to key.o(.text) for KEY_Init
    main.o(.text) refers to rs485.o(.text) for RS485_Init
    main.o(.text) refers to iic.o(.text) for initIIC
    main.o(.text) refers to rtc.o(.text) for RTC_Init
    main.o(.text) refers to oled.o(.text) for initOLED
    main.o(.text) refers to noretval__2sprintf.o(.text) for __2sprintf
    main.o(.text) refers to atoi.o(.text) for atoi
    main.o(.text) refers to stmflash.o(.text) for STMFLASH_Write
    main.o(.text) refers to key.o(.data) for sys_mode
    main.o(.text) refers to main.o(.data) for last_mode
    main.o(.text) refers to main.o(.bss) for save_data
    main.o(.text) refers to rtc.o(.bss) for calendar
    main.o(.text) refers to rs485.o(.data) for sensor
    system_stm32f10x.o(.text) refers to system_stm32f10x.o(.data) for SystemCoreClock
    led.o(.text) refers to stm32f10x_rcc.o(.text) for RCC_APB2PeriphClockCmd
    led.o(.text) refers to stm32f10x_gpio.o(.text) for GPIO_Init
    key.o(.text) refers to stm32f10x_rcc.o(.text) for RCC_APB1PeriphClockCmd
    key.o(.text) refers to stm32f10x_tim.o(.text) for TIM_TimeBaseInit
    key.o(.text) refers to misc.o(.text) for NVIC_Init
    key.o(.text) refers to stm32f10x_gpio.o(.text) for GPIO_Init
    key.o(.text) refers to oled.o(.text) for formatScreen
    key.o(.text) refers to stmflash.o(.text) for STMFLASH_Write
    key.o(.text) refers to key.o(.data) for KeyCanChange
    key.o(.text) refers to main.o(.bss) for save_data
    key.o(.text) refers to rs485.o(.data) for sensor
    rs485.o(.text) refers to stm32f10x_usart.o(.text) for USART_GetITStatus
    rs485.o(.text) refers to stm32f10x_rcc.o(.text) for RCC_APB2PeriphClockCmd
    rs485.o(.text) refers to stm32f10x_gpio.o(.text) for GPIO_Init
    rs485.o(.text) refers to misc.o(.text) for NVIC_Init
    rs485.o(.text) refers to delay.o(.text) for delay_ms
    rs485.o(.text) refers to rs485.o(.data) for RS485_RX_CNT
    rs485.o(.text) refers to rs485.o(.bss) for RS485_RX_BUF
    iic.o(.text) refers to stm32f10x_rcc.o(.text) for RCC_APB2PeriphClockCmd
    iic.o(.text) refers to stm32f10x_gpio.o(.text) for GPIO_Init
    iic.o(.text) refers to delay.o(.text) for delay_us
    oled.o(.text) refers to _printf_percent.o(.ARM.Collect$$_printf_percent$$00000000) for _printf_percent
    oled.o(.text) refers to _printf_d.o(.ARM.Collect$$_printf_percent$$00000009) for _printf_d
    oled.o(.text) refers to _printf_dec.o(.text) for _printf_int_dec
    oled.o(.text) refers to _printf_x.o(.ARM.Collect$$_printf_percent$$0000000C) for _printf_x
    oled.o(.text) refers to _printf_hex_int.o(.text) for _printf_longlong_hex
    oled.o(.text) refers to _printf_o.o(.ARM.Collect$$_printf_percent$$0000000B) for _printf_o
    oled.o(.text) refers to _printf_oct_int.o(.text) for _printf_longlong_oct
    oled.o(.text) refers to iic.o(.text) for startIIC
    oled.o(.text) refers to strlen.o(.text) for strlen
    oled.o(.text) refers to rt_memclr_w.o(.text) for __aeabi_memclr4
    oled.o(.text) refers to noretval__2sprintf.o(.text) for __2sprintf
    oled.o(.text) refers to oled.o(.constdata) for ANSIC0816
    oled.o(.text) refers to oled.o(.data) for CN1616_Index
    rtc.o(.text) refers to _printf_percent.o(.ARM.Collect$$_printf_percent$$00000000) for _printf_percent
    rtc.o(.text) refers to _printf_d.o(.ARM.Collect$$_printf_percent$$00000009) for _printf_d
    rtc.o(.text) refers to _printf_dec.o(.text) for _printf_int_dec
    rtc.o(.text) refers to misc.o(.text) for NVIC_Init
    rtc.o(.text) refers to stm32f10x_rtc.o(.text) for RTC_GetCounter
    rtc.o(.text) refers to stm32f10x_rcc.o(.text) for RCC_APB1PeriphClockCmd
    rtc.o(.text) refers to stm32f10x_pwr.o(.text) for PWR_BackupAccessCmd
    rtc.o(.text) refers to stm32f10x_bkp.o(.text) for BKP_DeInit
    rtc.o(.text) refers to delay.o(.text) for delay_ms
    rtc.o(.text) refers to oled.o(.text) for showString
    rtc.o(.text) refers to noretval__2printf.o(.text) for __2printf
    rtc.o(.text) refers to rtc.o(.constdata) for table_week
    rtc.o(.text) refers to rtc.o(.data) for daycnt
    rtc.o(.text) refers to rtc.o(.bss) for calendar
    rtc.o(.text) refers to key.o(.data) for sys_mode
[...]
    ../clib/printf.c                         0x00000000   Number         0  _printf_hex_int.o ABSOLUTE
    ../clib/printf.c                         0x00000000   Number         0  _sputc.o ABSOLUTE
    ../clib/printf.c                         0x00000000   Number         0  _printf_intcommon.o ABSOLUTE
    ../clib/printf.c                         0x00000000   Number         0  _printf_hex_int_ll.o ABSOLUTE
    ../clib/printf.c                         0x00000000   Number         0  _printf_hex_ptr.o ABSOLUTE
    ../clib/printf.c                         0x00000000   Number         0  _printf_hex_int_ptr.o ABSOLUTE
    ../clib/printf.c                         0x00000000   Number         0  _printf_hex_ll_ptr.o ABSOLUTE
    ../clib/printf.c                         0x00000000   Number         0  _printf_hex_int_ll_ptr.o ABSOLUTE
    ../clib/printf.c                         0x00000000   Number         0  __printf_flags.o ABSOLUTE
    ../clib/printf.c                         0x00000000   Number         0  __printf_ss.o ABSOLUTE
    ../clib/printf.c                         0x00000000   Number         0  __printf_flags_ss.o ABSOLUTE
    ../clib/printf.c                         0x00000000   Number         0  __printf_wp.o ABSOLUTE
    ../clib/printf.c                         0x00000000   Number         0  __printf_flags_wp.o ABSOLUTE
    ../clib/printf.c                         0x00000000   Number         0  __printf_ss_wp.o ABSOLUTE
    ../clib/printf.c                         0x00000000   Number         0  __printf_flags_ss_wp.o ABSOLUTE
    ../clib/printf_percent.s                 0x00000000   Number         0  _printf_d.o ABSOLUTE
    ../clib/printf_percent.s                 0x00000000   Number         0  _printf_percent.o ABSOLUTE
    ../clib/printf_percent.s                 0x00000000   Number         0  _printf_percent_end.o ABSOLUTE
    ../clib/printf_percent.s                 0x00000000   Number         0  _printf_o.o ABSOLUTE
    ../clib/printf_percent.s                 0x00000000   Number         0  _printf_x.o ABSOLUTE
    ../clib/scanf.c                          0x00000000   Number         0  _chval.o ABSOLUTE
    ../clib/scanf.c                          0x00000000   Number         0  strtol.o ABSOLUTE
    ../clib/scanf.c                          0x00000000   Number         0  _strtoul.o ABSOLUTE
    ../clib/scanf.c                          0x00000000   Number         0  atoi.o ABSOLUTE
    ../clib/signal.c                         0x00000000   Number         0  defsig_fpe_inner.o ABSOLUTE
    ../clib/signal.c                         0x00000000   Number         0  defsig_rtred_inner.o ABSOLUTE
    ../clib/signal.c                         0x00000000   Number         0  defsig_stak_inner.o ABSOLUTE
    ../clib/signal.c                         0x00000000   Number         0  defsig_rtmem_formal.o ABSOLUTE
    ../clib/signal.c                         0x00000000   Number         0  defsig_exit.o ABSOLUTE
    ../clib/signal.c                         0x00000000   Number         0  defsig_pvfn_inner.o ABSOLUTE
    ../clib/signal.c                         0x00000000   Number         0  defsig_cppl_inner.o ABSOLUTE
    ../clib/signal.c                         0x00000000   Number         0  defsig_segv_inner.o ABSOLUTE
    ../clib/signal.c                         0x00000000   Number         0  defsig_rtmem_inner.o ABSOLUTE
    ../clib/signal.c                         0x00000000   Number         0  defsig_other.o ABSOLUTE
    ../clib/signal.c                         0x00000000   Number         0  __raise.o ABSOLUTE
    ../clib/signal.c                         0x00000000   Number         0  defsig_general.o ABSOLUTE
    ../clib/signal.c                         0x00000000   Number         0  defsig_abrt_inner.o ABSOLUTE
    ../clib/signal.c                         0x00000000   Number         0  defsig_rtmem_outer.o ABSOLUTE
    ../clib/signal.s                         0x00000000   Number         0  defsig.o ABSOLUTE
    ../clib/stdio.c                          0x00000000   Number         0  ferror_locked.o ABSOLUTE
    ../clib/stdio.c                          0x00000000   Number         0  ferror.o ABSOLUTE
    ../clib/stdlib.c                         0x00000000   Number         0  exit.o ABSOLUTE
    ../clib/string.c                         0x00000000   Number         0  strlen.o ABSOLUTE
    ../fplib/fpinit.s                        0x00000000   Number         0  fpinit.o ABSOLUTE
    ..\CORE\core_cm3.c                       0x00000000   Number         0  core_cm3.o ABSOLUTE
    ..\CORE\startup_stm32f10x_ld.s           0x00000000   Number         0  startup_stm32f10x_ld.o ABSOLUTE
    ..\HARDWARE\KEY\key.c                    0x00000000   Number         0  key.o ABSOLUTE
    ..\HARDWARE\LED\led.c                    0x00000000   Number         0  led.o ABSOLUTE
    ..\HARDWARE\OLED\OLED.c                  0x00000000   Number         0  oled.o ABSOLUTE
    ..\HARDWARE\OLED_IIC\IIC.c               0x00000000   Number         0  iic.o ABSOLUTE
    ..\HARDWARE\RS485\rs485.c                0x00000000   Number         0  rs485.o ABSOLUTE
    ..\HARDWARE\RTC\rtc.c                    0x00000000   Number         0  rtc.o ABSOLUTE
    ..\HARDWARE\STMFLASH\stmflash.c          0x00000000   Number         0  stmflash.o ABSOLUTE
    ..\STM32F10x_FWLib\src\misc.c            0x00000000   Number         0  misc.o ABSOLUTE
    ..\STM32F10x_FWLib\src\stm32f10x_bkp.c   0x00000000   Number         0  stm32f10x_bkp.o ABSOLUTE
    ..\STM32F10x_FWLib\src\stm32f10x_flash.c 0x00000000   Number         0  stm32f10x_flash.o ABSOLUTE
    ..\STM32F10x_FWLib\src\stm32f10x_fsmc.c  0x00000000   Number         0  stm32f10x_fsmc.o ABSOLUTE
    ..\STM32F10x_FWLib\src\stm32f10x_gpio.c  0x00000000   Number         0  stm32f10x_gpio.o ABSOLUTE
    ..\STM32F10x_FWLib\src\stm32f10x_pwr.c   0x00000000   Number         0  stm32f10x_pwr.o ABSOLUTE
    ..\STM32F10x_FWLib\src\stm32f10x_rcc.c   0x00000000   Number         0  stm32f10x_rcc.o ABSOLUTE
    ..\STM32F10x_FWLib\src\stm32f10x_rtc.c   0x00000000   Number         0  stm32f10x_rtc.o ABSOLUTE
    ..\STM32F10x_FWLib\src\stm32f10x_tim.c   0x00000000   Number         0  stm32f10x_tim.o ABSOLUTE
    ..\STM32F10x_FWLib\src\stm32f10x_usart.c 0x00000000   Number         0  stm32f10x_usart.o ABSOLUTE
    ..\SYSTEM\delay\delay.c                  0x00000000   Number         0  delay.o ABSOLUTE
    ..\SYSTEM\sys\sys.c                      0x00000000   Number         0  sys.o ABSOLUTE
    ..\SYSTEM\usart\usart.c                  0x00000000   Number         0  usart.o ABSOLUTE
    ..\\CORE\\core_cm3.c                     0x00000000   Number         0  core_cm3.o ABSOLUTE
    ..\\SYSTEM\\sys\\sys.c                   0x00000000   Number         0  sys.o ABSOLUTE
    dc.s                                     0x00000000   Number         0  dc.o ABSOLUTE
    main.c                                   0x00000000   Number         0  main.o ABSOLUTE
    stm32f10x_it.c                           0x00000000   Number         0  stm32f10x_it.o ABSOLUTE
    system_stm32f10x.c                       0x00000000   Number         0  system_stm32f10x.o ABSOLUTE
    RESET                                    0x08000000   Section      236  startup_stm32f10x_ld.o(RESET)
    !!!main                                  0x080000ec   Section        8  __main.o(!!!main)
    !!!scatter                               0x080000f4   Section       52  __scatter.o(!!!scatter)
    !!handler_copy                           0x08000128   Section       26  __scatter_copy.o(!!handler_copy)
    !!handler_zi                             0x08000144   Section       28  __scatter_zi.o(!!handler_zi)
    .ARM.Collect$$_printf_percent$$00000000  0x08000160   Section        0  _printf_percent.o(.ARM.Collect$$_printf_percent$$00000000)
    .ARM.Collect$$_printf_percent$$00000009  0x08000160   Section        6  _printf_d.o(.ARM.Collect$$_printf_percent$$00000009)
    .ARM.Collect$$_printf_percent$$0000000B  0x08000166   Section        6  _printf_o.o(.ARM.Collect$$_printf_percent$$0000000B)
    .ARM.Collect$$_printf_percent$$0000000C  0x0800016c   Section        6  _printf_x.o(.ARM.Collect$$_printf_percent$$0000000C)
    .ARM.Collect$$_printf_percent$$00000017  0x08000172   Section        4  _printf_percent_end.o(.ARM.Collect$$_printf_percent$$00000017)
    .ARM.Collect$$libinit$$00000000          0x08000176   Section        2  libinit.o(.ARM.Collect$$libinit$$00000000)
    .ARM.Collect$$libinit$$00000002          0x08000178   Section        0  libinit2.o(.ARM.Collect$$libinit$$00000002)
    .ARM.Collect$$libinit$$00000008          0x08000178   Section        0  libinit2.o(.ARM.Collect$$libinit$$00000008)
    .ARM.Collect$$libinit$$0000000A          0x08000178   Section        0  libinit2.o(.ARM.Collect$$libinit$$0000000A)
    .ARM.Collect$$libinit$$0000000C          0x08000178   Section        0  libinit2.o(.ARM.Collect$$libinit$$0000000C)
    .ARM.Collect$$libinit$$0000000D          0x08000178   Section        6  libinit2.o(.ARM.Collect$$libinit$$0000000D)
    .ARM.Collect$$libinit$$0000000F          0x0800017e   Section        0  libinit2.o(.ARM.Collect$$libinit$$0000000F)
    .ARM.Collect$$libinit$$00000010          0x0800017e   Section       12  libinit2.o(.ARM.Collect$$libinit$$00000010)
    .ARM.Collect$$libinit$$00000011          0x0800018a   Section        0  libinit2.o(.ARM.Collect$$libinit$$00000011)
    .ARM.Collect$$libinit$$00000013          0x0800018a   Section        0  libinit2.o(.ARM.Collect$$libinit$$00000013)
    .ARM.Collect$$libinit$$00000015          0x0800018a   Section        0  libinit2.o(.ARM.Collect$$libinit$$00000015)
    .ARM.Collect$$libinit$$00000017          0x0800018a   Section        0  libinit2.o(.ARM.Collect$$libinit$$00000017)
    .ARM.Collect$$libinit$$00000019          0x0800018a   Section        0  libinit2.o(.ARM.Collect$$libinit$$00000019)
    .ARM.Collect$$libinit$$0000001B          0x0800018a   Section        0  libinit2.o(.ARM.Collect$$libinit$$0000001B)
    .ARM.Collect$$libinit$$0000001D          0x0800018a   Section        0  libinit2.o(.ARM.Collect$$libinit$$0000001D)
    .ARM.Collect$$libinit$$0000001F          0x0800018a   Section        0  libinit2.o(.ARM.Collect$$libinit$$0000001F)
    .ARM.Collect$$libinit$$00000021          0x0800018a   Section        0  libinit2.o(.ARM.Collect$$libinit$$00000021)
    .ARM.Collect$$libinit$$00000023          0x0800018a   Section        0  libinit2.o(.ARM.Collect$$libinit$$00000023)
    .ARM.Collect$$libinit$$0000002A          0x0800018a   Section        0  libinit2.o(.ARM.Collect$$libinit$$0000002A)
    .ARM.Collect$$libinit$$0000002C          0x0800018a   Section        0  libinit2.o(.ARM.Collect$$libinit$$0000002C)
    .ARM.Collect$$libinit$$0000002E          0x0800018a   Section        0  libinit2.o(.ARM.Collect$$libinit$$0000002E)
    .ARM.Collect$$libinit$$00000030          0x0800018a   Section        0  libinit2.o(.ARM.Collect$$libinit$$00000030)
    .ARM.Collect$$libinit$$00000031          0x0800018a   Section        2  libinit2.o(.ARM.Collect$$libinit$$00000031)
    .ARM.Collect$$libshutdown$$00000000      0x0800018c   Section        2  libshutdown.o(.ARM.Collect$$libshutdown$$00000000)
    .ARM.Collect$$libshutdown$$00000003      0x0800018e   Section        0  libshutdown2.o(.ARM.Collect$$libshutdown$$00000003)
    .ARM.Collect$$libshutdown$$00000006      0x0800018e   Section        0  libshutdown2.o(.ARM.Collect$$libshutdown$$00000006)
    .ARM.Collect$$libshutdown$$00000009      0x0800018e   Section        0  libshutdown2.o(.ARM.Collect$$libshutdown$$00000009)
    .ARM.Collect$$libshutdown$$0000000B      0x0800018e   Section        0  libshutdown2.o(.ARM.Collect$$libshutdown$$0000000B)
    .ARM.Collect$$libshutdown$$0000000E      0x0800018e   Section        0  libshutdown2.o(.ARM.Collect$$libshutdown$$0000000E)
    .ARM.Collect$$libshutdown$$0000000F      0x0800018e   Section        2  libshutdown2.o(.ARM.Collect$$libshutdown$$0000000F)
    .ARM.Collect$$rtentry$$00000000          0x08000190   Section        0  rtentry.o(.ARM.Collect$$rtentry$$00000000)
    .ARM.Collect$$rtentry$$00000002          0x08000190   Section        0  rtentry2.o(.ARM.Collect$$rtentry$$00000002)
    .ARM.Collect$$rtentry$$00000004          0x08000190   Section        6  rtentry4.o(.ARM.Collect$$rtentry$$00000004)
    .ARM.Collect$$rtentry$$00000009          0x08000196   Section        0  rtentry2.o(.ARM.Collect$$rtentry$$00000009)
    .ARM.Collect$$rtentry$$0000000A          0x08000196   Section        4  rtentry2.o(.ARM.Collect$$rtentry$$0000000A)
    .ARM.Collect$$rtentry$$0000000C          0x0800019a   Section        0  rtentry2.o(.ARM.Collect$$rtentry$$0000000C)
    .ARM.Collect$$rtentry$$0000000D          0x0800019a   Section        8  rtentry2.o(.ARM.Collect$$rtentry$$0000000D)
    .ARM.Collect$$rtexit$$00000000           0x080001a2   Section        2  rtexit.o(.ARM.Collect$$rtexit$$00000000)
    .ARM.Collect$$rtexit$$00000002           0x080001a4   Section        0  rtexit2.o(.ARM.Collect$$rtexit$$00000002)
    .ARM.Collect$$rtexit$$00000003           0x080001a4   Section        4  rtexit2.o(.ARM.Collect$$rtexit$$00000003)
    .ARM.Collect$$rtexit$$00000004           0x080001a8   Section        6  rtexit2.o(.ARM.Collect$$rtexit$$00000004)
    .text                                    0x080001b0   Section        0  main.o(.text)
    .text                                    0x08000548   Section        0  stm32f10x_it.o(.text)
    .text                                    0x08000564   Section        0  system_stm32f10x.o(.text)
    SetSysClockTo72                          0x08000565   Thumb Code   214  system_stm32f10x.o(.text)
    SetSysClock                              0x0800063b   Thumb Code     8  system_stm32f10x.o(.text)
    .text                                    0x08000744   Section        0  led.o(.text)
    .text                                    0x08000790   Section        0  key.o(.text)
    .text                                    0x08000dfc   Section        0  rs485.o(.text)
    .text                                    0x08000fb0   Section        0  iic.o(.text)
    .text                                    0x08001238   Section        0  oled.o(.text)
    writeCommand                             0x08001239   Thumb Code    44  oled.o(.text)
    setPos                                   0x08001265   Thumb Code    36  oled.o(.text)
    findCNIndex                              0x08001289   Thumb Code    94  oled.o(.text)
    writeData                                0x080012e7   Thumb Code    44  oled.o(.text)
    .text                                    0x080016ac   Section        0  rtc.o(.text)
    RTC_NVIC_Config                          0x080016ad   Thumb Code    32  rtc.o(.text)
    .text                                    0x08001bac   Section        0  stmflash.o(.text)
    .text                                    0x08001cf0   Section        0  delay.o(.text)
    .text                                    0x08001dc4   Section        0  usart.o(.text)
    .text                                    0x08001f04   Section       64  startup_stm32f10x_ld.o(.text)
    .text                                    0x08001f44   Section        0  misc.o(.text)
    .text                                    0x08002020   Section        0  stm32f10x_gpio.o(.text)
    .text                                    0x0800237c   Section        0  stm32f10x_rcc.o(.text)
    .text                                    0x08002720   Section        0  stm32f10x_usart.o(.text)
    .text                                    0x08002b28   Section        0  stm32f10x_flash.o(.text)
    .text                                    0x080030e4   Section        0  stm32f10x_bkp.o(.text)
    .text                                    0x080031a8   Section        0  stm32f10x_rtc.o(.text)
    .text                                    0x080032f0   Section        0  stm32f10x_pwr.o(.text)
    .text                                    0x080033bc   Section        0  stm32f10x_tim.o(.text)
    TI4_Config                               0x08003863   Thumb Code   130  stm32f10x_tim.o(.text)
    TI3_Config                               0x080038f7   Thumb Code   122  stm32f10x_tim.o(.text)
    TI2_Config                               0x0800398b   Thumb Code   130  stm32f10x_tim.o(.text)
    TI1_Config                               0x08003a1f   Thumb Code   108  stm32f10x_tim.o(.text)
    .text                                    0x080041d6   Section        2  use_no_semi_2.o(.text)
    .text                                    0x080041d8   Section        0  noretval__2printf.o(.text)
    .text                                    0x080041f0   Section        0  noretval__2sprintf.o(.text)
    .text                                    0x08004218   Section        0  __printf.o(.text)
    .text                                    0x08004280   Section        0  _printf_dec.o(.text)
    .text                                    0x080042f4   Section        0  _printf_oct_int.o(.text)
    .text                                    0x08004348   Section        0  _printf_hex_int.o(.text)
    .text                                    0x080043a0   Section        0  atoi.o(.text)
    .text                                    0x080043ba   Section        0  strlen.o(.text)
    .text                                    0x080043f8   Section       78  rt_memclr_w.o(.text)
    .text                                    0x08004446   Section        0  heapauxi.o(.text)
    .text                                    0x0800444c   Section        2  use_no_semi.o(.text)
    .text                                    0x08004450   Section        8  rt_errno_addr_intlibspace.o(.text)
    .text                                    0x08004458   Section        0  _printf_intcommon.o(.text)
    .text                                    0x0800450c   Section        0  _printf_char_common.o(.text)
    _printf_input_char                       0x0800450d   Thumb Code    10  _printf_char_common.o(.text)
    .text                                    0x0800453c   Section        0  _sputc.o(.text)
    .text                                    0x08004548   Section        0  _printf_char_file.o(.text)
    .text                                    0x0800456c   Section        0  strtol.o(.text)
    .text                                    0x080045dc   Section        8  libspace.o(.text)
    .text                                    0x080045e4   Section       16  rt_ctype_table.o(.text)
    .text                                    0x080045f4   Section        0  _strtoul.o(.text)
    .text                                    0x08004692   Section        0  ferror.o(.text)
    .text                                    0x0800469a   Section       74  sys_stackheap_outer.o(.text)
    .text                                    0x080046e4   Section        8  rt_locale_intlibspace.o(.text)
    .text                                    0x080046ec   Section        0  _chval.o(.text)
    .text                                    0x08004708   Section        0  exit.o(.text)
    .text                                    0x08004714   Section      128  strcmpv7m.o(.text)
    locale$$code                             0x08004794   Section       44  lc_ctype_c.o(locale$$code)
    .constdata                               0x080047c0   Section     7658  oled.o(.constdata)
    .constdata                               0x080065aa   Section       24  rtc.o(.constdata)
    .constdata                               0x080065c2   Section       40  _printf_hex_int.o(.constdata)
    uc_hextab                                0x080065c2   Data          20  _printf_hex_int.o(.constdata)
    lc_hextab                                0x080065d6   Data          20  _printf_hex_int.o(.constdata)
    locale$$data                             0x0800660c   Section      272  lc_ctype_c.o(locale$$data)
    __lcctype_c_name                         0x08006610   Data           2  lc_ctype_c.o(locale$$data)
    __lcctype_c_start                        0x08006618   Data           0  lc_ctype_c.o(locale$$data)
    __lcctype_c_end                          0x0800671c   Data           0  lc_ctype_c.o(locale$$data)
    .data                                    0x20000000   Section       17  main.o(.data)
    .data                                    0x20000014   Section       20  system_stm32f10x.o(.data)
    .data                                    0x20000028   Section       19  key.o(.data)
    two_second_begin                         0x20000032   Data           1  key.o(.data)
    two_second_count                         0x20000033   Data           1  key.o(.data)
    five_second_begin                        0x20000034   Data           2  key.o(.data)
    five_second_count                        0x20000036   Data           2  key.o(.data)
    inputdata                                0x2000003a   Data           1  key.o(.data)
    .data                                    0x2000003b   Section        7  rs485.o(.data)
    .data                                    0x20000042   Section       46  oled.o(.data)
    .data                                    0x20000070   Section        2  rtc.o(.data)
    daycnt                                   0x20000070   Data           2  rtc.o(.data)
    .data                                    0x20000072   Section        4  delay.o(.data)
    fac_us                                   0x20000072   Data           1  delay.o(.data)
    fac_ms                                   0x20000074   Data           2  delay.o(.data)
    .data                                    0x20000078   Section        6  usart.o(.data)
    .data                                    0x2000007e   Section       20  stm32f10x_rcc.o(.data)
    APBAHBPrescTable                         0x2000007e   Data          16  stm32f10x_rcc.o(.data)
    ADCPrescTable                            0x2000008e   Data           4  stm32f10x_rcc.o(.data)
    .bss                                     0x20000094   Section       16  main.o(.bss)
    .bss                                     0x200000a4   Section       64  rs485.o(.bss)
    .bss                                     0x200000e4   Section       10  rtc.o(.bss)
    .bss                                     0x200000ee   Section     1024  stmflash.o(.bss)
    .bss                                     0x200004ee   Section      200  usart.o(.bss)
    .bss                                     0x200005b8   Section       96  libspace.o(.bss)
    HEAP                                     0x20000618   Section      512  startup_stm32f10x_ld.o(HEAP)
    Heap_Mem                                 0x20000618   Data         512  startup_stm32f10x_ld.o(HEAP)
    STACK                                    0x20000818   Section     1024  startup_stm32f10x_ld.o(STACK)
    Stack_Mem                                0x20000818   Data        1024  startup_stm32f10x_ld.o(STACK)
    __initial_sp                             0x20000c18   Data           0  startup_stm32f10x_ld.o(STACK)

    Global Symbols

    Symbol Name                              Value     Ov Type        Size  Object(Section)

    BuildAttributes$$THM_ISAv4$P$D$K$B$S$PE$A:L22UL41UL21$X:L11$S22US41US21$IEEE1$IW$USESV6$~STKCKD$USESV7$~SHL$OSPACE$ROPI$EBA8$UX$STANDARDLIB$REQ8$PRES8$EABIv2 0x00000000   Number         0  anon$$obj.o ABSOLUTE
    __ARM_use_no_argv                        0x00000000   Number         0  main.o ABSOLUTE
    __ARM_exceptions_init                     - Undefined Weak Reference
    __alloca_initialize                       - Undefined Weak Reference
    __cpp_initialize__aeabi_                  - Undefined Weak Reference
    __cxa_finalize                            - Undefined Weak Reference
    __sigvec_lookup                           - Undefined Weak Reference
    _atexit_init                              - Undefined Weak Reference
    _call_atexit_fns                          - Undefined Weak Reference
    _clock_init                               - Undefined Weak Reference
    _fp_trap_init                             - Undefined Weak Reference
    _fp_trap_shutdown                         - Undefined Weak Reference
    _get_lc_collate                           - Undefined Weak Reference
    _get_lc_monetary                          - Undefined Weak Reference
    _get_lc_numeric                           - Undefined Weak Reference
    _get_lc_time                              - Undefined Weak Reference
    _getenv_init                              - Undefined Weak Reference
    _handle_redirection                       - Undefined Weak Reference
    _init_alloc                               - Undefined Weak Reference
    _init_user_alloc                          - Undefined Weak Reference
    _initio                                   - Undefined Weak Reference
    _mutex_acquire                            - Undefined Weak Reference
    _mutex_release                            - Undefined Weak Reference
    _printf_post_padding                      - Undefined Weak Reference
    _printf_pre_padding                       - Undefined Weak Reference
    _printf_truncate_signed                   - Undefined Weak Reference
    _printf_truncate_unsigned                 - Undefined Weak Reference
    _rand_init                                - Undefined Weak Reference
    _signal_finish                            - Undefined Weak Reference
    _signal_init                              - Undefined Weak Reference
    _terminate_alloc                          - Undefined Weak Reference
    _terminate_user_alloc                     - Undefined Weak Reference
    _terminateio                              - Undefined Weak Reference
    __Vectors_Size                           0x000000ec   Number         0  startup_stm32f10x_ld.o ABSOLUTE
    __Vectors                                0x08000000   Data           4  startup_stm32f10x_ld.o(RESET)
    __Vectors_End                            0x080000ec   Data           0  startup_stm32f10x_ld.o(RESET)
    __main                                   0x080000ed   Thumb Code     8  __main.o(!!!main)
    __scatterload                            0x080000f5   Thumb Code     0  __scatter.o(!!!scatter)
    __scatterload_rt2                        0x080000f5   Thumb Code    44  __scatter.o(!!!scatter)
    __scatterload_rt2_thumb_only             0x080000f5   Thumb Code     0  __scatter.o(!!!scatter)
    __scatterload_null                       0x08000103   Thumb Code     0  __scatter.o(!!!scatter)
    __scatterload_copy                       0x08000129   Thumb Code    26  __scatter_copy.o(!!handler_copy)
    __scatterload_zeroinit                   0x08000145   Thumb Code    28  __scatter_zi.o(!!handler_zi)
    _printf_d                                0x08000161   Thumb Code     0  _printf_d.o(.ARM.Collect$$_printf_percent$$00000009)
    _printf_percent                          0x08000161   Thumb Code     0  _printf_percent.o(.ARM.Collect$$_printf_percent$$00000000)
    _printf_o                                0x08000167   Thumb Code     0  _printf_o.o(.ARM.Collect$$_printf_percent$$0000000B)
    _printf_x                                0x0800016d   Thumb Code     0  _printf_x.o(.ARM.Collect$$_printf_percent$$0000000C)
    _printf_percent_end                      0x08000173   Thumb Code     0  _printf_percent_end.o(.ARM.Collect$$_printf_percent$$00000017)
    __rt_lib_init                            0x08000177   Thumb Code     0  libinit.o(.ARM.Collect$$libinit$$00000000)
    __rt_lib_init_fp_1                       0x08000179   Thumb Code     0  libinit2.o(.ARM.Collect$$libinit$$00000002)
    __rt_lib_init_heap_1                     0x08000179   Thumb Code     0  libinit2.o(.ARM.Collect$$libinit$$00000008)
    __rt_lib_init_lc_common                  0x08000179   Thumb Code     0  libinit2.o(.ARM.Collect$$libinit$$0000000D)
    __rt_lib_init_rand_1                     0x08000179   Thumb Code     0  libinit2.o(.ARM.Collect$$libinit$$0000000C)
    __rt_lib_init_user_alloc_1               0x08000179   Thumb Code     0  libinit2.o(.ARM.Collect$$libinit$$0000000A)
    __rt_lib_init_lc_collate_1               0x0800017f   Thumb Code     0  libinit2.o(.ARM.Collect$$libinit$$0000000F)
    __rt_lib_init_lc_ctype_2                 0x0800017f   Thumb Code     0  libinit2.o(.ARM.Collect$$libinit$$00000010)
    __rt_lib_init_alloca_1                   0x0800018b   Thumb Code     0  libinit2.o(.ARM.Collect$$libinit$$0000002C)
    __rt_lib_init_argv_1                     0x0800018b   Thumb Code     0  libinit2.o(.ARM.Collect$$libinit$$0000002A)
    __rt_lib_init_atexit_1                   0x0800018b   Thumb Code     0  libinit2.o(.ARM.Collect$$libinit$$00000019)
    __rt_lib_init_clock_1                    0x0800018b   Thumb Code     0  libinit2.o(.ARM.Collect$$libinit$$0000001F)
    __rt_lib_init_cpp_1                      0x0800018b   Thumb Code     0  libinit2.o(.ARM.Collect$$libinit$$00000030)
    __rt_lib_init_exceptions_1               0x0800018b   Thumb Code     0  libinit2.o(.ARM.Collect$$libinit$$0000002E)
    __rt_lib_init_fp_trap_1                  0x0800018b   Thumb Code     0  libinit2.o(.ARM.Collect$$libinit$$0000001D)
    __rt_lib_init_getenv_1                   0x0800018b   Thumb Code     0  libinit2.o(.ARM.Collect$$libinit$$00000021)
    __rt_lib_init_lc_ctype_1                 0x0800018b   Thumb Code     0  libinit2.o(.ARM.Collect$$libinit$$00000011)
    __rt_lib_init_lc_monetary_1              0x0800018b   Thumb Code     0  libinit2.o(.ARM.Collect$$libinit$$00000013)
    __rt_lib_init_lc_numeric_1               0x0800018b   Thumb Code     0  libinit2.o(.ARM.Collect$$libinit$$00000015)
    __rt_lib_init_lc_time_1                  0x0800018b   Thumb Code     0  libinit2.o(.ARM.Collect$$libinit$$00000017)
    __rt_lib_init_return                     0x0800018b   Thumb Code     0  libinit2.o(.ARM.Collect$$libinit$$00000031)
    __rt_lib_init_signal_1                   0x0800018b   Thumb Code     0  libinit2.o(.ARM.Collect$$libinit$$0000001B)
    __rt_lib_init_stdio_1                    0x0800018b   Thumb Code     0  libinit2.o(.ARM.Collect$$libinit$$00000023)
    __rt_lib_shutdown                        0x0800018d   Thumb Code     0  libshutdown.o(.ARM.Collect$$libshutdown$$00000000)
    __rt_lib_shutdown_fp_trap_1              0x0800018f   Thumb Code     0  libshutdown2.o(.ARM.Collect$$libshutdown$$00000006)
    __rt_lib_shutdown_heap_1                 0x0800018f   Thumb Code     0  libshutdown2.o(.ARM.Collect$$libshutdown$$0000000E)
    __rt_lib_shutdown_return                 0x0800018f   Thumb Code     0  libshutdown2.o(.ARM.Collect$$libshutdown$$0000000F)
    __rt_lib_shutdown_signal_1               0x0800018f   Thumb Code     0  libshutdown2.o(.ARM.Collect$$libshutdown$$00000009)
    __rt_lib_shutdown_stdio_1                0x0800018f   Thumb Code     0  libshutdown2.o(.ARM.Collect$$libshutdown$$00000003)
    __rt_lib_shutdown_user_alloc_1           0x0800018f   Thumb Code     0  libshutdown2.o(.ARM.Collect$$libshutdown$$0000000B)
    __rt_entry                               0x08000191   Thumb Code     0  rtentry.o(.ARM.Collect$$rtentry$$00000000)
    __rt_entry_presh_1                       0x08000191   Thumb Code     0  rtentry2.o(.ARM.Collect$$rtentry$$00000002)
    __rt_entry_sh                            0x08000191   Thumb Code     0  rtentry4.o(.ARM.Collect$$rtentry$$00000004)
    __rt_entry_li                            0x08000197   Thumb Code     0  rtentry2.o(.ARM.Collect$$rtentry$$0000000A)
    __rt_entry_postsh_1                      0x08000197   Thumb Code     0  rtentry2.o(.ARM.Collect$$rtentry$$00000009)
    __rt_entry_main                          0x0800019b   Thumb Code     0  rtentry2.o(.ARM.Collect$$rtentry$$0000000D)
    __rt_entry_postli_1                      0x0800019b   Thumb Code     0  rtentry2.o(.ARM.Collect$$rtentry$$0000000C)
    __rt_exit                                0x080001a3   Thumb Code     0  rtexit.o(.ARM.Collect$$rtexit$$00000000)
    __rt_exit_ls                             0x080001a5   Thumb Code     0  rtexit2.o(.ARM.Collect$$rtexit$$00000003)
    __rt_exit_prels_1                        0x080001a5   Thumb Code     0  rtexit2.o(.ARM.Collect$$rtexit$$00000002)
    __rt_exit_exit                           0x080001a9   Thumb Code     0  rtexit2.o(.ARM.Collect$$rtexit$$00000004)
    main                                     0x080001b1   Thumb Code   782  main.o(.text)
    NMI_Handler                              0x08000549   Thumb Code     2  stm32f10x_it.o(.text)
    HardFault_Handler                        0x0800054b   Thumb Code     4  stm32f10x_it.o(.text)
    MemManage_Handler                        0x0800054f   Thumb Code     4  stm32f10x_it.o(.text)
    BusFault_Handler                         0x08000553   Thumb Code     4  stm32f10x_it.o(.text)
    UsageFault_Handler                       0x08000557   Thumb Code     4  stm32f10x_it.o(.text)
    SVC_Handler                              0x0800055b   Thumb Code     2  stm32f10x_it.o(.text)
    DebugMon_Handler                         0x0800055d   Thumb Code     2  stm32f10x_it.o(.text)
    PendSV_Handler                           0x0800055f   Thumb Code     2  stm32f10x_it.o(.text)
    SysTick_Handler                          0x08000561   Thumb Code     2  stm32f10x_it.o(.text)
    SystemInit                               0x08000643   Thumb Code    78  system_stm32f10x.o(.text)
    SystemCoreClockUpdate                    0x08000691   Thumb Code   142  system_stm32f10x.o(.text)
    LED_Init                                 0x08000745   Thumb Code    68  led.o(.text)
    Timer3_Init                              0x08000791   Thumb Code    90  key.o(.text)
    KEY_Init                                 0x080007eb   Thumb Code    40  key.o(.text)
    key_event_callback                       0x08000813   Thumb Code    44  key.o(.text)
    GetKeyValue                              0x0800083f   Thumb Code    66  key.o(.text)
    show_savedata                            0x08000881   Thumb Code   380  key.o(.text)
    key_event_hadler                         0x080009fd   Thumb Code   718  key.o(.text)
    TIM3_IRQHandler                          0x08000ccb   Thumb Code   230  key.o(.text)
    USART2_IRQHandler                        0x08000dfd   Thumb Code    50  rs485.o(.text)
    RS485_Init                               0x08000e2f   Thumb Code   216  rs485.o(.text)
    RS485_Send_Data                          0x08000f07   Thumb Code    72  rs485.o(.text)
    RS485_Receive_Data                       0x08000f4f   Thumb Code    68  rs485.o(.text)
    setSDA_IN                                0x08000fb1   Thumb Code    34  iic.o(.text)
    setSDA_OUT                               0x08000fd3   Thumb Code    50  iic.o(.text)
    initIIC                                  0x08001005   Thumb Code    84  iic.o(.text)
    startIIC                                 0x08001059   Thumb Code    60  iic.o(.text)
    stopIIC                                  0x08001095   Thumb Code    60  iic.o(.text)
    sendIICByte                              0x080010d1   Thumb Code    86  iic.o(.text)
    receiveIICByte                           0x08001127   Thumb Code    92  iic.o(.text)
    sendIICAck                               0x08001183   Thumb Code    54  iic.o(.text)
    sendIICNAck                              0x080011b9   Thumb Code    44  iic.o(.text)
    waitAck                                  0x080011e5   Thumb Code    78  iic.o(.text)
    setScreenReverse                         0x08001313   Thumb Code    24  oled.o(.text)
    setScreenDir                             0x0800132b   Thumb Code    34  oled.o(.text)
    setScreenSwtich                          0x0800134d   Thumb Code    22  oled.o(.text)
    initOLED                                 0x08001363   Thumb Code    46  oled.o(.text)
    formatScreen                             0x08001391   Thumb Code    58  oled.o(.text)
    formatScreenTwo                          0x080013cb   Thumb Code    66  oled.o(.text)
    showChar                                 0x0800140d   Thumb Code   150  oled.o(.text)
    showString                               0x080014a3   Thumb Code    42  oled.o(.text)
    showNumber                               0x080014cd   Thumb Code   152  oled.o(.text)
    showCNString                             0x08001565   Thumb Code   146  oled.o(.text)
    showImage                                0x080015f7   Thumb Code   134  oled.o(.text)
    RTC_Get_Week                             0x080016cd   Thumb Code   116  rtc.o(.text)
    Is_Leap_Year                             0x08001741   Thumb Code    58  rtc.o(.text)
    RTC_Get                                  0x0800177b   Thumb Code   240  rtc.o(.text)
    RTC_Set                                  0x0800186b   Thumb Code   184  rtc.o(.text)
    RTC_Init                                 0x08001923   Thumb Code   160  rtc.o(.text)
    RTC_IRQHandler                           0x080019c3   Thumb Code   232  rtc.o(.text)
    RTC_Alarm_Set                            0x08001aab   Thumb Code   258  rtc.o(.text)
    STMFLASH_ReadHalfWord                    0x08001bad   Thumb Code     6  stmflash.o(.text)
    STMFLASH_Write_NoCheck                   0x08001bb3   Thumb Code    38  stmflash.o(.text)
    STMFLASH_Read                            0x08001bd9   Thumb Code    34  stmflash.o(.text)
    STMFLASH_Write                           0x08001bfb   Thumb Code   222  stmflash.o(.text)
    Test_Write                               0x08001cd9   Thumb Code    16  stmflash.o(.text)
    delay_init                               0x08001cf1   Thumb Code    50  delay.o(.text)
    delay_us                                 0x08001d23   Thumb Code    72  delay.o(.text)
    delay_ms                                 0x08001d6b   Thumb Code    72  delay.o(.text)
    _sys_exit                                0x08001dc5   Thumb Code     4  usart.o(.text)
    fputc                                    0x08001dc9   Thumb Code    24  usart.o(.text)
    uart_init                                0x08001de1   Thumb Code   152  usart.o(.text)
    USART1_IRQHandler                        0x08001e79   Thumb Code   122  usart.o(.text)
    Reset_Handler                            0x08001f05   Thumb Code     8  startup_stm32f10x_ld.o(.text)
    ADC1_2_IRQHandler                        0x08001f1f   Thumb Code     0  startup_stm32f10x_ld.o(.text)
    CAN1_RX1_IRQHandler                      0x08001f1f   Thumb Code     0  startup_stm32f10x_ld.o(.text)
    CAN1_SCE_IRQHandler                      0x08001f1f   Thumb Code     0  startup_stm32f10x_ld.o(.text)
    DMA1_Channel1_IRQHandler                 0x08001f1f   Thumb Code     0  startup_stm32f10x_ld.o(.text)
    DMA1_Channel2_IRQHandler                 0x08001f1f   Thumb Code     0  startup_stm32f10x_ld.o(.text)
    DMA1_Channel3_IRQHandler                 0x08001f1f   Thumb Code     0  startup_stm32f10x_ld.o(.text)
    DMA1_Channel4_IRQHandler                 0x08001f1f   Thumb Code     0  startup_stm32f10x_ld.o(.text)
    DMA1_Channel5_IRQHandler                 0x08001f1f   Thumb Code     0  startup_stm32f10x_ld.o(.text)
    DMA1_Channel6_IRQHandler                 0x08001f1f   Thumb Code     0  startup_stm32f10x_ld.o(.text)
    DMA1_Channel7_IRQHandler                 0x08001f1f   Thumb Code     0  startup_stm32f10x_ld.o(.text)
    EXTI0_IRQHandler                         0x08001f1f   Thumb Code     0  startup_stm32f10x_ld.o(.text)
    EXTI15_10_IRQHandler                     0x08001f1f   Thumb Code     0  startup_stm32f10x_ld.o(.text)
    EXTI1_IRQHandler                         0x08001f1f   Thumb Code     0  startup_stm32f10x_ld.o(.text)
    EXTI2_IRQHandler                         0x08001f1f   Thumb Code     0  startup_stm32f10x_ld.o(.text)
    EXTI3_IRQHandler                         0x08001f1f   Thumb Code     0  startup_stm32f10x_ld.o(.text)
    EXTI4_IRQHandler                         0x08001f1f   Thumb Code     0  startup_stm32f10x_ld.o(.text)
    EXTI9_5_IRQHandler                       0x08001f1f   Thumb Code     0  startup_stm32f10x_ld.o(.text)
    FLASH_IRQHandler                         0x08001f1f   Thumb Code     0  startup_stm32f10x_ld.o(.text)
    I2C1_ER_IRQHandler                       0x08001f1f   Thumb Code     0  startup_stm32f10x_ld.o(.text)
    I2C1_EV_IRQHandler                       0x08001f1f   Thumb Code     0  startup_stm32f10x_ld.o(.text)
    PVD_IRQHandler                           0x08001f1f   Thumb Code     0  startup_stm32f10x_ld.o(.text)
    RCC_IRQHandler                           0x08001f1f   Thumb Code     0  startup_stm32f10x_ld.o(.text)
    RTCAlarm_IRQHandler                      0x08001f1f   Thumb Code     0  startup_stm32f10x_ld.o(.text)
    SPI1_IRQHandler                          0x08001f1f   Thumb Code     0  startup_stm32f10x_ld.o(.text)
    TAMPER_IRQHandler                        0x08001f1f   Thumb Code     0  startup_stm32f10x_ld.o(.text)
    TIM1_BRK_IRQHandler                      0x08001f1f   Thumb Code     0  startup_stm32f10x_ld.o(.text)
    TIM1_CC_IRQHandler                       0x08001f1f   Thumb Code     0  startup_stm32f10x_ld.o(.text)
    TIM1_TRG_COM_IRQHandler                  0x08001f1f   Thumb Code     0  startup_stm32f10x_ld.o(.text)
    TIM1_UP_IRQHandler                       0x08001f1f   Thumb Code     0  startup_stm32f10x_ld.o(.text)
    TIM2_IRQHandler                          0x08001f1f   Thumb Code     0  startup_stm32f10x_ld.o(.text)
    USBWakeUp_IRQHandler                     0x08001f1f   Thumb Code     0  startup_stm32f10x_ld.o(.text)
    USB_HP_CAN1_TX_IRQHandler                0x08001f1f   Thumb Code     0  startup_stm32f10x_ld.o(.text)
    USB_LP_CAN1_RX0_IRQHandler               0x08001f1f   Thumb Code     0  startup_stm32f10x_ld.o(.text)
    WWDG_IRQHandler                          0x08001f1f   Thumb Code     0  startup_stm32f10x_ld.o(.text)
    __user_initial_stackheap                 0x08001f21   Thumb Code     0  startup_stm32f10x_ld.o(.text)
    NVIC_PriorityGroupConfig                 0x08001f45   Thumb Code    10  misc.o(.text)
    NVIC_Init                                0x08001f4f   Thumb Code   100  misc.o(.text)
    NVIC_SetVectorTable                      0x08001fb3   Thumb Code    14  misc.o(.text)
    NVIC_SystemLPConfig                      0x08001fc1   Thumb Code    34  misc.o(.text)
    SysTick_CLKSourceConfig                  0x08001fe3   Thumb Code    40  misc.o(.text)
    GPIO_DeInit                              0x08002021   Thumb Code   172  stm32f10x_gpio.o(.text)
    GPIO_AFIODeInit                          0x080020cd   Thumb Code    20  stm32f10x_gpio.o(.text)
    GPIO_Init                                0x080020e1   Thumb Code   278  stm32f10x_gpio.o(.text)
    GPIO_StructInit                          0x080021f7   Thumb Code    16  stm32f10x_gpio.o(.text)
    GPIO_ReadInputDataBit                    0x08002207   Thumb Code    18  stm32f10x_gpio.o(.text)
    GPIO_ReadInputData                       0x08002219   Thumb Code     8  stm32f10x_gpio.o(.text)
    GPIO_ReadOutputDataBit                   0x08002221   Thumb Code    18  stm32f10x_gpio.o(.text)
    GPIO_ReadOutputData                      0x08002233   Thumb Code     8  stm32f10x_gpio.o(.text)
    GPIO_SetBits                             0x0800223b   Thumb Code     4  stm32f10x_gpio.o(.text)
    GPIO_ResetBits                           0x0800223f   Thumb Code     4  stm32f10x_gpio.o(.text)
    GPIO_WriteBit                            0x08002243   Thumb Code    10  stm32f10x_gpio.o(.text)
    GPIO_Write                               0x0800224d   Thumb Code     4  stm32f10x_gpio.o(.text)
    GPIO_PinLockConfig                       0x08002251   Thumb Code    18  stm32f10x_gpio.o(.text)
    GPIO_EventOutputConfig                   0x08002263   Thumb Code    26  stm32f10x_gpio.o(.text)
    GPIO_EventOutputCmd                      0x0800227d   Thumb Code     6  stm32f10x_gpio.o(.text)
    GPIO_PinRemapConfig                      0x08002283   Thumb Code   138  stm32f10x_gpio.o(.text)
    GPIO_EXTILineConfig                      0x0800230d   Thumb Code    66  stm32f10x_gpio.o(.text)
    GPIO_ETH_MediaInterfaceConfig            0x0800234f   Thumb Code     8  stm32f10x_gpio.o(.text)
    RCC_DeInit                               0x0800237d   Thumb Code    64  stm32f10x_rcc.o(.text)
    RCC_HSEConfig                            0x080023bd   Thumb Code    70  stm32f10x_rcc.o(.text)
    RCC_GetFlagStatus                        0x08002403   Thumb Code    56  stm32f10x_rcc.o(.text)
    RCC_WaitForHSEStartUp                    0x0800243b   Thumb Code    56  stm32f10x_rcc.o(.text)
    RCC_AdjustHSICalibrationValue            0x08002473   Thumb Code    20  stm32f10x_rcc.o(.text)
    RCC_HSICmd                               0x08002487   Thumb Code     6  stm32f10x_rcc.o(.text)
    RCC_PLLConfig                            0x0800248d   Thumb Code    24  stm32f10x_rcc.o(.text)
    RCC_PLLCmd                               0x080024a5   Thumb Code     6  stm32f10x_rcc.o(.text)
    RCC_SYSCLKConfig                         0x080024ab   Thumb Code    18  stm32f10x_rcc.o(.text)
    RCC_GetSYSCLKSource                      0x080024bd   Thumb Code    10  stm32f10x_rcc.o(.text)
    RCC_HCLKConfig                           0x080024c7   Thumb Code    18  stm32f10x_rcc.o(.text)
    RCC_PCLK1Config                          0x080024d9   Thumb Code    18  stm32f10x_rcc.o(.text)
    RCC_PCLK2Config                          0x080024eb   Thumb Code    20  stm32f10x_rcc.o(.text)
    RCC_ITConfig                             0x080024ff   Thumb Code    26  stm32f10x_rcc.o(.text)
    RCC_USBCLKConfig                         0x08002519   Thumb Code     8  stm32f10x_rcc.o(.text)
    RCC_ADCCLKConfig                         0x08002521   Thumb Code    18  stm32f10x_rcc.o(.text)
    RCC_LSEConfig                            0x08002533   Thumb Code    50  stm32f10x_rcc.o(.text)
    RCC_LSICmd                               0x08002565   Thumb Code     6  stm32f10x_rcc.o(.text)
    RCC_RTCCLKConfig                         0x0800256b   Thumb Code    12  stm32f10x_rcc.o(.text)
    RCC_RTCCLKCmd                            0x08002577   Thumb Code     8  stm32f10x_rcc.o(.text)
    RCC_GetClocksFreq                        0x0800257f   Thumb Code   192  stm32f10x_rcc.o(.text)
    RCC_AHBPeriphClockCmd                    0x0800263f   Thumb Code    26  stm32f10x_rcc.o(.text)
    RCC_APB2PeriphClockCmd                   0x08002659   Thumb Code    26  stm32f10x_rcc.o(.text)
    RCC_APB1PeriphClockCmd                   0x08002673   Thumb Code    26  stm32f10x_rcc.o(.text)
    RCC_APB2PeriphResetCmd                   0x0800268d   Thumb Code    26  stm32f10x_rcc.o(.text)
    RCC_APB1PeriphResetCmd                   0x080026a7   Thumb Code    26  stm32f10x_rcc.o(.text)
    RCC_BackupResetCmd                       0x080026c1   Thumb Code     8  stm32f10x_rcc.o(.text)
    RCC_ClockSecuritySystemCmd               0x080026c9   Thumb Code     6  stm32f10x_rcc.o(.text)
    RCC_MCOConfig                            0x080026cf   Thumb Code     6  stm32f10x_rcc.o(.text)
    RCC_ClearFlag                            0x080026d5   Thumb Code    14  stm32f10x_rcc.o(.text)
    RCC_GetITStatus                          0x080026e3   Thumb Code    20  stm32f10x_rcc.o(.text)
    RCC_ClearITPendingBit                    0x080026f7   Thumb Code     6  stm32f10x_rcc.o(.text)
    USART_DeInit                             0x08002721   Thumb Code   134  stm32f10x_usart.o(.text)
    USART_Init                               0x080027a7   Thumb Code   210  stm32f10x_usart.o(.text)
    USART_StructInit                         0x08002879   Thumb Code    24  stm32f10x_usart.o(.text)
    USART_ClockInit                          0x08002891   Thumb Code    34  stm32f10x_usart.o(.text)
    USART_ClockStructInit                    0x080028b3   Thumb Code    12  stm32f10x_usart.o(.text)
    USART_Cmd                                0x080028bf   Thumb Code    24  stm32f10x_usart.o(.text)
    USART_ITConfig                           0x080028d7   Thumb Code    74  stm32f10x_usart.o(.text)
    USART_DMACmd                             0x08002921   Thumb Code    18  stm32f10x_usart.o(.text)
    USART_SetAddress                         0x08002933   Thumb Code    18  stm32f10x_usart.o(.text)
    USART_WakeUpConfig                       0x08002945   Thumb Code    18  stm32f10x_usart.o(.text)
    USART_ReceiverWakeUpCmd                  0x08002957   Thumb Code    24  stm32f10x_usart.o(.text)
    USART_LINBreakDetectLengthConfig         0x0800296f   Thumb Code    18  stm32f10x_usart.o(.text)
    USART_LINCmd                             0x08002981   Thumb Code    24  stm32f10x_usart.o(.text)
    USART_SendData                           0x08002999   Thumb Code     8  stm32f10x_usart.o(.text)
    USART_ReceiveData                        0x080029a1   Thumb Code    10  stm32f10x_usart.o(.text)
    USART_SendBreak                          0x080029ab   Thumb Code    10  stm32f10x_usart.o(.text)
    USART_SetGuardTime                       0x080029b5   Thumb Code    16  stm32f10x_usart.o(.text)
    USART_SetPrescaler                       0x080029c5   Thumb Code    16  stm32f10x_usart.o(.text)
    USART_SmartCardCmd                       0x080029d5   Thumb Code    24  stm32f10x_usart.o(.text)
    USART_SmartCardNACKCmd                   0x080029ed   Thumb Code    24  stm32f10x_usart.o(.text)
    USART_HalfDuplexCmd                      0x08002a05   Thumb Code    24  stm32f10x_usart.o(.text)
    USART_OverSampling8Cmd                   0x08002a1d   Thumb Code    22  stm32f10x_usart.o(.text)
    USART_OneBitMethodCmd                    0x08002a33   Thumb Code    24  stm32f10x_usart.o(.text)
    USART_IrDAConfig                         0x08002a4b   Thumb Code    18  stm32f10x_usart.o(.text)
    USART_IrDACmd                            0x08002a5d   Thumb Code    24  stm32f10x_usart.o(.text)
    USART_GetFlagStatus                      0x08002a75   Thumb Code    26  stm32f10x_usart.o(.text)
    USART_ClearFlag                          0x08002a8f   Thumb Code    18  stm32f10x_usart.o(.text)
    USART_GetITStatus                        0x08002aa1   Thumb Code    84  stm32f10x_usart.o(.text)
    USART_ClearITPendingBit                  0x08002af5   Thumb Code    52  stm32f10x_usart.o(.text)
    FLASH_SetLatency                         0x08002b29   Thumb Code    18  stm32f10x_flash.o(.text)
    FLASH_HalfCycleAccessCmd                 0x08002b3b   Thumb Code    22  stm32f10x_flash.o(.text)
    FLASH_PrefetchBufferCmd                  0x08002b51   Thumb Code    22  stm32f10x_flash.o(.text)
    FLASH_Unlock                             0x08002b67   Thumb Code    12  stm32f10x_flash.o(.text)
    FLASH_UnlockBank1                        0x08002b73   Thumb Code    12  stm32f10x_flash.o(.text)
    FLASH_Lock                               0x08002b7f   Thumb Code    14  stm32f10x_flash.o(.text)
    FLASH_LockBank1                          0x08002b8d   Thumb Code    14  stm32f10x_flash.o(.text)
    FLASH_GetBank1Status                     0x08002b9b   Thumb Code    48  stm32f10x_flash.o(.text)
    FLASH_WaitForLastOperation               0x08002bcb   Thumb Code    38  stm32f10x_flash.o(.text)
    FLASH_ErasePage                          0x08002bf1   Thumb Code    72  stm32f10x_flash.o(.text)
    FLASH_EraseAllPages                      0x08002c39   Thumb Code    68  stm32f10x_flash.o(.text)
    FLASH_WaitForLastBank1Operation          0x08002c7d   Thumb Code    38  stm32f10x_flash.o(.text)
    FLASH_EraseAllBank1Pages                 0x08002ca3   Thumb Code    68  stm32f10x_flash.o(.text)
    FLASH_GetReadOutProtectionStatus         0x08002ce7   Thumb Code    20  stm32f10x_flash.o(.text)
    FLASH_EraseOptionBytes                   0x08002cfb   Thumb Code   150  stm32f10x_flash.o(.text)
    FLASH_ProgramWord                        0x08002d91   Thumb Code   102  stm32f10x_flash.o(.text)
    FLASH_ProgramHalfWord                    0x08002df7   Thumb Code    60  stm32f10x_flash.o(.text)
    FLASH_ProgramOptionByteData              0x08002e33   Thumb Code    72  stm32f10x_flash.o(.text)
    FLASH_EnableWriteProtection              0x08002e7b   Thumb Code   200  stm32f10x_flash.o(.text)
    FLASH_ReadOutProtection                  0x08002f43   Thumb Code   156  stm32f10x_flash.o(.text)
    FLASH_UserOptionByteConfig               0x08002fdf   Thumb Code    88  stm32f10x_flash.o(.text)
    FLASH_GetUserOptionByte                  0x08003037   Thumb Code     8  stm32f10x_flash.o(.text)
    FLASH_GetWriteProtectionOptionByte       0x0800303f   Thumb Code     6  stm32f10x_flash.o(.text)
    FLASH_GetPrefetchBufferStatus            0x08003045   Thumb Code    20  stm32f10x_flash.o(.text)
    FLASH_ITConfig                           0x08003059   Thumb Code    26  stm32f10x_flash.o(.text)
    FLASH_GetFlagStatus                      0x08003073   Thumb Code    42  stm32f10x_flash.o(.text)
    FLASH_ClearFlag                          0x0800309d   Thumb Code     6  stm32f10x_flash.o(.text)
    FLASH_GetStatus                          0x080030a3   Thumb Code    48  stm32f10x_flash.o(.text)
    BKP_DeInit                               0x080030e5   Thumb Code    16  stm32f10x_bkp.o(.text)
    BKP_TamperPinLevelConfig                 0x080030f5   Thumb Code     6  stm32f10x_bkp.o(.text)
    BKP_TamperPinCmd                         0x080030fb   Thumb Code     8  stm32f10x_bkp.o(.text)
    BKP_ITConfig                             0x08003103   Thumb Code     8  stm32f10x_bkp.o(.text)
    BKP_RTCOutputConfig                      0x0800310b   Thumb Code    22  stm32f10x_bkp.o(.text)
    BKP_SetRTCCalibrationValue               0x08003121   Thumb Code    22  stm32f10x_bkp.o(.text)
    BKP_WriteBackupRegister                  0x08003137   Thumb Code    24  stm32f10x_bkp.o(.text)
    BKP_ReadBackupRegister                   0x0800314f   Thumb Code    26  stm32f10x_bkp.o(.text)
    BKP_GetFlagStatus                        0x08003169   Thumb Code    10  stm32f10x_bkp.o(.text)
    BKP_ClearFlag                            0x08003173   Thumb Code    18  stm32f10x_bkp.o(.text)
    BKP_GetITStatus                          0x08003185   Thumb Code    10  stm32f10x_bkp.o(.text)
    BKP_ClearITPendingBit                    0x0800318f   Thumb Code    18  stm32f10x_bkp.o(.text)
    RTC_ITConfig                             0x080031a9   Thumb Code    26  stm32f10x_rtc.o(.text)
    RTC_EnterConfigMode                      0x080031c3   Thumb Code    18  stm32f10x_rtc.o(.text)
    RTC_ExitConfigMode                       0x080031d5   Thumb Code    20  stm32f10x_rtc.o(.text)
    RTC_GetCounter                           0x080031e9   Thumb Code    18  stm32f10x_rtc.o(.text)
    RTC_SetCounter                           0x080031fb   Thumb Code    26  stm32f10x_rtc.o(.text)
    RTC_SetPrescaler                         0x08003215   Thumb Code    28  stm32f10x_rtc.o(.text)
    RTC_SetAlarm                             0x08003231   Thumb Code    26  stm32f10x_rtc.o(.text)
    RTC_GetDivider                           0x0800324b   Thumb Code    22  stm32f10x_rtc.o(.text)
    RTC_WaitForLastTask                      0x08003261   Thumb Code    18  stm32f10x_rtc.o(.text)
    RTC_WaitForSynchro                       0x08003273   Thumb Code    36  stm32f10x_rtc.o(.text)
    RTC_GetFlagStatus                        0x08003297   Thumb Code    22  stm32f10x_rtc.o(.text)
    RTC_ClearFlag                            0x080032ad   Thumb Code    16  stm32f10x_rtc.o(.text)
    RTC_GetITStatus                          0x080032bd   Thumb Code    32  stm32f10x_rtc.o(.text)
    RTC_ClearITPendingBit                    0x080032dd   Thumb Code    16  stm32f10x_rtc.o(.text)
    PWR_DeInit                               0x080032f1   Thumb Code    22  stm32f10x_pwr.o(.text)
    PWR_BackupAccessCmd                      0x08003307   Thumb Code     6  stm32f10x_pwr.o(.text)
    PWR_PVDCmd                               0x0800330d   Thumb Code     6  stm32f10x_pwr.o(.text)
    PWR_PVDLevelConfig                       0x08003313   Thumb Code    18  stm32f10x_pwr.o(.text)
    PWR_WakeUpPinCmd                         0x08003325   Thumb Code     8  stm32f10x_pwr.o(.text)
    PWR_EnterSTOPMode                        0x0800332d   Thumb Code    54  stm32f10x_pwr.o(.text)
    PWR_EnterSTANDBYMode                     0x08003363   Thumb Code    42  stm32f10x_pwr.o(.text)
    PWR_GetFlagStatus                        0x0800338d   Thumb Code    20  stm32f10x_pwr.o(.text)
    PWR_ClearFlag                            0x080033a1   Thumb Code    14  stm32f10x_pwr.o(.text)
    TIM_DeInit                               0x080033bd   Thumb Code   424  stm32f10x_tim.o(.text)
    TIM_TimeBaseInit                         0x08003565   Thumb Code   122  stm32f10x_tim.o(.text)
    TIM_OC1Init                              0x080035df   Thumb Code   132  stm32f10x_tim.o(.text)
    TIM_OC2Init                              0x08003663   Thumb Code   154  stm32f10x_tim.o(.text)
    TIM_OC3Init                              0x080036fd   Thumb Code   150  stm32f10x_tim.o(.text)
    TIM_OC4Init                              0x08003793   Thumb Code   182  stm32f10x_tim.o(.text)
    TIM_SetIC4Prescaler                      0x08003849   Thumb Code    26  stm32f10x_tim.o(.text)
    TIM_SetIC3Prescaler                      0x080038e5   Thumb Code    18  stm32f10x_tim.o(.text)
    TIM_SetIC2Prescaler                      0x08003971   Thumb Code    26  stm32f10x_tim.o(.text)
    TIM_SetIC1Prescaler                      0x08003a0d   Thumb Code    18  stm32f10x_tim.o(.text)
    TIM_ICInit                               0x08003a8b   Thumb Code   150  stm32f10x_tim.o(.text)
    TIM_PWMIConfig                           0x08003b21   Thumb Code   124  stm32f10x_tim.o(.text)
    TIM_BDTRConfig                           0x08003b9d   Thumb Code    32  stm32f10x_tim.o(.text)
    TIM_TimeBaseStructInit                   0x08003bbd   Thumb Code    18  stm32f10x_tim.o(.text)
    TIM_OCStructInit                         0x08003bcf   Thumb Code    20  stm32f10x_tim.o(.text)
    TIM_ICStructInit                         0x08003be3   Thumb Code    18  stm32f10x_tim.o(.text)
    TIM_BDTRStructInit                       0x08003bf5   Thumb Code    40  stm32f10x_tim.o(.text)
    TIM_Cmd                                  0x08003c1d   Thumb Code    24  stm32f10x_tim.o(.text)
    TIM_CtrlPWMOutputs                       0x08003c35   Thumb Code    30  stm32f10x_tim.o(.text)
    TIM_ITConfig                             0x08003c53   Thumb Code    18  stm32f10x_tim.o(.text)
    TIM_GenerateEvent                        0x08003c65   Thumb Code     4  stm32f10x_tim.o(.text)
    TIM_DMAConfig                            0x08003c69   Thumb Code    10  stm32f10x_tim.o(.text)
    TIM_DMACmd                               0x08003c73   Thumb Code    18  stm32f10x_tim.o(.text)
    TIM_InternalClockConfig                  0x08003c85   Thumb Code    12  stm32f10x_tim.o(.text)
    TIM_SelectInputTrigger                   0x08003c91   Thumb Code    18  stm32f10x_tim.o(.text)
    TIM_ITRxExternalClockConfig              0x08003ca3   Thumb Code    24  stm32f10x_tim.o(.text)
    TIM_TIxExternalClockConfig               0x08003cbb   Thumb Code    62  stm32f10x_tim.o(.text)
    TIM_ETRConfig                            0x08003cf9   Thumb Code    28  stm32f10x_tim.o(.text)
    TIM_ETRClockMode1Config                  0x08003d15   Thumb Code    54  stm32f10x_tim.o(.text)
    TIM_ETRClockMode2Config                  0x08003d4b   Thumb Code    32  stm32f10x_tim.o(.text)
    TIM_PrescalerConfig                      0x08003d6b   Thumb Code     6  stm32f10x_tim.o(.text)
    TIM_CounterModeConfig                    0x08003d71   Thumb Code    18  stm32f10x_tim.o(.text)
    TIM_EncoderInterfaceConfig               0x08003d83   Thumb Code    66  stm32f10x_tim.o(.text)
    TIM_ForcedOC1Config                      0x08003dc5   Thumb Code    18  stm32f10x_tim.o(.text)
    TIM_ForcedOC2Config                      0x08003dd7   Thumb Code    26  stm32f10x_tim.o(.text)
    TIM_ForcedOC3Config                      0x08003df1   Thumb Code    18  stm32f10x_tim.o(.text)
    TIM_ForcedOC4Config                      0x08003e03   Thumb Code    26  stm32f10x_tim.o(.text)
    TIM_ARRPreloadConfig                     0x08003e1d   Thumb Code    24  stm32f10x_tim.o(.text)
    TIM_SelectCOM                            0x08003e35   Thumb Code    24  stm32f10x_tim.o(.text)
    TIM_SelectCCDMA                          0x08003e4d   Thumb Code    24  stm32f10x_tim.o(.text)
    TIM_CCPreloadControl                     0x08003e65   Thumb Code    24  stm32f10x_tim.o(.text)
    TIM_OC1PreloadConfig                     0x08003e7d   Thumb Code    18  stm32f10x_tim.o(.text)
    TIM_OC2PreloadConfig                     0x08003e8f   Thumb Code    26  stm32f10x_tim.o(.text)
    TIM_OC3PreloadConfig                     0x08003ea9   Thumb Code    18  stm32f10x_tim.o(.text)
    TIM_OC4PreloadConfig                     0x08003ebb   Thumb Code    26  stm32f10x_tim.o(.text)
    TIM_OC1FastConfig                        0x08003ed5   Thumb Code    18  stm32f10x_tim.o(.text)
    TIM_OC2FastConfig                        0x08003ee7   Thumb Code    26  stm32f10x_tim.o(.text)
    TIM_OC3FastConfig                        0x08003f01   Thumb Code    18  stm32f10x_tim.o(.text)
    TIM_OC4FastConfig                        0x08003f13   Thumb Code    26  stm32f10x_tim.o(.text)
    TIM_ClearOC1Ref                          0x08003f2d   Thumb Code    18  stm32f10x_tim.o(.text)
    TIM_ClearOC2Ref                          0x08003f3f   Thumb Code    24  stm32f10x_tim.o(.text)
    TIM_ClearOC3Ref                          0x08003f57   Thumb Code    18  stm32f10x_tim.o(.text)
    TIM_ClearOC4Ref                          0x08003f69   Thumb Code    24  stm32f10x_tim.o(.text)
    TIM_OC1PolarityConfig                    0x08003f81   Thumb Code    18  stm32f10x_tim.o(.text)
    TIM_OC1NPolarityConfig                   0x08003f93   Thumb Code    18  stm32f10x_tim.o(.text)
    TIM_OC2PolarityConfig                    0x08003fa5   Thumb Code    26  stm32f10x_tim.o(.text)
    TIM_OC2NPolarityConfig                   0x08003fbf   Thumb Code    26  stm32f10x_tim.o(.text)
    TIM_OC3PolarityConfig                    0x08003fd9   Thumb Code    26  stm32f10x_tim.o(.text)
    TIM_OC3NPolarityConfig                   0x08003ff3   Thumb Code    26  stm32f10x_tim.o(.text)
    TIM_OC4PolarityConfig                    0x0800400d   Thumb Code    26  stm32f10x_tim.o(.text)
    TIM_CCxCmd                               0x08004027   Thumb Code    30  stm32f10x_tim.o(.text)
    TIM_CCxNCmd                              0x08004045   Thumb Code    30  stm32f10x_tim.o(.text)
    TIM_SelectOCxM                           0x08004063   Thumb Code    82  stm32f10x_tim.o(.text)
    TIM_UpdateDisableConfig                  0x080040b5   Thumb Code    24  stm32f10x_tim.o(.text)
    TIM_UpdateRequestConfig                  0x080040cd   Thumb Code    24  stm32f10x_tim.o(.text)
    TIM_SelectHallSensor                     0x080040e5   Thumb Code    24  stm32f10x_tim.o(.text)
    TIM_SelectOnePulseMode                   0x080040fd   Thumb Code    18  stm32f10x_tim.o(.text)
    TIM_SelectOutputTrigger                  0x0800410f   Thumb Code    18  stm32f10x_tim.o(.text)
    TIM_SelectSlaveMode                      0x08004121   Thumb Code    18  stm32f10x_tim.o(.text)
    TIM_SelectMasterSlaveMode                0x08004133   Thumb Code    18  stm32f10x_tim.o(.text)
    TIM_SetCounter                           0x08004145   Thumb Code     4  stm32f10x_tim.o(.text)
    TIM_SetAutoreload                        0x08004149   Thumb Code     4  stm32f10x_tim.o(.text)
    TIM_SetCompare1                          0x0800414d   Thumb Code     4  stm32f10x_tim.o(.text)
    TIM_SetCompare2                          0x08004151   Thumb Code     4  stm32f10x_tim.o(.text)
    TIM_SetCompare3                          0x08004155   Thumb Code     4  stm32f10x_tim.o(.text)
    TIM_SetCompare4                          0x08004159   Thumb Code     6  stm32f10x_tim.o(.text)
    TIM_SetClockDivision                     0x0800415f   Thumb Code    18  stm32f10x_tim.o(.text)
    TIM_GetCapture1                          0x08004171   Thumb Code     6  stm32f10x_tim.o(.text)
    TIM_GetCapture2                          0x08004177   Thumb Code     6  stm32f10x_tim.o(.text)
    TIM_GetCapture3                          0x0800417d   Thumb Code     6  stm32f10x_tim.o(.text)
    TIM_GetCapture4                          0x08004183   Thumb Code     8  stm32f10x_tim.o(.text)
    TIM_GetCounter                           0x0800418b   Thumb Code     6  stm32f10x_tim.o(.text)
    TIM_GetPrescaler                         0x08004191   Thumb Code     6  stm32f10x_tim.o(.text)
    TIM_GetFlagStatus                        0x08004197   Thumb Code    18  stm32f10x_tim.o(.text)
    TIM_ClearFlag                            0x080041a9   Thumb Code     6  stm32f10x_tim.o(.text)
    TIM_GetITStatus                          0x080041af   Thumb Code    34  stm32f10x_tim.o(.text)
    TIM_ClearITPendingBit                    0x080041d1   Thumb Code     6  stm32f10x_tim.o(.text)
    __use_no_semihosting                     0x080041d7   Thumb Code     2  use_no_semi_2.o(.text)
    __2printf                                0x080041d9   Thumb Code    20  noretval__2printf.o(.text)
    __2sprintf                               0x080041f1   Thumb Code    34  noretval__2sprintf.o(.text)
    __printf                                 0x08004219   Thumb Code   104  __printf.o(.text)
    _printf_int_dec                          0x08004281   Thumb Code   100  _printf_dec.o(.text)
    _printf_int_oct                          0x080042f5   Thumb Code    74  _printf_oct_int.o(.text)
    _printf_longlong_oct                     0x080042f5   Thumb Code     0  _printf_oct_int.o(.text)
    _printf_int_hex                          0x08004349   Thumb Code    84  _printf_hex_int.o(.text)
    _printf_longlong_hex                     0x08004349   Thumb Code     0  _printf_hex_int.o(.text)
    atoi                                     0x080043a1   Thumb Code    26  atoi.o(.text)
    strlen                                   0x080043bb   Thumb Code    62  strlen.o(.text)
    __aeabi_memclr4                          0x080043f9   Thumb Code     0  rt_memclr_w.o(.text)
    __aeabi_memclr8                          0x080043f9   Thumb Code     0  rt_memclr_w.o(.text)
    __rt_memclr_w                            0x080043f9   Thumb Code    78  rt_memclr_w.o(.text)
    _memset_w                                0x080043fd   Thumb Code     0  rt_memclr_w.o(.text)
    __use_two_region_memory                  0x08004447   Thumb Code     2  heapauxi.o(.text)
    __rt_heap_escrow$2region                 0x08004449   Thumb Code     2  heapauxi.o(.text)
    __rt_heap_expand$2region                 0x0800444b   Thumb Code     2  heapauxi.o(.text)
    __I$use$semihosting                      0x0800444d   Thumb Code     0  use_no_semi.o(.text)
    __use_no_semihosting_swi                 0x0800444d   Thumb Code     2  use_no_semi.o(.text)
    __aeabi_errno_addr                       0x08004451   Thumb Code     8  rt_errno_addr_intlibspace.o(.text)
    __errno$intlibspace                      0x08004451   Thumb Code     0  rt_errno_addr_intlibspace.o(.text)
    __rt_errno_addr$intlibspace              0x08004451   Thumb Code     0  rt_errno_addr_intlibspace.o(.text)
    _printf_int_common                       0x08004459   Thumb Code   178  _printf_intcommon.o(.text)
    _printf_char_common                      0x08004517   Thumb Code    32  _printf_char_common.o(.text)
    _sputc                                   0x0800453d   Thumb Code    10  _sputc.o(.text)
    _printf_char_file                        0x08004549   Thumb Code    32  _printf_char_file.o(.text)
    strtol                                   0x0800456d   Thumb Code   112  strtol.o(.text)
    __user_libspace                          0x080045dd   Thumb Code     8  libspace.o(.text)
    __user_perproc_libspace                  0x080045dd   Thumb Code     0  libspace.o(.text)
    __user_perthread_libspace                0x080045dd   Thumb Code     0  libspace.o(.text)
    __rt_ctype_table                         0x080045e5   Thumb Code    16  rt_ctype_table.o(.text)
    _strtoul                                 0x080045f5   Thumb Code   158  _strtoul.o(.text)
    ferror                                   0x08004693   Thumb Code     8  ferror.o(.text)
    __user_setup_stackheap                   0x0800469b   Thumb Code    74  sys_stackheap_outer.o(.text)
    __rt_locale                              0x080046e5   Thumb Code     8  rt_locale_intlibspace.o(.text)
    _chval                                   0x080046ed   Thumb Code    28  _chval.o(.text)
    exit                                     0x08004709   Thumb Code    12  exit.o(.text)
    strcmp                                   0x08004715   Thumb Code   128  strcmpv7m.o(.text)
    _get_lc_ctype                            0x08004795   Thumb Code    44  lc_ctype_c.o(locale$$code)
    ANSIC0608                                0x080047c0   Data         570  oled.o(.constdata)
    ANSIC0816                                0x080049fa   Data        1520  oled.o(.constdata)
    CN1616                                   0x08004fea   Data         448  oled.o(.constdata)
    FM_LOGO                                  0x080051aa   Data        1024  oled.o(.constdata)
    DIRECT_LOGO                              0x080055aa   Data        1024  oled.o(.constdata)
    BRIGHTNESS_LOGO                          0x080059aa   Data        1024  oled.o(.constdata)
    REVERSAL_LOGO                            0x08005daa   Data        1024  oled.o(.constdata)
    HEALTH                                   0x080061aa   Data        1024  oled.o(.constdata)
    table_week                               0x080065aa   Data          12  rtc.o(.constdata)
    mon_table                                0x080065b6   Data          12  rtc.o(.constdata)
    Region$$Table$$Base                      0x080065ec   Number         0  anon$$obj.o(Region$$Table)
    Region$$Table$$Limit                     0x0800660c   Number         0  anon$$obj.o(Region$$Table)
    __ctype                                  0x08006619   Data           0  lc_ctype_c.o(locale$$data)
    tempbuf                                  0x20000000   Data           8  main.o(.data)
    humibuf                                  0x20000008   Data           8  main.o(.data)
    last_mode                                0x20000010   Data           1  main.o(.data)
    SystemCoreClock                          0x20000014   Data           4  system_stm32f10x.o(.data)
    AHBPrescTable                            0x20000018   Data          16  system_stm32f10x.o(.data)
    data_write_count                         0x20000028   Data           1  key.o(.data)
    data_read_count                          0x20000029   Data           1  key.o(.data)
    KeyCurrent                               0x2000002a   Data           1  key.o(.data)
    KeyOld                                   0x2000002b   Data           1  key.o(.data)
    KeyNoChangedTime                         0x2000002c   Data           1  key.o(.data)
    KeyPress                                 0x2000002d   Data           1  key.o(.data)
    KeyDown                                  0x2000002e   Data           1  key.o(.data)
    KeyUp                                    0x2000002f   Data           1  key.o(.data)
    KeyLast                                  0x20000030   Data           1  key.o(.data)
    KeyCanChange                             0x20000031   Data           1  key.o(.data)
    callback_event                           0x20000038   Data           1  key.o(.data)
    sys_mode                                 0x20000039   Data           1  key.o(.data)
    sensor                                   0x2000003b   Data           6  rs485.o(.data)
    RS485_RX_CNT                             0x20000041   Data           1  rs485.o(.data)
    CN1616_Index                             0x20000042   Data          46  oled.o(.data)
    __stdout                                 0x20000078   Data           4  usart.o(.data)
    USART_RX_STA                             0x2000007c   Data           2  usart.o(.data)
    save_data                                0x20000094   Data          16  main.o(.bss)
    RS485_RX_BUF                             0x200000a4   Data          64  rs485.o(.bss)
    calendar                                 0x200000e4   Data          10  rtc.o(.bss)
    STMFLASH_BUF                             0x200000ee   Data        1024  stmflash.o(.bss)
    USART_RX_BUF                             0x200004ee   Data         200  usart.o(.bss)
    __libspace_start                         0x200005b8   Data          96  libspace.o(.bss)
    __temporary_stack_top$libspace           0x20000618   Data           0  libspace.o(.bss)



==============================================================================

Memory Map of the image

  Image Entry point : 0x080000ed

  Load Region LR_IROM1 (Base: 0x08000000, Size: 0x000067b0, Max: 0x00008000, ABSOLUTE)

    Execution Region ER_IROM1 (Base: 0x08000000, Size: 0x0000671c, Max: 0x00008000, ABSOLUTE)

    Base Addr    Size         Type   Attr      Idx    E Section Name        Object

    0x08000000   0x000000ec   Data   RO          400    RESET               startup_stm32f10x_ld.o
    0x080000ec   0x00000008   Code   RO          602  * !!!main             c_w.l(__main.o)
    0x080000f4   0x00000034   Code   RO          792    !!!scatter          c_w.l(__scatter.o)
    0x08000128   0x0000001a   Code   RO          794    !!handler_copy      c_w.l(__scatter_copy.o)
    0x08000142   0x00000002   PAD
    0x08000144   0x0000001c   Code   RO          796    !!handler_zi        c_w.l(__scatter_zi.o)
    0x08000160   0x00000000   Code   RO          593    .ARM.Collect$$_printf_percent$$00000000  c_w.l(_printf_percent.o)
    0x08000160   0x00000006   Code   RO          592    .ARM.Collect$$_printf_percent$$00000009  c_w.l(_printf_d.o)
    0x08000166   0x00000006   Code   RO          591    .ARM.Collect$$_printf_percent$$0000000B  c_w.l(_printf_o.o)
    0x0800016c   0x00000006   Code   RO          590    .ARM.Collect$$_printf_percent$$0000000C  c_w.l(_printf_x.o)
    0x08000172   0x00000004   Code   RO          620    .ARM.Collect$$_printf_percent$$00000017  c_w.l(_printf_percent_end.o)
    0x08000176   0x00000002   Code   RO          670    .ARM.Collect$$libinit$$00000000  c_w.l(libinit.o)
    0x08000178   0x00000000   Code   RO          676    .ARM.Collect$$libinit$$00000002  c_w.l(libinit2.o)
    0x08000178   0x00000000   Code   RO          679    .ARM.Collect$$libinit$$00000008  c_w.l(libinit2.o)
    0x08000178   0x00000000   Code   RO          681    .ARM.Collect$$libinit$$0000000A  c_w.l(libinit2.o)
    0x08000178   0x00000000   Code   RO          683    .ARM.Collect$$libinit$$0000000C  c_w.l(libinit2.o)
    0x08000178   0x00000006   Code   RO          684    .ARM.Collect$$libinit$$0000000D  c_w.l(libinit2.o)
    0x0800017e   0x00000000   Code   RO          686    .ARM.Collect$$libinit$$0000000F  c_w.l(libinit2.o)
    0x0800017e   0x0000000c   Code   RO          687    .ARM.Collect$$libinit$$00000010  c_w.l(libinit2.o)
    0x0800018a   0x00000000   Code   RO          688    .ARM.Collect$$libinit$$00000011  c_w.l(libinit2.o)
    0x0800018a   0x00000000   Code   RO          690    .ARM.Collect$$libinit$$00000013  c_w.l(libinit2.o)
    0x0800018a   0x00000000   Code   RO          692    .ARM.Collect$$libinit$$00000015  c_w.l(libinit2.o)
    0x0800018a   0x00000000   Code   RO          694    .ARM.Collect$$libinit$$00000017  c_w.l(libinit2.o)
    0x0800018a   0x00000000   Code   RO          696    .ARM.Collect$$libinit$$00000019  c_w.l(libinit2.o)
    0x0800018a   0x00000000   Code   RO          698    .ARM.Collect$$libinit$$0000001B  c_w.l(libinit2.o)
    0x0800018a   0x00000000   Code   RO          700    .ARM.Collect$$libinit$$0000001D  c_w.l(libinit2.o)
    0x0800018a   0x00000000   Code   RO          702    .ARM.Collect$$libinit$$0000001F  c_w.l(libinit2.o)
    0x0800018a   0x00000000   Code   RO          704    .ARM.Collect$$libinit$$00000021  c_w.l(libinit2.o)
    0x0800018a   0x00000000   Code   RO          706    .ARM.Collect$$libinit$$00000023  c_w.l(libinit2.o)
    0x0800018a   0x00000000   Code   RO          710    .ARM.Collect$$libinit$$0000002A  c_w.l(libinit2.o)
    0x0800018a   0x00000000   Code   RO          712    .ARM.Collect$$libinit$$0000002C  c_w.l(libinit2.o)
    0x0800018a   0x00000000   Code   RO          714    .ARM.Collect$$libinit$$0000002E  c_w.l(libinit2.o)
    0x0800018a   0x00000000   Code   RO          716    .ARM.Collect$$libinit$$00000030  c_w.l(libinit2.o)
    0x0800018a   0x00000002   Code   RO          717    .ARM.Collect$$libinit$$00000031  c_w.l(libinit2.o)
    0x0800018c   0x00000002   Code   RO          735    .ARM.Collect$$libshutdown$$00000000  c_w.l(libshutdown.o)
    0x0800018e   0x00000000   Code   RO          746    .ARM.Collect$$libshutdown$$00000003  c_w.l(libshutdown2.o)
    0x0800018e   0x00000000   Code   RO          749    .ARM.Collect$$libshutdown$$00000006  c_w.l(libshutdown2.o)
    0x0800018e   0x00000000   Code   RO          752    .ARM.Collect$$libshutdown$$00000009  c_w.l(libshutdown2.o)
    0x0800018e   0x00000000   Code   RO          754    .ARM.Collect$$libshutdown$$0000000B  c_w.l(libshutdown2.o)
    0x0800018e   0x00000000   Code   RO          757    .ARM.Collect$$libshutdown$$0000000E  c_w.l(libshutdown2.o)
    0x0800018e   0x00000002   Code   RO          758    .ARM.Collect$$libshutdown$$0000000F  c_w.l(libshutdown2.o)
    0x08000190   0x00000000   Code   RO          606    .ARM.Collect$$rtentry$$00000000  c_w.l(rtentry.o)
    0x08000190   0x00000000   Code   RO          627    .ARM.Collect$$rtentry$$00000002  c_w.l(rtentry2.o)
    0x08000190   0x00000006   Code   RO          639    .ARM.Collect$$rtentry$$00000004  c_w.l(rtentry4.o)
    0x08000196   0x00000000   Code   RO          629    .ARM.Collect$$rtentry$$00000009  c_w.l(rtentry2.o)
    0x08000196   0x00000004   Code   RO          630    .ARM.Collect$$rtentry$$0000000A  c_w.l(rtentry2.o)
    0x0800019a   0x00000000   Code   RO          632    .ARM.Collect$$rtentry$$0000000C  c_w.l(rtentry2.o)
    0x0800019a   0x00000008   Code   RO          633    .ARM.Collect$$rtentry$$0000000D  c_w.l(rtentry2.o)
    0x080001a2   0x00000002   Code   RO          671    .ARM.Collect$$rtexit$$00000000  c_w.l(rtexit.o)
    0x080001a4   0x00000000   Code   RO          719    .ARM.Collect$$rtexit$$00000002  c_w.l(rtexit2.o)
    0x080001a4   0x00000004   Code   RO          720    .ARM.Collect$$rtexit$$00000003  c_w.l(rtexit2.o)
    0x080001a8   0x00000006   Code   RO          721    .ARM.Collect$$rtexit$$00000004  c_w.l(rtexit2.o)
    0x080001ae   0x00000002   PAD
    0x080001b0   0x00000398   Code   RO            1    .text               main.o
    0x08000548   0x0000001a   Code   RO          149    .text               stm32f10x_it.o
    0x08000562   0x00000002   PAD
    0x08000564   0x000001e0   Code   RO          190    .text               system_stm32f10x.o
    0x08000744   0x0000004c   Code   RO          208    .text               led.o
    0x08000790   0x0000066c   Code   RO          220    .text               key.o
    0x08000dfc   0x000001b4   Code   RO          239    .text               rs485.o
    0x08000fb0   0x00000288   Code   RO          261    .text               iic.o
    0x08001238   0x00000474   Code   RO          273    .text               oled.o
    0x080016ac   0x00000500   Code   RO          295    .text               rtc.o
    0x08001bac   0x00000144   Code   RO          319    .text               stmflash.o
    0x08001cf0   0x000000d4   Code   RO          334    .text               delay.o
    0x08001dc4   0x00000140   Code   RO          365    .text               usart.o
    0x08001f04   0x00000040   Code   RO          401    .text               startup_stm32f10x_ld.o
    0x08001f44   0x000000dc   Code   RO          405    .text               misc.o
    0x08002020   0x0000035c   Code   RO          429    .text               stm32f10x_gpio.o
    0x0800237c   0x000003a4   Code   RO          441    .text               stm32f10x_rcc.o
    0x08002720   0x00000408   Code   RO          455    .text               stm32f10x_usart.o
    0x08002b28   0x000005bc   Code   RO          467    .text               stm32f10x_flash.o
    0x080030e4   0x000000c4   Code   RO          479    .text               stm32f10x_bkp.o
    0x080031a8   0x00000148   Code   RO          491    .text               stm32f10x_rtc.o
    0x080032f0   0x000000cc   Code   RO          503    .text               stm32f10x_pwr.o
    0x080033bc   0x00000e1a   Code   RO          515    .text               stm32f10x_tim.o
    0x080041d6   0x00000002   Code   RO          529    .text               c_w.l(use_no_semi_2.o)
    0x080041d8   0x00000018   Code   RO          535    .text               c_w.l(noretval__2printf.o)
    0x080041f0   0x00000028   Code   RO          537    .text               c_w.l(noretval__2sprintf.o)
    0x08004218   0x00000068   Code   RO          539    .text               c_w.l(__printf.o)
    0x08004280   0x00000074   Code   RO          541    .text               c_w.l(_printf_dec.o)
    0x080042f4   0x00000054   Code   RO          545    .text               c_w.l(_printf_oct_int.o)
    0x08004348   0x00000058   Code   RO          552    .text               c_w.l(_printf_hex_int.o)
    0x080043a0   0x0000001a   Code   RO          594    .text               c_w.l(atoi.o)
    0x080043ba   0x0000003e   Code   RO          596    .text               c_w.l(strlen.o)
    0x080043f8   0x0000004e   Code   RO          598    .text               c_w.l(rt_memclr_w.o)
    0x08004446   0x00000006   Code   RO          600    .text               c_w.l(heapauxi.o)
    0x0800444c   0x00000002   Code   RO          604    .text               c_w.l(use_no_semi.o)
    0x0800444e   0x00000002   PAD
    0x08004450   0x00000008   Code   RO          610    .text               c_w.l(rt_errno_addr_intlibspace.o)
    0x08004458   0x000000b2   Code   RO          612    .text               c_w.l(_printf_intcommon.o)
    0x0800450a   0x00000002   PAD
    0x0800450c   0x00000030   Code   RO          614    .text               c_w.l(_printf_char_common.o)
    0x0800453c   0x0000000a   Code   RO          616    .text               c_w.l(_sputc.o)
    0x08004546   0x00000002   PAD
    0x08004548   0x00000024   Code   RO          618    .text               c_w.l(_printf_char_file.o)
    0x0800456c   0x00000070   Code   RO          621    .text               c_w.l(strtol.o)
    0x080045dc   0x00000008   Code   RO          623    .text               c_w.l(libspace.o)
    0x080045e4   0x00000010   Code   RO          641    .text               c_w.l(rt_ctype_table.o)
    0x080045f4   0x0000009e   Code   RO          645    .text               c_w.l(_strtoul.o)
    0x08004692   0x00000008   Code   RO          647    .text               c_w.l(ferror.o)
    0x0800469a   0x0000004a   Code   RO          651    .text               c_w.l(sys_stackheap_outer.o)
    0x080046e4   0x00000008   Code   RO          656    .text               c_w.l(rt_locale_intlibspace.o)
    0x080046ec   0x0000001c   Code   RO          658    .text               c_w.l(_chval.o)
    0x08004708   0x0000000c   Code   RO          663    .text               c_w.l(exit.o)
    0x08004714   0x00000080   Code   RO          673    .text               c_w.l(strcmpv7m.o)
    0x08004794   0x0000002c   Code   RO          661    locale$$code        c_w.l(lc_ctype_c.o)
    0x080047c0   0x00001dea   Data   RO          274    .constdata          oled.o
    0x080065aa   0x00000018   Data   RO          297    .constdata          rtc.o
    0x080065c2   0x00000028   Data   RO          553    .constdata          c_w.l(_printf_hex_int.o)
    0x080065ea   0x00000002   PAD
    0x080065ec   0x00000020   Data   RO          790    Region$$Table       anon$$obj.o
    0x0800660c   0x00000110   Data   RO          660    locale$$data        c_w.l(lc_ctype_c.o)


    Execution Region RW_IRAM1 (Base: 0x20000000, Size: 0x00000c18, Max: 0x00002800, ABSOLUTE)

    Base Addr    Size         Type   Attr      Idx    E Section Name        Object

    0x20000000   0x00000011   Data   RW            3    .data               main.o
    0x20000011   0x00000003   PAD
    0x20000014   0x00000014   Data   RW          191    .data               system_stm32f10x.o
    0x20000028   0x00000013   Data   RW          221    .data               key.o
    0x2000003b   0x00000007   Data   RW          241    .data               rs485.o
    0x20000042   0x0000002e   Data   RW          275    .data               oled.o
    0x20000070   0x00000002   Data   RW          298    .data               rtc.o
    0x20000072   0x00000004   Data   RW          335    .data               delay.o
    0x20000076   0x00000002   PAD
    0x20000078   0x00000006   Data   RW          367    .data               usart.o
    0x2000007e   0x00000014   Data   RW          442    .data               stm32f10x_rcc.o
    0x20000092   0x00000002   PAD
    0x20000094   0x00000010   Zero   RW            2    .bss                main.o
    0x200000a4   0x00000040   Zero   RW          240    .bss                rs485.o
    0x200000e4   0x0000000a   Zero   RW          296    .bss                rtc.o
    0x200000ee   0x00000400   Zero   RW          320    .bss                stmflash.o
    0x200004ee   0x000000c8   Zero   RW          366    .bss                usart.o
    0x200005b6   0x00000002   PAD
    0x200005b8   0x00000060   Zero   RW          624    .bss                c_w.l(libspace.o)
    0x20000618   0x00000200   Zero   RW          399    HEAP                startup_stm32f10x_ld.o
    0x20000818   0x00000400   Zero   RW          398    STACK               startup_stm32f10x_ld.o


==============================================================================

Image component sizes


      Code (inc. data)   RO Data    RW Data    ZI Data      Debug   Object Name

       212         18          0          4          0        975   delay.o
       648          6          0          0          0       2046   iic.o
      1644        186          0         19          0       3399   key.o
        76          8          0          0          0        475   led.o
       920        138          0         17         16     260013   main.o
       220         22          0          0          0       1753   misc.o
      1140         54       7658         46          0       6007   oled.o
       436         30          0          7         64       2657   rs485.o
      1280         74         24          2         10       4238   rtc.o
        64         26        236          0       1536        780   startup_stm32f10x_ld.o
       196          8          0          0          0       3416   stm32f10x_bkp.o
      1468         34          0          0          0       7986   stm32f10x_flash.o
       860         38          0          0          0       5597   stm32f10x_gpio.o
        26          0          0          0          0       1158   stm32f10x_it.o
       204         14          0          0          0       1895   stm32f10x_pwr.o
       932         36          0         20          0       8744   stm32f10x_rcc.o
       328          4          0          0          0       2646   stm32f10x_rtc.o
      3610         88          0          0          0      22080   stm32f10x_tim.o
      1032         22          0          0          0       8324   stm32f10x_usart.o
       324          8          0          0       1024       2534   stmflash.o
         0          0          0          0          0         32   sys.o
       480         38          0         20          0       1671   system_stm32f10x.o
       320         18          0          6        200       3054   usart.o

    ----------------------------------------------------------------------
     16422        870       7950        148       2852     351480   Object Totals
         0          0         32          0          0          0   (incl. Generated)
         2          0          0          7          2          0   (incl. Padding)

    ----------------------------------------------------------------------

      Code (inc. data)   RO Data    RW Data    ZI Data      Debug   Library Member Name

         8          0          0          0          0         68   __main.o
       104          0          0          0          0         84   __printf.o
        52          8          0          0          0          0   __scatter.o
        26          0          0          0          0          0   __scatter_copy.o
        28          0          0          0          0          0   __scatter_zi.o
        28          0          0          0          0         68   _chval.o
        48          6          0          0          0         96   _printf_char_common.o
        36          4          0          0          0         80   _printf_char_file.o
         6          0          0          0          0          0   _printf_d.o
       116         16          0          0          0         92   _printf_dec.o
        88          4         40          0          0         88   _printf_hex_int.o
       178          0          0          0          0         88   _printf_intcommon.o
         6          0          0          0          0          0   _printf_o.o
        84         10          0          0          0         88   _printf_oct_int.o
         0          0          0          0          0          0   _printf_percent.o
         4          0          0          0          0          0   _printf_percent_end.o
         6          0          0          0          0          0   _printf_x.o
        10          0          0          0          0         68   _sputc.o
       158          0          0          0          0         92   _strtoul.o
        26          0          0          0          0         80   atoi.o
        12          0          0          0          0         72   exit.o
         8          0          0          0          0         68   ferror.o
         6          0          0          0          0        152   heapauxi.o
        44         10        272          0          0         76   lc_ctype_c.o
         2          0          0          0          0          0   libinit.o
        20          0          0          0          0          0   libinit2.o
         2          0          0          0          0          0   libshutdown.o
         2          0          0          0          0          0   libshutdown2.o
         8          4          0          0         96         68   libspace.o
        24          4          0          0          0         84   noretval__2printf.o
        40          6          0          0          0         84   noretval__2sprintf.o
        16          4          0          0          0         76   rt_ctype_table.o
         8          4          0          0          0         68   rt_errno_addr_intlibspace.o
         8          4          0          0          0         68   rt_locale_intlibspace.o
        78          0          0          0          0         80   rt_memclr_w.o
         0          0          0          0          0          0   rtentry.o
        12          0          0          0          0          0   rtentry2.o
         6          0          0          0          0          0   rtentry4.o
         2          0          0          0          0          0   rtexit.o
        10          0          0          0          0          0   rtexit2.o
       128          0          0          0          0         68   strcmpv7m.o
        62          0          0          0          0         76   strlen.o
       112          0          0          0          0         88   strtol.o
        74          0          0          0          0         80   sys_stackheap_outer.o
         2          0          0          0          0         68   use_no_semi.o
         2          0          0          0          0         68   use_no_semi_2.o

    ----------------------------------------------------------------------
      1710         84        314          0         96       2336   Library Totals
        10          0          2          0          0          0   (incl. Padding)

    ----------------------------------------------------------------------

      Code (inc. data)   RO Data    RW Data    ZI Data      Debug   Library Name

      1700         84        312          0         96       2336   c_w.l

    ----------------------------------------------------------------------
      1710         84        314          0         96       2336   Library Totals

    ----------------------------------------------------------------------

==============================================================================


      Code (inc. data)   RO Data    RW Data    ZI Data      Debug   

     18132        954       8264        148       2948     350380   Grand Totals
     18132        954       8264        148       2948     350380   ELF Image Totals
     18132        954       8264        148          0          0   ROM Totals

==============================================================================

    Total RO  Size (Code + RO Data)                26396 (  25.78kB)
    Total RW  Size (RW Data + ZI Data)              3096 (   3.02kB)
    Total ROM Size (Code + RO Data + RW Data)      26544 (  25.92kB)

==============================================================================

