Product: MDK-ARM Standard 5.10
Component: ARM Compiler 5.04 update 1 (build 49)
Tool: armlink [5040049]

==============================================================================

Section Cross References

    main.o(.text) refers to _printf_percent.o(.ARM.Collect$$_printf_percent$$00000000) for _printf_percent
    main.o(.text) refers to _printf_d.o(.ARM.Collect$$_printf_percent$$00000009) for _printf_d
    main.o(.text) refers to _printf_dec.o(.text) for _printf_int_dec
    main.o(.text) refers to delay.o(.text) for delay_init
    main.o(.text) refers to misc.o(.text) for NVIC_PriorityGroupConfig
    main.o(.text) refers to usart.o(.text) for uart_init
    main.o(.text) refers to led.o(.text) for LED_Init
    main.o(.text) refers to key.o(.text) for KEY_Init
    main.o(.text) refers to rs485.o(.text) for RS485_Init
    main.o(.text) refers to iic.o(.text) for initIIC
    main.o(.text) refers to rtc.o(.text) for RTC_Init
    main.o(.text) refers to oled.o(.text) for initOLED
    main.o(.text) refers to noretval__2sprintf.o(.text) for __2sprintf
    main.o(.text) refers to atoi.o(.text) for atoi
    main.o(.text) refers to key.o(.data) for sys_mode
    main.o(.text) refers to main.o(.data) for tempbuf
    main.o(.text) refers to main.o(.bss) for save_data
    main.o(.text) refers to rtc.o(.bss) for calendar
    system_stm32f10x.o(.text) refers to system_stm32f10x.o(.data) for SystemCoreClock
    led.o(.text) refers to stm32f10x_rcc.o(.text) for RCC_APB2PeriphClockCmd
    led.o(.text) refers to stm32f10x_gpio.o(.text) for GPIO_Init
    key.o(.text) refers to stm32f10x_rcc.o(.text) for RCC_APB1PeriphClockCmd
    key.o(.text) refers to stm32f10x_tim.o(.text) for TIM_TimeBaseInit
    key.o(.text) refers to misc.o(.text) for NVIC_Init
    key.o(.text) refers to stm32f10x_gpio.o(.text) for GPIO_Init
    key.o(.text) refers to oled.o(.text) for showCNString
    key.o(.text) refers to stmflash.o(.text) for STMFLASH_Write
    key.o(.text) refers to key.o(.data) for KeyCanChange
    key.o(.text) refers to main.o(.bss) for save_data
    rs485.o(.text) refers to stm32f10x_usart.o(.text) for USART_GetITStatus
    rs485.o(.text) refers to stm32f10x_rcc.o(.text) for RCC_APB2PeriphClockCmd
    rs485.o(.text) refers to stm32f10x_gpio.o(.text) for GPIO_Init
    rs485.o(.text) refers to misc.o(.text) for NVIC_Init
    rs485.o(.text) refers to delay.o(.text) for delay_ms
    rs485.o(.text) refers to rs485.o(.data) for RS485_RX_CNT
    rs485.o(.text) refers to rs485.o(.bss) for RS485_RX_BUF
    iic.o(.text) refers to stm32f10x_rcc.o(.text) for RCC_APB2PeriphClockCmd
    iic.o(.text) refers to stm32f10x_gpio.o(.text) for GPIO_Init
    iic.o(.text) refers to delay.o(.text) for delay_us
    oled.o(.text) refers to _printf_percent.o(.ARM.Collect$$_printf_percent$$00000000) for _printf_percent
    oled.o(.text) refers to _printf_d.o(.ARM.Collect$$_printf_percent$$00000009) for _printf_d
    oled.o(.text) refers to _printf_dec.o(.text) for _printf_int_dec
    oled.o(.text) refers to _printf_x.o(.ARM.Collect$$_printf_percent$$0000000C) for _printf_x
    oled.o(.text) refers to _printf_hex_int.o(.text) for _printf_longlong_hex
    oled.o(.text) refers to _printf_o.o(.ARM.Collect$$_printf_percent$$0000000B) for _printf_o
    oled.o(.text) refers to _printf_oct_int.o(.text) for _printf_longlong_oct
    oled.o(.text) refers to iic.o(.text) for startIIC
    oled.o(.text) refers to strlen.o(.text) for strlen
    oled.o(.text) refers to rt_memclr_w.o(.text) for __aeabi_memclr4
    oled.o(.text) refers to noretval__2sprintf.o(.text) for __2sprintf
    oled.o(.text) refers to oled.o(.constdata) for ANSIC0816
    oled.o(.text) refers to oled.o(.data) for CN1616_Index
    rtc.o(.text) refers to _printf_percent.o(.ARM.Collect$$_printf_percent$$00000000) for _printf_percent
    rtc.o(.text) refers to _printf_d.o(.ARM.Collect$$_printf_percent$$00000009) for _printf_d
    rtc.o(.text) refers to _printf_dec.o(.text) for _printf_int_dec
    rtc.o(.text) refers to misc.o(.text) for NVIC_Init
    rtc.o(.text) refers to stm32f10x_rtc.o(.text) for RTC_GetCounter
    rtc.o(.text) refers to stm32f10x_rcc.o(.text) for RCC_APB1PeriphClockCmd
    rtc.o(.text) refers to stm32f10x_pwr.o(.text) for PWR_BackupAccessCmd
    rtc.o(.text) refers to stm32f10x_bkp.o(.text) for BKP_ReadBackupRegister
    rtc.o(.text) refers to delay.o(.text) for delay_ms
    rtc.o(.text) refers to oled.o(.text) for showString
    rtc.o(.text) refers to noretval__2printf.o(.text) for __2printf
    rtc.o(.text) refers to rtc.o(.constdata) for table_week
    rtc.o(.text) refers to rtc.o(.data) for daycnt
    rtc.o(.text) refers to rtc.o(.bss) for calendar
    rtc.o(.text) refers to key.o(.data) for sys_mode
    stmflash.o(.text) refers to stm32f10x_flash.o(.text) for FLASH_ProgramHalfWord
    stmflash.o(.text) refers to stmflash.o(.bss) for STMFLASH_BUF
[...]
    ../clib/printf.c                         0x00000000   Number         0  _printf_oct_ll.o ABSOLUTE
    ../clib/printf.c                         0x00000000   Number         0  _printf_oct_int_ll.o ABSOLUTE
    ../clib/printf.c                         0x00000000   Number         0  _printf_hex_ll.o ABSOLUTE
    ../clib/printf.c                         0x00000000   Number         0  _printf_hex_int.o ABSOLUTE
    ../clib/printf.c                         0x00000000   Number         0  _sputc.o ABSOLUTE
    ../clib/printf.c                         0x00000000   Number         0  _printf_intcommon.o ABSOLUTE
    ../clib/printf.c                         0x00000000   Number         0  _printf_hex_int_ll.o ABSOLUTE
    ../clib/printf.c                         0x00000000   Number         0  _printf_hex_ptr.o ABSOLUTE
    ../clib/printf.c                         0x00000000   Number         0  _printf_hex_int_ptr.o ABSOLUTE
    ../clib/printf.c                         0x00000000   Number         0  _printf_hex_ll_ptr.o ABSOLUTE
    ../clib/printf.c                         0x00000000   Number         0  _printf_hex_int_ll_ptr.o ABSOLUTE
    ../clib/printf.c                         0x00000000   Number         0  __printf_flags.o ABSOLUTE
    ../clib/printf.c                         0x00000000   Number         0  __printf_ss.o ABSOLUTE
    ../clib/printf.c                         0x00000000   Number         0  __printf_flags_ss.o ABSOLUTE
    ../clib/printf.c                         0x00000000   Number         0  __printf_wp.o ABSOLUTE
    ../clib/printf.c                         0x00000000   Number         0  __printf_flags_wp.o ABSOLUTE
    ../clib/printf.c                         0x00000000   Number         0  __printf_ss_wp.o ABSOLUTE
    ../clib/printf.c                         0x00000000   Number         0  __printf_flags_ss_wp.o ABSOLUTE
    ../clib/printf_percent.s                 0x00000000   Number         0  _printf_d.o ABSOLUTE
    ../clib/printf_percent.s                 0x00000000   Number         0  _printf_percent.o ABSOLUTE
    ../clib/printf_percent.s                 0x00000000   Number         0  _printf_percent_end.o ABSOLUTE
    ../clib/printf_percent.s                 0x00000000   Number         0  _printf_o.o ABSOLUTE
    ../clib/printf_percent.s                 0x00000000   Number         0  _printf_x.o ABSOLUTE
    ../clib/scanf.c                          0x00000000   Number         0  _chval.o ABSOLUTE
    ../clib/scanf.c                          0x00000000   Number         0  strtol.o ABSOLUTE
    ../clib/scanf.c                          0x00000000   Number         0  _strtoul.o ABSOLUTE
    ../clib/scanf.c                          0x00000000   Number         0  atoi.o ABSOLUTE
    ../clib/signal.c                         0x00000000   Number         0  defsig_fpe_inner.o ABSOLUTE
    ../clib/signal.c                         0x00000000   Number         0  defsig_rtred_inner.o ABSOLUTE
    ../clib/signal.c                         0x00000000   Number         0  defsig_stak_inner.o ABSOLUTE
    ../clib/signal.c                         0x00000000   Number         0  defsig_rtmem_formal.o ABSOLUTE
    ../clib/signal.c                         0x00000000   Number         0  defsig_exit.o ABSOLUTE
    ../clib/signal.c                         0x00000000   Number         0  defsig_pvfn_inner.o ABSOLUTE
    ../clib/signal.c                         0x00000000   Number         0  defsig_cppl_inner.o ABSOLUTE
    ../clib/signal.c                         0x00000000   Number         0  defsig_segv_inner.o ABSOLUTE
    ../clib/signal.c                         0x00000000   Number         0  defsig_rtmem_inner.o ABSOLUTE
    ../clib/signal.c                         0x00000000   Number         0  defsig_other.o ABSOLUTE
    ../clib/signal.c                         0x00000000   Number         0  __raise.o ABSOLUTE
    ../clib/signal.c                         0x00000000   Number         0  defsig_general.o ABSOLUTE
    ../clib/signal.c                         0x00000000   Number         0  defsig_abrt_inner.o ABSOLUTE
    ../clib/signal.c                         0x00000000   Number         0  defsig_rtmem_outer.o ABSOLUTE
    ../clib/signal.s                         0x00000000   Number         0  defsig.o ABSOLUTE
    ../clib/stdio.c                          0x00000000   Number         0  ferror_locked.o ABSOLUTE
    ../clib/stdio.c                          0x00000000   Number         0  ferror.o ABSOLUTE
    ../clib/stdlib.c                         0x00000000   Number         0  exit.o ABSOLUTE
    ../clib/string.c                         0x00000000   Number         0  strlen.o ABSOLUTE
    ../fplib/fpinit.s                        0x00000000   Number         0  fpinit.o ABSOLUTE
    ..\CORE\core_cm3.c                       0x00000000   Number         0  core_cm3.o ABSOLUTE
    ..\CORE\startup_stm32f10x_ld.s           0x00000000   Number         0  startup_stm32f10x_ld.o ABSOLUTE
    ..\HARDWARE\KEY\key.c                    0x00000000   Number         0  key.o ABSOLUTE
    ..\HARDWARE\LED\led.c                    0x00000000   Number         0  led.o ABSOLUTE
    ..\HARDWARE\OLED\OLED.c                  0x00000000   Number         0  oled.o ABSOLUTE
    ..\HARDWARE\OLED_IIC\IIC.c               0x00000000   Number         0  iic.o ABSOLUTE
    ..\HARDWARE\RS485\rs485.c                0x00000000   Number         0  rs485.o ABSOLUTE
    ..\HARDWARE\RTC\rtc.c                    0x00000000   Number         0  rtc.o ABSOLUTE
    ..\HARDWARE\STMFLASH\stmflash.c          0x00000000   Number         0  stmflash.o ABSOLUTE
    ..\STM32F10x_FWLib\src\misc.c            0x00000000   Number         0  misc.o ABSOLUTE
    ..\STM32F10x_FWLib\src\stm32f10x_bkp.c   0x00000000   Number         0  stm32f10x_bkp.o ABSOLUTE
    ..\STM32F10x_FWLib\src\stm32f10x_flash.c 0x00000000   Number         0  stm32f10x_flash.o ABSOLUTE
    ..\STM32F10x_FWLib\src\stm32f10x_fsmc.c  0x00000000   Number         0  stm32f10x_fsmc.o ABSOLUTE
    ..\STM32F10x_FWLib\src\stm32f10x_gpio.c  0x00000000   Number         0  stm32f10x_gpio.o ABSOLUTE
    ..\STM32F10x_FWLib\src\stm32f10x_pwr.c   0x00000000   Number         0  stm32f10x_pwr.o ABSOLUTE
    ..\STM32F10x_FWLib\src\stm32f10x_rcc.c   0x00000000   Number         0  stm32f10x_rcc.o ABSOLUTE
    ..\STM32F10x_FWLib\src\stm32f10x_rtc.c   0x00000000   Number         0  stm32f10x_rtc.o ABSOLUTE
    ..\STM32F10x_FWLib\src\stm32f10x_tim.c   0x00000000   Number         0  stm32f10x_tim.o ABSOLUTE
    ..\STM32F10x_FWLib\src\stm32f10x_usart.c 0x00000000   Number         0  stm32f10x_usart.o ABSOLUTE
    ..\SYSTEM\delay\delay.c                  0x00000000   Number         0  delay.o ABSOLUTE
    ..\SYSTEM\sys\sys.c                      0x00000000   Number         0  sys.o ABSOLUTE
    ..\SYSTEM\usart\usart.c                  0x00000000   Number         0  usart.o ABSOLUTE
    ..\\CORE\\core_cm3.c                     0x00000000   Number         0  core_cm3.o ABSOLUTE
    ..\\SYSTEM\\sys\\sys.c                   0x00000000   Number         0  sys.o ABSOLUTE
    dc.s                                     0x00000000   Number         0  dc.o ABSOLUTE
    main.c                                   0x00000000   Number         0  main.o ABSOLUTE
    stm32f10x_it.c                           0x00000000   Number         0  stm32f10x_it.o ABSOLUTE
    system_stm32f10x.c                       0x00000000   Number         0  system_stm32f10x.o ABSOLUTE
    RESET                                    0x08000000   Section      236  startup_stm32f10x_ld.o(RESET)
    !!!main                                  0x080000ec   Section        8  __main.o(!!!main)
    !!!scatter                               0x080000f4   Section       52  __scatter.o(!!!scatter)
    !!handler_copy                           0x08000128   Section       26  __scatter_copy.o(!!handler_copy)
    !!handler_zi                             0x08000144   Section       28  __scatter_zi.o(!!handler_zi)
    .ARM.Collect$$_printf_percent$$00000000  0x08000160   Section        0  _printf_percent.o(.ARM.Collect$$_printf_percent$$00000000)
    .ARM.Collect$$_printf_percent$$00000009  0x08000160   Section        6  _printf_d.o(.ARM.Collect$$_printf_percent$$00000009)
    .ARM.Collect$$_printf_percent$$0000000B  0x08000166   Section        6  _printf_o.o(.ARM.Collect$$_printf_percent$$0000000B)
    .ARM.Collect$$_printf_percent$$0000000C  0x0800016c   Section        6  _printf_x.o(.ARM.Collect$$_printf_percent$$0000000C)
    .ARM.Collect$$_printf_percent$$00000017  0x08000172   Section        4  _printf_percent_end.o(.ARM.Collect$$_printf_percent$$00000017)
    .ARM.Collect$$libinit$$00000000          0x08000176   Section        2  libinit.o(.ARM.Collect$$libinit$$00000000)
    .ARM.Collect$$libinit$$00000002          0x08000178   Section        0  libinit2.o(.ARM.Collect$$libinit$$00000002)
    .ARM.Collect$$libinit$$00000008          0x08000178   Section        0  libinit2.o(.ARM.Collect$$libinit$$00000008)
    .ARM.Collect$$libinit$$0000000A          0x08000178   Section        0  libinit2.o(.ARM.Collect$$libinit$$0000000A)
    .ARM.Collect$$libinit$$0000000C          0x08000178   Section        0  libinit2.o(.ARM.Collect$$libinit$$0000000C)
    .ARM.Collect$$libinit$$0000000D          0x08000178   Section        6  libinit2.o(.ARM.Collect$$libinit$$0000000D)
    .ARM.Collect$$libinit$$0000000F          0x0800017e   Section        0  libinit2.o(.ARM.Collect$$libinit$$0000000F)
    .ARM.Collect$$libinit$$00000010          0x0800017e   Section       12  libinit2.o(.ARM.Collect$$libinit$$00000010)
    .ARM.Collect$$libinit$$00000011          0x0800018a   Section        0  libinit2.o(.ARM.Collect$$libinit$$00000011)
    .ARM.Collect$$libinit$$00000013          0x0800018a   Section        0  libinit2.o(.ARM.Collect$$libinit$$00000013)
    .ARM.Collect$$libinit$$00000015          0x0800018a   Section        0  libinit2.o(.ARM.Collect$$libinit$$00000015)
    .ARM.Collect$$libinit$$00000017          0x0800018a   Section        0  libinit2.o(.ARM.Collect$$libinit$$00000017)
    .ARM.Collect$$libinit$$00000019          0x0800018a   Section        0  libinit2.o(.ARM.Collect$$libinit$$00000019)
    .ARM.Collect$$libinit$$0000001B          0x0800018a   Section        0  libinit2.o(.ARM.Collect$$libinit$$0000001B)
    .ARM.Collect$$libinit$$0000001D          0x0800018a   Section        0  libinit2.o(.ARM.Collect$$libinit$$0000001D)
    .ARM.Collect$$libinit$$0000001F          0x0800018a   Section        0  libinit2.o(.ARM.Collect$$libinit$$0000001F)
    .ARM.Collect$$libinit$$00000021          0x0800018a   Section        0  libinit2.o(.ARM.Collect$$libinit$$00000021)
    .ARM.Collect$$libinit$$00000023          0x0800018a   Section        0  libinit2.o(.ARM.Collect$$libinit$$00000023)
    .ARM.Collect$$libinit$$0000002A          0x0800018a   Section        0  libinit2.o(.ARM.Collect$$libinit$$0000002A)
    .ARM.Collect$$libinit$$0000002C          0x0800018a   Section        0  libinit2.o(.ARM.Collect$$libinit$$0000002C)
    .ARM.Collect$$libinit$$0000002E          0x0800018a   Section        0  libinit2.o(.ARM.Collect$$libinit$$0000002E)
    .ARM.Collect$$libinit$$00000030          0x0800018a   Section        0  libinit2.o(.ARM.Collect$$libinit$$00000030)
    .ARM.Collect$$libinit$$00000031          0x0800018a   Section        2  libinit2.o(.ARM.Collect$$libinit$$00000031)
    .ARM.Collect$$libshutdown$$00000000      0x0800018c   Section        2  libshutdown.o(.ARM.Collect$$libshutdown$$00000000)
    .ARM.Collect$$libshutdown$$00000003      0x0800018e   Section        0  libshutdown2.o(.ARM.Collect$$libshutdown$$00000003)
    .ARM.Collect$$libshutdown$$00000006      0x0800018e   Section        0  libshutdown2.o(.ARM.Collect$$libshutdown$$00000006)
    .ARM.Collect$$libshutdown$$00000009      0x0800018e   Section        0  libshutdown2.o(.ARM.Collect$$libshutdown$$00000009)
    .ARM.Collect$$libshutdown$$0000000B      0x0800018e   Section        0  libshutdown2.o(.ARM.Collect$$libshutdown$$0000000B)
    .ARM.Collect$$libshutdown$$0000000E      0x0800018e   Section        0  libshutdown2.o(.ARM.Collect$$libshutdown$$0000000E)
    .ARM.Collect$$libshutdown$$0000000F      0x0800018e   Section        2  libshutdown2.o(.ARM.Collect$$libshutdown$$0000000F)
    .ARM.Collect$$rtentry$$00000000          0x08000190   Section        0  rtentry.o(.ARM.Collect$$rtentry$$00000000)
    .ARM.Collect$$rtentry$$00000002          0x08000190   Section        0  rtentry2.o(.ARM.Collect$$rtentry$$00000002)
    .ARM.Collect$$rtentry$$00000004          0x08000190   Section        6  rtentry4.o(.ARM.Collect$$rtentry$$00000004)
    .ARM.Collect$$rtentry$$00000009          0x08000196   Section        0  rtentry2.o(.ARM.Collect$$rtentry$$00000009)
    .ARM.Collect$$rtentry$$0000000A          0x08000196   Section        4  rtentry2.o(.ARM.Collect$$rtentry$$0000000A)
    .ARM.Collect$$rtentry$$0000000C          0x0800019a   Section        0  rtentry2.o(.ARM.Collect$$rtentry$$0000000C)
    .ARM.Collect$$rtentry$$0000000D          0x0800019a   Section        8  rtentry2.o(.ARM.Collect$$rtentry$$0000000D)
    .ARM.Collect$$rtexit$$00000000           0x080001a2   Section        2  rtexit.o(.ARM.Collect$$rtexit$$00000000)
    .ARM.Collect$$rtexit$$00000002           0x080001a4   Section        0  rtexit2.o(.ARM.Collect$$rtexit$$00000002)
    .ARM.Collect$$rtexit$$00000003           0x080001a4   Section        4  rtexit2.o(.ARM.Collect$$rtexit$$00000003)
    .ARM.Collect$$rtexit$$00000004           0x080001a8   Section        6  rtexit2.o(.ARM.Collect$$rtexit$$00000004)
    .text                                    0x080001b0   Section        0  main.o(.text)
    .text                                    0x080003d8   Section        0  stm32f10x_it.o(.text)
    .text                                    0x080003f4   Section        0  system_stm32f10x.o(.text)
    SetSysClockTo72                          0x080003f5   Thumb Code   214  system_stm32f10x.o(.text)
    SetSysClock                              0x080004cb   Thumb Code     8  system_stm32f10x.o(.text)
    .text                                    0x080005d4   Section        0  led.o(.text)
    .text                                    0x08000620   Section        0  key.o(.text)
    .text                                    0x08000b94   Section        0  rs485.o(.text)
    .text                                    0x08000d48   Section        0  iic.o(.text)
    .text                                    0x08000fd0   Section        0  oled.o(.text)
    writeCommand                             0x08000fd1   Thumb Code    44  oled.o(.text)
    setPos                                   0x08000ffd   Thumb Code    36  oled.o(.text)
    findCNIndex                              0x08001021   Thumb Code    94  oled.o(.text)
    writeData                                0x0800107f   Thumb Code    44  oled.o(.text)
    .text                                    0x08001404   Section        0  rtc.o(.text)
    RTC_NVIC_Config                          0x08001405   Thumb Code    32  rtc.o(.text)
    .text                                    0x08001924   Section        0  stmflash.o(.text)
    .text                                    0x08001a68   Section        0  delay.o(.text)
    .text                                    0x08001b3c   Section        0  usart.o(.text)
    .text                                    0x08001c7c   Section       64  startup_stm32f10x_ld.o(.text)
    .text                                    0x08001cbc   Section        0  misc.o(.text)
    .text                                    0x08001d98   Section        0  stm32f10x_gpio.o(.text)
    .text                                    0x080020f4   Section        0  stm32f10x_rcc.o(.text)
    .text                                    0x08002498   Section        0  stm32f10x_usart.o(.text)
    .text                                    0x080028a0   Section        0  stm32f10x_flash.o(.text)
    .text                                    0x08002e5c   Section        0  stm32f10x_bkp.o(.text)
    .text                                    0x08002f20   Section        0  stm32f10x_rtc.o(.text)
    .text                                    0x08003068   Section        0  stm32f10x_pwr.o(.text)
    .text                                    0x08003134   Section        0  stm32f10x_tim.o(.text)
    TI4_Config                               0x080035db   Thumb Code   130  stm32f10x_tim.o(.text)
    TI3_Config                               0x0800366f   Thumb Code   122  stm32f10x_tim.o(.text)
    TI2_Config                               0x08003703   Thumb Code   130  stm32f10x_tim.o(.text)
    TI1_Config                               0x08003797   Thumb Code   108  stm32f10x_tim.o(.text)
    .text                                    0x08003f4e   Section        2  use_no_semi_2.o(.text)
    .text                                    0x08003f50   Section        0  noretval__2printf.o(.text)
    .text                                    0x08003f68   Section        0  noretval__2sprintf.o(.text)
    .text                                    0x08003f90   Section        0  __printf.o(.text)
    .text                                    0x08003ff8   Section        0  _printf_dec.o(.text)
    .text                                    0x0800406c   Section        0  _printf_oct_int.o(.text)
    .text                                    0x080040c0   Section        0  _printf_hex_int.o(.text)
    .text                                    0x08004118   Section        0  atoi.o(.text)
    .text                                    0x08004132   Section        0  strlen.o(.text)
    .text                                    0x08004170   Section       78  rt_memclr_w.o(.text)
    .text                                    0x080041be   Section        0  heapauxi.o(.text)
    .text                                    0x080041c4   Section        2  use_no_semi.o(.text)
    .text                                    0x080041c8   Section        8  rt_errno_addr_intlibspace.o(.text)
    .text                                    0x080041d0   Section        0  _printf_intcommon.o(.text)
    .text                                    0x08004284   Section        0  _printf_char_common.o(.text)
    _printf_input_char                       0x08004285   Thumb Code    10  _printf_char_common.o(.text)
    .text                                    0x080042b4   Section        0  _sputc.o(.text)
    .text                                    0x080042c0   Section        0  _printf_char_file.o(.text)
    .text                                    0x080042e4   Section        0  strtol.o(.text)
    .text                                    0x08004354   Section        8  libspace.o(.text)
    .text                                    0x0800435c   Section       16  rt_ctype_table.o(.text)
    .text                                    0x0800436c   Section        0  _strtoul.o(.text)
    .text                                    0x0800440a   Section        0  ferror.o(.text)
    .text                                    0x08004412   Section       74  sys_stackheap_outer.o(.text)
    .text                                    0x0800445c   Section        8  rt_locale_intlibspace.o(.text)
    .text                                    0x08004464   Section        0  _chval.o(.text)
    .text                                    0x08004480   Section        0  exit.o(.text)
    .text                                    0x0800448c   Section      128  strcmpv7m.o(.text)
    locale$$code                             0x0800450c   Section       44  lc_ctype_c.o(locale$$code)
    .constdata                               0x08004538   Section     7658  oled.o(.constdata)
    .constdata                               0x08006322   Section       24  rtc.o(.constdata)
    .constdata                               0x0800633a   Section       40  _printf_hex_int.o(.constdata)
    uc_hextab                                0x0800633a   Data          20  _printf_hex_int.o(.constdata)
    lc_hextab                                0x0800634e   Data          20  _printf_hex_int.o(.constdata)
    locale$$data                             0x08006384   Section      272  lc_ctype_c.o(locale$$data)
    __lcctype_c_name                         0x08006388   Data           2  lc_ctype_c.o(locale$$data)
    __lcctype_c_start                        0x08006390   Data           0  lc_ctype_c.o(locale$$data)
    __lcctype_c_end                          0x08006494   Data           0  lc_ctype_c.o(locale$$data)
    .data                                    0x20000000   Section       16  main.o(.data)
    .data                                    0x20000010   Section       20  system_stm32f10x.o(.data)
    .data                                    0x20000024   Section       15  key.o(.data)
    two_second_begin                         0x2000002c   Data           1  key.o(.data)
    two_second_count                         0x2000002d   Data           1  key.o(.data)
    data_write_count                         0x2000002f   Data           1  key.o(.data)
    data_read_count                          0x20000030   Data           1  key.o(.data)
    inputdata                                0x20000032   Data           1  key.o(.data)
    .data                                    0x20000033   Section        5  rs485.o(.data)
    .data                                    0x20000038   Section       46  oled.o(.data)
    .data                                    0x20000066   Section        2  rtc.o(.data)
    daycnt                                   0x20000066   Data           2  rtc.o(.data)
    .data                                    0x20000068   Section        4  delay.o(.data)
    fac_us                                   0x20000068   Data           1  delay.o(.data)
    fac_ms                                   0x2000006a   Data           2  delay.o(.data)
    .data                                    0x2000006c   Section        6  usart.o(.data)
    .data                                    0x20000072   Section       20  stm32f10x_rcc.o(.data)
    APBAHBPrescTable                         0x20000072   Data          16  stm32f10x_rcc.o(.data)
    ADCPrescTable                            0x20000082   Data           4  stm32f10x_rcc.o(.data)
    .bss                                     0x20000088   Section       16  main.o(.bss)
    .bss                                     0x20000098   Section       64  rs485.o(.bss)
    .bss                                     0x200000d8   Section       10  rtc.o(.bss)
    .bss                                     0x200000e2   Section     1024  stmflash.o(.bss)
    .bss                                     0x200004e2   Section      200  usart.o(.bss)
    .bss                                     0x200005ac   Section       96  libspace.o(.bss)
    HEAP                                     0x20000610   Section      512  startup_stm32f10x_ld.o(HEAP)
    Heap_Mem                                 0x20000610   Data         512  startup_stm32f10x_ld.o(HEAP)
    STACK                                    0x20000810   Section     1024  startup_stm32f10x_ld.o(STACK)
    Stack_Mem                                0x20000810   Data        1024  startup_stm32f10x_ld.o(STACK)
    __initial_sp                             0x20000c10   Data           0  startup_stm32f10x_ld.o(STACK)

    Global Symbols

    Symbol Name                              Value     Ov Type        Size  Object(Section)

    BuildAttributes$$THM_ISAv4$P$D$K$B$S$PE$A:L22UL41UL21$X:L11$S22US41US21$IEEE1$IW$USESV6$~STKCKD$USESV7$~SHL$OSPACE$ROPI$EBA8$UX$STANDARDLIB$REQ8$PRES8$EABIv2 0x00000000   Number         0  anon$$obj.o ABSOLUTE
    __ARM_use_no_argv                        0x00000000   Number         0  main.o ABSOLUTE
    __ARM_exceptions_init                     - Undefined Weak Reference
    __alloca_initialize                       - Undefined Weak Reference
    __cpp_initialize__aeabi_                  - Undefined Weak Reference
    __cxa_finalize                            - Undefined Weak Reference
    __sigvec_lookup                           - Undefined Weak Reference
    _atexit_init                              - Undefined Weak Reference
    _call_atexit_fns                          - Undefined Weak Reference
    _clock_init                               - Undefined Weak Reference
    _fp_trap_init                             - Undefined Weak Reference
    _fp_trap_shutdown                         - Undefined Weak Reference
    _get_lc_collate                           - Undefined Weak Reference
    _get_lc_monetary                          - Undefined Weak Reference
    _get_lc_numeric                           - Undefined Weak Reference
    _get_lc_time                              - Undefined Weak Reference
    _getenv_init                              - Undefined Weak Reference
    _handle_redirection                       - Undefined Weak Reference
    _init_alloc                               - Undefined Weak Reference
    _init_user_alloc                          - Undefined Weak Reference
    _initio                                   - Undefined Weak Reference
    _mutex_acquire                            - Undefined Weak Reference
    _mutex_release                            - Undefined Weak Reference
    _printf_post_padding                      - Undefined Weak Reference
    _printf_pre_padding                       - Undefined Weak Reference
    _printf_truncate_signed                   - Undefined Weak Reference
    _printf_truncate_unsigned                 - Undefined Weak Reference
    _rand_init                                - Undefined Weak Reference
    _signal_finish                            - Undefined Weak Reference
    _signal_init                              - Undefined Weak Reference
    _terminate_alloc                          - Undefined Weak Reference
    _terminate_user_alloc                     - Undefined Weak Reference
    _terminateio                              - Undefined Weak Reference
    __Vectors_Size                           0x000000ec   Number         0  startup_stm32f10x_ld.o ABSOLUTE
    __Vectors                                0x08000000   Data           4  startup_stm32f10x_ld.o(RESET)
    __Vectors_End                            0x080000ec   Data           0  startup_stm32f10x_ld.o(RESET)
    __main                                   0x080000ed   Thumb Code     8  __main.o(!!!main)
    __scatterload                            0x080000f5   Thumb Code     0  __scatter.o(!!!scatter)
    __scatterload_rt2                        0x080000f5   Thumb Code    44  __scatter.o(!!!scatter)
    __scatterload_rt2_thumb_only             0x080000f5   Thumb Code     0  __scatter.o(!!!scatter)
    __scatterload_null                       0x08000103   Thumb Code     0  __scatter.o(!!!scatter)
    __scatterload_copy                       0x08000129   Thumb Code    26  __scatter_copy.o(!!handler_copy)
    __scatterload_zeroinit                   0x08000145   Thumb Code    28  __scatter_zi.o(!!handler_zi)
    _printf_d                                0x08000161   Thumb Code     0  _printf_d.o(.ARM.Collect$$_printf_percent$$00000009)
    _printf_percent                          0x08000161   Thumb Code     0  _printf_percent.o(.ARM.Collect$$_printf_percent$$00000000)
    _printf_o                                0x08000167   Thumb Code     0  _printf_o.o(.ARM.Collect$$_printf_percent$$0000000B)
    _printf_x                                0x0800016d   Thumb Code     0  _printf_x.o(.ARM.Collect$$_printf_percent$$0000000C)
    _printf_percent_end                      0x08000173   Thumb Code     0  _printf_percent_end.o(.ARM.Collect$$_printf_percent$$00000017)
    __rt_lib_init                            0x08000177   Thumb Code     0  libinit.o(.ARM.Collect$$libinit$$00000000)
    __rt_lib_init_fp_1                       0x08000179   Thumb Code     0  libinit2.o(.ARM.Collect$$libinit$$00000002)
    __rt_lib_init_heap_1                     0x08000179   Thumb Code     0  libinit2.o(.ARM.Collect$$libinit$$00000008)
    __rt_lib_init_lc_common                  0x08000179   Thumb Code     0  libinit2.o(.ARM.Collect$$libinit$$0000000D)
    __rt_lib_init_rand_1                     0x08000179   Thumb Code     0  libinit2.o(.ARM.Collect$$libinit$$0000000C)
    __rt_lib_init_user_alloc_1               0x08000179   Thumb Code     0  libinit2.o(.ARM.Collect$$libinit$$0000000A)
    __rt_lib_init_lc_collate_1               0x0800017f   Thumb Code     0  libinit2.o(.ARM.Collect$$libinit$$0000000F)
    __rt_lib_init_lc_ctype_2                 0x0800017f   Thumb Code     0  libinit2.o(.ARM.Collect$$libinit$$00000010)
    __rt_lib_init_alloca_1                   0x0800018b   Thumb Code     0  libinit2.o(.ARM.Collect$$libinit$$0000002C)
    __rt_lib_init_argv_1                     0x0800018b   Thumb Code     0  libinit2.o(.ARM.Collect$$libinit$$0000002A)
    __rt_lib_init_atexit_1                   0x0800018b   Thumb Code     0  libinit2.o(.ARM.Collect$$libinit$$00000019)
    __rt_lib_init_clock_1                    0x0800018b   Thumb Code     0  libinit2.o(.ARM.Collect$$libinit$$0000001F)
    __rt_lib_init_cpp_1                      0x0800018b   Thumb Code     0  libinit2.o(.ARM.Collect$$libinit$$00000030)
    __rt_lib_init_exceptions_1               0x0800018b   Thumb Code     0  libinit2.o(.ARM.Collect$$libinit$$0000002E)
    __rt_lib_init_fp_trap_1                  0x0800018b   Thumb Code     0  libinit2.o(.ARM.Collect$$libinit$$0000001D)
    __rt_lib_init_getenv_1                   0x0800018b   Thumb Code     0  libinit2.o(.ARM.Collect$$libinit$$00000021)
    __rt_lib_init_lc_ctype_1                 0x0800018b   Thumb Code     0  libinit2.o(.ARM.Collect$$libinit$$00000011)
    __rt_lib_init_lc_monetary_1              0x0800018b   Thumb Code     0  libinit2.o(.ARM.Collect$$libinit$$00000013)
    __rt_lib_init_lc_numeric_1               0x0800018b   Thumb Code     0  libinit2.o(.ARM.Collect$$libinit$$00000015)
    __rt_lib_init_lc_time_1                  0x0800018b   Thumb Code     0  libinit2.o(.ARM.Collect$$libinit$$00000017)
    __rt_lib_init_return                     0x0800018b   Thumb Code     0  libinit2.o(.ARM.Collect$$libinit$$00000031)
    __rt_lib_init_signal_1                   0x0800018b   Thumb Code     0  libinit2.o(.ARM.Collect$$libinit$$0000001B)
    __rt_lib_init_stdio_1                    0x0800018b   Thumb Code     0  libinit2.o(.ARM.Collect$$libinit$$00000023)
    __rt_lib_shutdown                        0x0800018d   Thumb Code     0  libshutdown.o(.ARM.Collect$$libshutdown$$00000000)
    __rt_lib_shutdown_fp_trap_1              0x0800018f   Thumb Code     0  libshutdown2.o(.ARM.Collect$$libshutdown$$00000006)
    __rt_lib_shutdown_heap_1                 0x0800018f   Thumb Code     0  libshutdown2.o(.ARM.Collect$$libshutdown$$0000000E)
    __rt_lib_shutdown_return                 0x0800018f   Thumb Code     0  libshutdown2.o(.ARM.Collect$$libshutdown$$0000000F)
    __rt_lib_shutdown_signal_1               0x0800018f   Thumb Code     0  libshutdown2.o(.ARM.Collect$$libshutdown$$00000009)
    __rt_lib_shutdown_stdio_1                0x0800018f   Thumb Code     0  libshutdown2.o(.ARM.Collect$$libshutdown$$00000003)
    __rt_lib_shutdown_user_alloc_1           0x0800018f   Thumb Code     0  libshutdown2.o(.ARM.Collect$$libshutdown$$0000000B)
    __rt_entry                               0x08000191   Thumb Code     0  rtentry.o(.ARM.Collect$$rtentry$$00000000)
    __rt_entry_presh_1                       0x08000191   Thumb Code     0  rtentry2.o(.ARM.Collect$$rtentry$$00000002)
    __rt_entry_sh                            0x08000191   Thumb Code     0  rtentry4.o(.ARM.Collect$$rtentry$$00000004)
    __rt_entry_li                            0x08000197   Thumb Code     0  rtentry2.o(.ARM.Collect$$rtentry$$0000000A)
    __rt_entry_postsh_1                      0x08000197   Thumb Code     0  rtentry2.o(.ARM.Collect$$rtentry$$00000009)
    __rt_entry_main                          0x0800019b   Thumb Code     0  rtentry2.o(.ARM.Collect$$rtentry$$0000000D)
    __rt_entry_postli_1                      0x0800019b   Thumb Code     0  rtentry2.o(.ARM.Collect$$rtentry$$0000000C)
    __rt_exit                                0x080001a3   Thumb Code     0  rtexit.o(.ARM.Collect$$rtexit$$00000000)
    __rt_exit_ls                             0x080001a5   Thumb Code     0  rtexit2.o(.ARM.Collect$$rtexit$$00000003)
    __rt_exit_prels_1                        0x080001a5   Thumb Code     0  rtexit2.o(.ARM.Collect$$rtexit$$00000002)
    __rt_exit_exit                           0x080001a9   Thumb Code     0  rtexit2.o(.ARM.Collect$$rtexit$$00000004)
    main                                     0x080001b1   Thumb Code   490  main.o(.text)
    NMI_Handler                              0x080003d9   Thumb Code     2  stm32f10x_it.o(.text)
    HardFault_Handler                        0x080003db   Thumb Code     4  stm32f10x_it.o(.text)
    MemManage_Handler                        0x080003df   Thumb Code     4  stm32f10x_it.o(.text)
    BusFault_Handler                         0x080003e3   Thumb Code     4  stm32f10x_it.o(.text)
    UsageFault_Handler                       0x080003e7   Thumb Code     4  stm32f10x_it.o(.text)
    SVC_Handler                              0x080003eb   Thumb Code     2  stm32f10x_it.o(.text)
    DebugMon_Handler                         0x080003ed   Thumb Code     2  stm32f10x_it.o(.text)
    PendSV_Handler                           0x080003ef   Thumb Code     2  stm32f10x_it.o(.text)
    SysTick_Handler                          0x080003f1   Thumb Code     2  stm32f10x_it.o(.text)
    SystemInit                               0x080004d3   Thumb Code    78  system_stm32f10x.o(.text)
    SystemCoreClockUpdate                    0x08000521   Thumb Code   142  system_stm32f10x.o(.text)
    LED_Init                                 0x080005d5   Thumb Code    68  led.o(.text)
    Timer3_Init                              0x08000621   Thumb Code    90  key.o(.text)
    KEY_Init                                 0x0800067b   Thumb Code    40  key.o(.text)
    key_event_callback                       0x080006a3   Thumb Code    26  key.o(.text)
    GetKeyValue                              0x080006bd   Thumb Code    66  key.o(.text)
    show_savedata                            0x080006ff   Thumb Code   392  key.o(.text)
    key_event_hadler                         0x08000887   Thumb Code   550  key.o(.text)
    TIM3_IRQHandler                          0x08000aad   Thumb Code   184  key.o(.text)
    USART2_IRQHandler                        0x08000b95   Thumb Code    50  rs485.o(.text)
    RS485_Init                               0x08000bc7   Thumb Code   216  rs485.o(.text)
    RS485_Send_Data                          0x08000c9f   Thumb Code    72  rs485.o(.text)
    RS485_Receive_Data                       0x08000ce7   Thumb Code    68  rs485.o(.text)
    setSDA_IN                                0x08000d49   Thumb Code    34  iic.o(.text)
    setSDA_OUT                               0x08000d6b   Thumb Code    50  iic.o(.text)
    initIIC                                  0x08000d9d   Thumb Code    84  iic.o(.text)
    startIIC                                 0x08000df1   Thumb Code    60  iic.o(.text)
    stopIIC                                  0x08000e2d   Thumb Code    60  iic.o(.text)
    sendIICByte                              0x08000e69   Thumb Code    86  iic.o(.text)
    receiveIICByte                           0x08000ebf   Thumb Code    92  iic.o(.text)
    sendIICAck                               0x08000f1b   Thumb Code    54  iic.o(.text)
    sendIICNAck                              0x08000f51   Thumb Code    44  iic.o(.text)
    waitAck                                  0x08000f7d   Thumb Code    78  iic.o(.text)
    setScreenReverse                         0x080010ab   Thumb Code    24  oled.o(.text)
    setScreenDir                             0x080010c3   Thumb Code    34  oled.o(.text)
    setScreenSwtich                          0x080010e5   Thumb Code    22  oled.o(.text)
    initOLED                                 0x080010fb   Thumb Code    46  oled.o(.text)
    formatScreen                             0x08001129   Thumb Code    58  oled.o(.text)
    showChar                                 0x08001163   Thumb Code   150  oled.o(.text)
    showString                               0x080011f9   Thumb Code    42  oled.o(.text)
    showNumber                               0x08001223   Thumb Code   152  oled.o(.text)
    showCNString                             0x080012bb   Thumb Code   146  oled.o(.text)
    showImage                                0x0800134d   Thumb Code   134  oled.o(.text)
    RTC_Get_Week                             0x08001425   Thumb Code   116  rtc.o(.text)
    Is_Leap_Year                             0x08001499   Thumb Code    58  rtc.o(.text)
    RTC_Get                                  0x080014d3   Thumb Code   240  rtc.o(.text)
    RTC_Set                                  0x080015c3   Thumb Code   184  rtc.o(.text)
    RTC_Init                                 0x0800167b   Thumb Code   192  rtc.o(.text)
    RTC_IRQHandler                           0x0800173b   Thumb Code   232  rtc.o(.text)
    RTC_Alarm_Set                            0x08001823   Thumb Code   258  rtc.o(.text)
    STMFLASH_ReadHalfWord                    0x08001925   Thumb Code     6  stmflash.o(.text)
    STMFLASH_Write_NoCheck                   0x0800192b   Thumb Code    38  stmflash.o(.text)
    STMFLASH_Read                            0x08001951   Thumb Code    34  stmflash.o(.text)
    STMFLASH_Write                           0x08001973   Thumb Code   222  stmflash.o(.text)
    Test_Write                               0x08001a51   Thumb Code    16  stmflash.o(.text)
    delay_init                               0x08001a69   Thumb Code    50  delay.o(.text)
    delay_us                                 0x08001a9b   Thumb Code    72  delay.o(.text)
    delay_ms                                 0x08001ae3   Thumb Code    72  delay.o(.text)
    _sys_exit                                0x08001b3d   Thumb Code     4  usart.o(.text)
    fputc                                    0x08001b41   Thumb Code    24  usart.o(.text)
    uart_init                                0x08001b59   Thumb Code   152  usart.o(.text)
    USART1_IRQHandler                        0x08001bf1   Thumb Code   122  usart.o(.text)
    Reset_Handler                            0x08001c7d   Thumb Code     8  startup_stm32f10x_ld.o(.text)
    ADC1_2_IRQHandler                        0x08001c97   Thumb Code     0  startup_stm32f10x_ld.o(.text)
    CAN1_RX1_IRQHandler                      0x08001c97   Thumb Code     0  startup_stm32f10x_ld.o(.text)
    CAN1_SCE_IRQHandler                      0x08001c97   Thumb Code     0  startup_stm32f10x_ld.o(.text)
    DMA1_Channel1_IRQHandler                 0x08001c97   Thumb Code     0  startup_stm32f10x_ld.o(.text)
    DMA1_Channel2_IRQHandler                 0x08001c97   Thumb Code     0  startup_stm32f10x_ld.o(.text)
    DMA1_Channel3_IRQHandler                 0x08001c97   Thumb Code     0  startup_stm32f10x_ld.o(.text)
    DMA1_Channel4_IRQHandler                 0x08001c97   Thumb Code     0  startup_stm32f10x_ld.o(.text)
    DMA1_Channel5_IRQHandler                 0x08001c97   Thumb Code     0  startup_stm32f10x_ld.o(.text)
    DMA1_Channel6_IRQHandler                 0x08001c97   Thumb Code     0  startup_stm32f10x_ld.o(.text)
    DMA1_Channel7_IRQHandler                 0x08001c97   Thumb Code     0  startup_stm32f10x_ld.o(.text)
    EXTI0_IRQHandler                         0x08001c97   Thumb Code     0  startup_stm32f10x_ld.o(.text)
    EXTI15_10_IRQHandler                     0x08001c97   Thumb Code     0  startup_stm32f10x_ld.o(.text)
    EXTI1_IRQHandler                         0x08001c97   Thumb Code     0  startup_stm32f10x_ld.o(.text)
    EXTI2_IRQHandler                         0x08001c97   Thumb Code     0  startup_stm32f10x_ld.o(.text)
    EXTI3_IRQHandler                         0x08001c97   Thumb Code     0  startup_stm32f10x_ld.o(.text)
    EXTI4_IRQHandler                         0x08001c97   Thumb Code     0  startup_stm32f10x_ld.o(.text)
    EXTI9_5_IRQHandler                       0x08001c97   Thumb Code     0  startup_stm32f10x_ld.o(.text)
    FLASH_IRQHandler                         0x08001c97   Thumb Code     0  startup_stm32f10x_ld.o(.text)
    I2C1_ER_IRQHandler                       0x08001c97   Thumb Code     0  startup_stm32f10x_ld.o(.text)
    I2C1_EV_IRQHandler                       0x08001c97   Thumb Code     0  startup_stm32f10x_ld.o(.text)
    PVD_IRQHandler                           0x08001c97   Thumb Code     0  startup_stm32f10x_ld.o(.text)
    RCC_IRQHandler                           0x08001c97   Thumb Code     0  startup_stm32f10x_ld.o(.text)
    RTCAlarm_IRQHandler                      0x08001c97   Thumb Code     0  startup_stm32f10x_ld.o(.text)
    SPI1_IRQHandler                          0x08001c97   Thumb Code     0  startup_stm32f10x_ld.o(.text)
    TAMPER_IRQHandler                        0x08001c97   Thumb Code     0  startup_stm32f10x_ld.o(.text)
    TIM1_BRK_IRQHandler                      0x08001c97   Thumb Code     0  startup_stm32f10x_ld.o(.text)
    TIM1_CC_IRQHandler                       0x08001c97   Thumb Code     0  startup_stm32f10x_ld.o(.text)
    TIM1_TRG_COM_IRQHandler                  0x08001c97   Thumb Code     0  startup_stm32f10x_ld.o(.text)
    TIM1_UP_IRQHandler                       0x08001c97   Thumb Code     0  startup_stm32f10x_ld.o(.text)
    TIM2_IRQHandler                          0x08001c97   Thumb Code     0  startup_stm32f10x_ld.o(.text)
    USBWakeUp_IRQHandler                     0x08001c97   Thumb Code     0  startup_stm32f10x_ld.o(.text)
    USB_HP_CAN1_TX_IRQHandler                0x08001c97   Thumb Code     0  startup_stm32f10x_ld.o(.text)
    USB_LP_CAN1_RX0_IRQHandler               0x08001c97   Thumb Code     0  startup_stm32f10x_ld.o(.text)
    WWDG_IRQHandler                          0x08001c97   Thumb Code     0  startup_stm32f10x_ld.o(.text)
    __user_initial_stackheap                 0x08001c99   Thumb Code     0  startup_stm32f10x_ld.o(.text)
    NVIC_PriorityGroupConfig                 0x08001cbd   Thumb Code    10  misc.o(.text)
    NVIC_Init                                0x08001cc7   Thumb Code   100  misc.o(.text)
    NVIC_SetVectorTable                      0x08001d2b   Thumb Code    14  misc.o(.text)
    NVIC_SystemLPConfig                      0x08001d39   Thumb Code    34  misc.o(.text)
    SysTick_CLKSourceConfig                  0x08001d5b   Thumb Code    40  misc.o(.text)
    GPIO_DeInit                              0x08001d99   Thumb Code   172  stm32f10x_gpio.o(.text)
    GPIO_AFIODeInit                          0x08001e45   Thumb Code    20  stm32f10x_gpio.o(.text)
    GPIO_Init                                0x08001e59   Thumb Code   278  stm32f10x_gpio.o(.text)
    GPIO_StructInit                          0x08001f6f   Thumb Code    16  stm32f10x_gpio.o(.text)
    GPIO_ReadInputDataBit                    0x08001f7f   Thumb Code    18  stm32f10x_gpio.o(.text)
    GPIO_ReadInputData                       0x08001f91   Thumb Code     8  stm32f10x_gpio.o(.text)
    GPIO_ReadOutputDataBit                   0x08001f99   Thumb Code    18  stm32f10x_gpio.o(.text)
    GPIO_ReadOutputData                      0x08001fab   Thumb Code     8  stm32f10x_gpio.o(.text)
    GPIO_SetBits                             0x08001fb3   Thumb Code     4  stm32f10x_gpio.o(.text)
    GPIO_ResetBits                           0x08001fb7   Thumb Code     4  stm32f10x_gpio.o(.text)
    GPIO_WriteBit                            0x08001fbb   Thumb Code    10  stm32f10x_gpio.o(.text)
    GPIO_Write                               0x08001fc5   Thumb Code     4  stm32f10x_gpio.o(.text)
    GPIO_PinLockConfig                       0x08001fc9   Thumb Code    18  stm32f10x_gpio.o(.text)
    GPIO_EventOutputConfig                   0x08001fdb   Thumb Code    26  stm32f10x_gpio.o(.text)
    GPIO_EventOutputCmd                      0x08001ff5   Thumb Code     6  stm32f10x_gpio.o(.text)
    GPIO_PinRemapConfig                      0x08001ffb   Thumb Code   138  stm32f10x_gpio.o(.text)
    GPIO_EXTILineConfig                      0x08002085   Thumb Code    66  stm32f10x_gpio.o(.text)
    GPIO_ETH_MediaInterfaceConfig            0x080020c7   Thumb Code     8  stm32f10x_gpio.o(.text)
    RCC_DeInit                               0x080020f5   Thumb Code    64  stm32f10x_rcc.o(.text)
    RCC_HSEConfig                            0x08002135   Thumb Code    70  stm32f10x_rcc.o(.text)
    RCC_GetFlagStatus                        0x0800217b   Thumb Code    56  stm32f10x_rcc.o(.text)
    RCC_WaitForHSEStartUp                    0x080021b3   Thumb Code    56  stm32f10x_rcc.o(.text)
    RCC_AdjustHSICalibrationValue            0x080021eb   Thumb Code    20  stm32f10x_rcc.o(.text)
    RCC_HSICmd                               0x080021ff   Thumb Code     6  stm32f10x_rcc.o(.text)
    RCC_PLLConfig                            0x08002205   Thumb Code    24  stm32f10x_rcc.o(.text)
    RCC_PLLCmd                               0x0800221d   Thumb Code     6  stm32f10x_rcc.o(.text)
    RCC_SYSCLKConfig                         0x08002223   Thumb Code    18  stm32f10x_rcc.o(.text)
    RCC_GetSYSCLKSource                      0x08002235   Thumb Code    10  stm32f10x_rcc.o(.text)
    RCC_HCLKConfig                           0x0800223f   Thumb Code    18  stm32f10x_rcc.o(.text)
    RCC_PCLK1Config                          0x08002251   Thumb Code    18  stm32f10x_rcc.o(.text)
    RCC_PCLK2Config                          0x08002263   Thumb Code    20  stm32f10x_rcc.o(.text)
    RCC_ITConfig                             0x08002277   Thumb Code    26  stm32f10x_rcc.o(.text)
    RCC_USBCLKConfig                         0x08002291   Thumb Code     8  stm32f10x_rcc.o(.text)
    RCC_ADCCLKConfig                         0x08002299   Thumb Code    18  stm32f10x_rcc.o(.text)
    RCC_LSEConfig                            0x080022ab   Thumb Code    50  stm32f10x_rcc.o(.text)
    RCC_LSICmd                               0x080022dd   Thumb Code     6  stm32f10x_rcc.o(.text)
    RCC_RTCCLKConfig                         0x080022e3   Thumb Code    12  stm32f10x_rcc.o(.text)
    RCC_RTCCLKCmd                            0x080022ef   Thumb Code     8  stm32f10x_rcc.o(.text)
    RCC_GetClocksFreq                        0x080022f7   Thumb Code   192  stm32f10x_rcc.o(.text)
    RCC_AHBPeriphClockCmd                    0x080023b7   Thumb Code    26  stm32f10x_rcc.o(.text)
    RCC_APB2PeriphClockCmd                   0x080023d1   Thumb Code    26  stm32f10x_rcc.o(.text)
    RCC_APB1PeriphClockCmd                   0x080023eb   Thumb Code    26  stm32f10x_rcc.o(.text)
    RCC_APB2PeriphResetCmd                   0x08002405   Thumb Code    26  stm32f10x_rcc.o(.text)
    RCC_APB1PeriphResetCmd                   0x0800241f   Thumb Code    26  stm32f10x_rcc.o(.text)
    RCC_BackupResetCmd                       0x08002439   Thumb Code     8  stm32f10x_rcc.o(.text)
    RCC_ClockSecuritySystemCmd               0x08002441   Thumb Code     6  stm32f10x_rcc.o(.text)
    RCC_MCOConfig                            0x08002447   Thumb Code     6  stm32f10x_rcc.o(.text)
    RCC_ClearFlag                            0x0800244d   Thumb Code    14  stm32f10x_rcc.o(.text)
    RCC_GetITStatus                          0x0800245b   Thumb Code    20  stm32f10x_rcc.o(.text)
    RCC_ClearITPendingBit                    0x0800246f   Thumb Code     6  stm32f10x_rcc.o(.text)
    USART_DeInit                             0x08002499   Thumb Code   134  stm32f10x_usart.o(.text)
    USART_Init                               0x0800251f   Thumb Code   210  stm32f10x_usart.o(.text)
    USART_StructInit                         0x080025f1   Thumb Code    24  stm32f10x_usart.o(.text)
    USART_ClockInit                          0x08002609   Thumb Code    34  stm32f10x_usart.o(.text)
    USART_ClockStructInit                    0x0800262b   Thumb Code    12  stm32f10x_usart.o(.text)
    USART_Cmd                                0x08002637   Thumb Code    24  stm32f10x_usart.o(.text)
    USART_ITConfig                           0x0800264f   Thumb Code    74  stm32f10x_usart.o(.text)
    USART_DMACmd                             0x08002699   Thumb Code    18  stm32f10x_usart.o(.text)
    USART_SetAddress                         0x080026ab   Thumb Code    18  stm32f10x_usart.o(.text)
    USART_WakeUpConfig                       0x080026bd   Thumb Code    18  stm32f10x_usart.o(.text)
    USART_ReceiverWakeUpCmd                  0x080026cf   Thumb Code    24  stm32f10x_usart.o(.text)
    USART_LINBreakDetectLengthConfig         0x080026e7   Thumb Code    18  stm32f10x_usart.o(.text)
    USART_LINCmd                             0x080026f9   Thumb Code    24  stm32f10x_usart.o(.text)
    USART_SendData                           0x08002711   Thumb Code     8  stm32f10x_usart.o(.text)
    USART_ReceiveData                        0x08002719   Thumb Code    10  stm32f10x_usart.o(.text)
    USART_SendBreak                          0x08002723   Thumb Code    10  stm32f10x_usart.o(.text)
    USART_SetGuardTime                       0x0800272d   Thumb Code    16  stm32f10x_usart.o(.text)
    USART_SetPrescaler                       0x0800273d   Thumb Code    16  stm32f10x_usart.o(.text)
    USART_SmartCardCmd                       0x0800274d   Thumb Code    24  stm32f10x_usart.o(.text)
    USART_SmartCardNACKCmd                   0x08002765   Thumb Code    24  stm32f10x_usart.o(.text)
    USART_HalfDuplexCmd                      0x0800277d   Thumb Code    24  stm32f10x_usart.o(.text)
    USART_OverSampling8Cmd                   0x08002795   Thumb Code    22  stm32f10x_usart.o(.text)
    USART_OneBitMethodCmd                    0x080027ab   Thumb Code    24  stm32f10x_usart.o(.text)
    USART_IrDAConfig                         0x080027c3   Thumb Code    18  stm32f10x_usart.o(.text)
    USART_IrDACmd                            0x080027d5   Thumb Code    24  stm32f10x_usart.o(.text)
    USART_GetFlagStatus                      0x080027ed   Thumb Code    26  stm32f10x_usart.o(.text)
    USART_ClearFlag                          0x08002807   Thumb Code    18  stm32f10x_usart.o(.text)
    USART_GetITStatus                        0x08002819   Thumb Code    84  stm32f10x_usart.o(.text)
    USART_ClearITPendingBit                  0x0800286d   Thumb Code    52  stm32f10x_usart.o(.text)
    FLASH_SetLatency                         0x080028a1   Thumb Code    18  stm32f10x_flash.o(.text)
    FLASH_HalfCycleAccessCmd                 0x080028b3   Thumb Code    22  stm32f10x_flash.o(.text)
    FLASH_PrefetchBufferCmd                  0x080028c9   Thumb Code    22  stm32f10x_flash.o(.text)
    FLASH_Unlock                             0x080028df   Thumb Code    12  stm32f10x_flash.o(.text)
    FLASH_UnlockBank1                        0x080028eb   Thumb Code    12  stm32f10x_flash.o(.text)
    FLASH_Lock                               0x080028f7   Thumb Code    14  stm32f10x_flash.o(.text)
    FLASH_LockBank1                          0x08002905   Thumb Code    14  stm32f10x_flash.o(.text)
    FLASH_GetBank1Status                     0x08002913   Thumb Code    48  stm32f10x_flash.o(.text)
    FLASH_WaitForLastOperation               0x08002943   Thumb Code    38  stm32f10x_flash.o(.text)
    FLASH_ErasePage                          0x08002969   Thumb Code    72  stm32f10x_flash.o(.text)
    FLASH_EraseAllPages                      0x080029b1   Thumb Code    68  stm32f10x_flash.o(.text)
    FLASH_WaitForLastBank1Operation          0x080029f5   Thumb Code    38  stm32f10x_flash.o(.text)
    FLASH_EraseAllBank1Pages                 0x08002a1b   Thumb Code    68  stm32f10x_flash.o(.text)
    FLASH_GetReadOutProtectionStatus         0x08002a5f   Thumb Code    20  stm32f10x_flash.o(.text)
    FLASH_EraseOptionBytes                   0x08002a73   Thumb Code   150  stm32f10x_flash.o(.text)
    FLASH_ProgramWord                        0x08002b09   Thumb Code   102  stm32f10x_flash.o(.text)
    FLASH_ProgramHalfWord                    0x08002b6f   Thumb Code    60  stm32f10x_flash.o(.text)
    FLASH_ProgramOptionByteData              0x08002bab   Thumb Code    72  stm32f10x_flash.o(.text)
    FLASH_EnableWriteProtection              0x08002bf3   Thumb Code   200  stm32f10x_flash.o(.text)
    FLASH_ReadOutProtection                  0x08002cbb   Thumb Code   156  stm32f10x_flash.o(.text)
    FLASH_UserOptionByteConfig               0x08002d57   Thumb Code    88  stm32f10x_flash.o(.text)
    FLASH_GetUserOptionByte                  0x08002daf   Thumb Code     8  stm32f10x_flash.o(.text)
    FLASH_GetWriteProtectionOptionByte       0x08002db7   Thumb Code     6  stm32f10x_flash.o(.text)
    FLASH_GetPrefetchBufferStatus            0x08002dbd   Thumb Code    20  stm32f10x_flash.o(.text)
    FLASH_ITConfig                           0x08002dd1   Thumb Code    26  stm32f10x_flash.o(.text)
    FLASH_GetFlagStatus                      0x08002deb   Thumb Code    42  stm32f10x_flash.o(.text)
    FLASH_ClearFlag                          0x08002e15   Thumb Code     6  stm32f10x_flash.o(.text)
    FLASH_GetStatus                          0x08002e1b   Thumb Code    48  stm32f10x_flash.o(.text)
    BKP_DeInit                               0x08002e5d   Thumb Code    16  stm32f10x_bkp.o(.text)
    BKP_TamperPinLevelConfig                 0x08002e6d   Thumb Code     6  stm32f10x_bkp.o(.text)
    BKP_TamperPinCmd                         0x08002e73   Thumb Code     8  stm32f10x_bkp.o(.text)
    BKP_ITConfig                             0x08002e7b   Thumb Code     8  stm32f10x_bkp.o(.text)
    BKP_RTCOutputConfig                      0x08002e83   Thumb Code    22  stm32f10x_bkp.o(.text)
    BKP_SetRTCCalibrationValue               0x08002e99   Thumb Code    22  stm32f10x_bkp.o(.text)
    BKP_WriteBackupRegister                  0x08002eaf   Thumb Code    24  stm32f10x_bkp.o(.text)
    BKP_ReadBackupRegister                   0x08002ec7   Thumb Code    26  stm32f10x_bkp.o(.text)
    BKP_GetFlagStatus                        0x08002ee1   Thumb Code    10  stm32f10x_bkp.o(.text)
    BKP_ClearFlag                            0x08002eeb   Thumb Code    18  stm32f10x_bkp.o(.text)
    BKP_GetITStatus                          0x08002efd   Thumb Code    10  stm32f10x_bkp.o(.text)
    BKP_ClearITPendingBit                    0x08002f07   Thumb Code    18  stm32f10x_bkp.o(.text)
    RTC_ITConfig                             0x08002f21   Thumb Code    26  stm32f10x_rtc.o(.text)
    RTC_EnterConfigMode                      0x08002f3b   Thumb Code    18  stm32f10x_rtc.o(.text)
    RTC_ExitConfigMode                       0x08002f4d   Thumb Code    20  stm32f10x_rtc.o(.text)
    RTC_GetCounter                           0x08002f61   Thumb Code    18  stm32f10x_rtc.o(.text)
    RTC_SetCounter                           0x08002f73   Thumb Code    26  stm32f10x_rtc.o(.text)
    RTC_SetPrescaler                         0x08002f8d   Thumb Code    28  stm32f10x_rtc.o(.text)
    RTC_SetAlarm                             0x08002fa9   Thumb Code    26  stm32f10x_rtc.o(.text)
    RTC_GetDivider                           0x08002fc3   Thumb Code    22  stm32f10x_rtc.o(.text)
    RTC_WaitForLastTask                      0x08002fd9   Thumb Code    18  stm32f10x_rtc.o(.text)
    RTC_WaitForSynchro                       0x08002feb   Thumb Code    36  stm32f10x_rtc.o(.text)
    RTC_GetFlagStatus                        0x0800300f   Thumb Code    22  stm32f10x_rtc.o(.text)
    RTC_ClearFlag                            0x08003025   Thumb Code    16  stm32f10x_rtc.o(.text)
    RTC_GetITStatus                          0x08003035   Thumb Code    32  stm32f10x_rtc.o(.text)
    RTC_ClearITPendingBit                    0x08003055   Thumb Code    16  stm32f10x_rtc.o(.text)
    PWR_DeInit                               0x08003069   Thumb Code    22  stm32f10x_pwr.o(.text)
    PWR_BackupAccessCmd                      0x0800307f   Thumb Code     6  stm32f10x_pwr.o(.text)
    PWR_PVDCmd                               0x08003085   Thumb Code     6  stm32f10x_pwr.o(.text)
    PWR_PVDLevelConfig                       0x0800308b   Thumb Code    18  stm32f10x_pwr.o(.text)
    PWR_WakeUpPinCmd                         0x0800309d   Thumb Code     8  stm32f10x_pwr.o(.text)
    PWR_EnterSTOPMode                        0x080030a5   Thumb Code    54  stm32f10x_pwr.o(.text)
    PWR_EnterSTANDBYMode                     0x080030db   Thumb Code    42  stm32f10x_pwr.o(.text)
    PWR_GetFlagStatus                        0x08003105   Thumb Code    20  stm32f10x_pwr.o(.text)
    PWR_ClearFlag                            0x08003119   Thumb Code    14  stm32f10x_pwr.o(.text)
    TIM_DeInit                               0x08003135   Thumb Code   424  stm32f10x_tim.o(.text)
    TIM_TimeBaseInit                         0x080032dd   Thumb Code   122  stm32f10x_tim.o(.text)
    TIM_OC1Init                              0x08003357   Thumb Code   132  stm32f10x_tim.o(.text)
    TIM_OC2Init                              0x080033db   Thumb Code   154  stm32f10x_tim.o(.text)
    TIM_OC3Init                              0x08003475   Thumb Code   150  stm32f10x_tim.o(.text)
    TIM_OC4Init                              0x0800350b   Thumb Code   182  stm32f10x_tim.o(.text)
    TIM_SetIC4Prescaler                      0x080035c1   Thumb Code    26  stm32f10x_tim.o(.text)
    TIM_SetIC3Prescaler                      0x0800365d   Thumb Code    18  stm32f10x_tim.o(.text)
    TIM_SetIC2Prescaler                      0x080036e9   Thumb Code    26  stm32f10x_tim.o(.text)
    TIM_SetIC1Prescaler                      0x08003785   Thumb Code    18  stm32f10x_tim.o(.text)
    TIM_ICInit                               0x08003803   Thumb Code   150  stm32f10x_tim.o(.text)
    TIM_PWMIConfig                           0x08003899   Thumb Code   124  stm32f10x_tim.o(.text)
    TIM_BDTRConfig                           0x08003915   Thumb Code    32  stm32f10x_tim.o(.text)
    TIM_TimeBaseStructInit                   0x08003935   Thumb Code    18  stm32f10x_tim.o(.text)
    TIM_OCStructInit                         0x08003947   Thumb Code    20  stm32f10x_tim.o(.text)
    TIM_ICStructInit                         0x0800395b   Thumb Code    18  stm32f10x_tim.o(.text)
    TIM_BDTRStructInit                       0x0800396d   Thumb Code    40  stm32f10x_tim.o(.text)
    TIM_Cmd                                  0x08003995   Thumb Code    24  stm32f10x_tim.o(.text)
    TIM_CtrlPWMOutputs                       0x080039ad   Thumb Code    30  stm32f10x_tim.o(.text)
    TIM_ITConfig                             0x080039cb   Thumb Code    18  stm32f10x_tim.o(.text)
    TIM_GenerateEvent                        0x080039dd   Thumb Code     4  stm32f10x_tim.o(.text)
    TIM_DMAConfig                            0x080039e1   Thumb Code    10  stm32f10x_tim.o(.text)
    TIM_DMACmd                               0x080039eb   Thumb Code    18  stm32f10x_tim.o(.text)
    TIM_InternalClockConfig                  0x080039fd   Thumb Code    12  stm32f10x_tim.o(.text)
    TIM_SelectInputTrigger                   0x08003a09   Thumb Code    18  stm32f10x_tim.o(.text)
    TIM_ITRxExternalClockConfig              0x08003a1b   Thumb Code    24  stm32f10x_tim.o(.text)
    TIM_TIxExternalClockConfig               0x08003a33   Thumb Code    62  stm32f10x_tim.o(.text)
    TIM_ETRConfig                            0x08003a71   Thumb Code    28  stm32f10x_tim.o(.text)
    TIM_ETRClockMode1Config                  0x08003a8d   Thumb Code    54  stm32f10x_tim.o(.text)
    TIM_ETRClockMode2Config                  0x08003ac3   Thumb Code    32  stm32f10x_tim.o(.text)
    TIM_PrescalerConfig                      0x08003ae3   Thumb Code     6  stm32f10x_tim.o(.text)
    TIM_CounterModeConfig                    0x08003ae9   Thumb Code    18  stm32f10x_tim.o(.text)
    TIM_EncoderInterfaceConfig               0x08003afb   Thumb Code    66  stm32f10x_tim.o(.text)
    TIM_ForcedOC1Config                      0x08003b3d   Thumb Code    18  stm32f10x_tim.o(.text)
    TIM_ForcedOC2Config                      0x08003b4f   Thumb Code    26  stm32f10x_tim.o(.text)
    TIM_ForcedOC3Config                      0x08003b69   Thumb Code    18  stm32f10x_tim.o(.text)
    TIM_ForcedOC4Config                      0x08003b7b   Thumb Code    26  stm32f10x_tim.o(.text)
    TIM_ARRPreloadConfig                     0x08003b95   Thumb Code    24  stm32f10x_tim.o(.text)
    TIM_SelectCOM                            0x08003bad   Thumb Code    24  stm32f10x_tim.o(.text)
    TIM_SelectCCDMA                          0x08003bc5   Thumb Code    24  stm32f10x_tim.o(.text)
    TIM_CCPreloadControl                     0x08003bdd   Thumb Code    24  stm32f10x_tim.o(.text)
    TIM_OC1PreloadConfig                     0x08003bf5   Thumb Code    18  stm32f10x_tim.o(.text)
    TIM_OC2PreloadConfig                     0x08003c07   Thumb Code    26  stm32f10x_tim.o(.text)
    TIM_OC3PreloadConfig                     0x08003c21   Thumb Code    18  stm32f10x_tim.o(.text)
    TIM_OC4PreloadConfig                     0x08003c33   Thumb Code    26  stm32f10x_tim.o(.text)
    TIM_OC1FastConfig                        0x08003c4d   Thumb Code    18  stm32f10x_tim.o(.text)
    TIM_OC2FastConfig                        0x08003c5f   Thumb Code    26  stm32f10x_tim.o(.text)
    TIM_OC3FastConfig                        0x08003c79   Thumb Code    18  stm32f10x_tim.o(.text)
    TIM_OC4FastConfig                        0x08003c8b   Thumb Code    26  stm32f10x_tim.o(.text)
    TIM_ClearOC1Ref                          0x08003ca5   Thumb Code    18  stm32f10x_tim.o(.text)
    TIM_ClearOC2Ref                          0x08003cb7   Thumb Code    24  stm32f10x_tim.o(.text)
    TIM_ClearOC3Ref                          0x08003ccf   Thumb Code    18  stm32f10x_tim.o(.text)
    TIM_ClearOC4Ref                          0x08003ce1   Thumb Code    24  stm32f10x_tim.o(.text)
    TIM_OC1PolarityConfig                    0x08003cf9   Thumb Code    18  stm32f10x_tim.o(.text)
    TIM_OC1NPolarityConfig                   0x08003d0b   Thumb Code    18  stm32f10x_tim.o(.text)
    TIM_OC2PolarityConfig                    0x08003d1d   Thumb Code    26  stm32f10x_tim.o(.text)
    TIM_OC2NPolarityConfig                   0x08003d37   Thumb Code    26  stm32f10x_tim.o(.text)
    TIM_OC3PolarityConfig                    0x08003d51   Thumb Code    26  stm32f10x_tim.o(.text)
    TIM_OC3NPolarityConfig                   0x08003d6b   Thumb Code    26  stm32f10x_tim.o(.text)
    TIM_OC4PolarityConfig                    0x08003d85   Thumb Code    26  stm32f10x_tim.o(.text)
    TIM_CCxCmd                               0x08003d9f   Thumb Code    30  stm32f10x_tim.o(.text)
    TIM_CCxNCmd                              0x08003dbd   Thumb Code    30  stm32f10x_tim.o(.text)
    TIM_SelectOCxM                           0x08003ddb   Thumb Code    82  stm32f10x_tim.o(.text)
    TIM_UpdateDisableConfig                  0x08003e2d   Thumb Code    24  stm32f10x_tim.o(.text)
    TIM_UpdateRequestConfig                  0x08003e45   Thumb Code    24  stm32f10x_tim.o(.text)
    TIM_SelectHallSensor                     0x08003e5d   Thumb Code    24  stm32f10x_tim.o(.text)
    TIM_SelectOnePulseMode                   0x08003e75   Thumb Code    18  stm32f10x_tim.o(.text)
    TIM_SelectOutputTrigger                  0x08003e87   Thumb Code    18  stm32f10x_tim.o(.text)
    TIM_SelectSlaveMode                      0x08003e99   Thumb Code    18  stm32f10x_tim.o(.text)
    TIM_SelectMasterSlaveMode                0x08003eab   Thumb Code    18  stm32f10x_tim.o(.text)
    TIM_SetCounter                           0x08003ebd   Thumb Code     4  stm32f10x_tim.o(.text)
    TIM_SetAutoreload                        0x08003ec1   Thumb Code     4  stm32f10x_tim.o(.text)
    TIM_SetCompare1                          0x08003ec5   Thumb Code     4  stm32f10x_tim.o(.text)
    TIM_SetCompare2                          0x08003ec9   Thumb Code     4  stm32f10x_tim.o(.text)
    TIM_SetCompare3                          0x08003ecd   Thumb Code     4  stm32f10x_tim.o(.text)
    TIM_SetCompare4                          0x08003ed1   Thumb Code     6  stm32f10x_tim.o(.text)
    TIM_SetClockDivision                     0x08003ed7   Thumb Code    18  stm32f10x_tim.o(.text)
    TIM_GetCapture1                          0x08003ee9   Thumb Code     6  stm32f10x_tim.o(.text)
    TIM_GetCapture2                          0x08003eef   Thumb Code     6  stm32f10x_tim.o(.text)
    TIM_GetCapture3                          0x08003ef5   Thumb Code     6  stm32f10x_tim.o(.text)
    TIM_GetCapture4                          0x08003efb   Thumb Code     8  stm32f10x_tim.o(.text)
    TIM_GetCounter                           0x08003f03   Thumb Code     6  stm32f10x_tim.o(.text)
    TIM_GetPrescaler                         0x08003f09   Thumb Code     6  stm32f10x_tim.o(.text)
    TIM_GetFlagStatus                        0x08003f0f   Thumb Code    18  stm32f10x_tim.o(.text)
    TIM_ClearFlag                            0x08003f21   Thumb Code     6  stm32f10x_tim.o(.text)
    TIM_GetITStatus                          0x08003f27   Thumb Code    34  stm32f10x_tim.o(.text)
    TIM_ClearITPendingBit                    0x08003f49   Thumb Code     6  stm32f10x_tim.o(.text)
    __use_no_semihosting                     0x08003f4f   Thumb Code     2  use_no_semi_2.o(.text)
    __2printf                                0x08003f51   Thumb Code    20  noretval__2printf.o(.text)
    __2sprintf                               0x08003f69   Thumb Code    34  noretval__2sprintf.o(.text)
    __printf                                 0x08003f91   Thumb Code   104  __printf.o(.text)
    _printf_int_dec                          0x08003ff9   Thumb Code   100  _printf_dec.o(.text)
    _printf_int_oct                          0x0800406d   Thumb Code    74  _printf_oct_int.o(.text)
    _printf_longlong_oct                     0x0800406d   Thumb Code     0  _printf_oct_int.o(.text)
    _printf_int_hex                          0x080040c1   Thumb Code    84  _printf_hex_int.o(.text)
    _printf_longlong_hex                     0x080040c1   Thumb Code     0  _printf_hex_int.o(.text)
    atoi                                     0x08004119   Thumb Code    26  atoi.o(.text)
    strlen                                   0x08004133   Thumb Code    62  strlen.o(.text)
    __aeabi_memclr4                          0x08004171   Thumb Code     0  rt_memclr_w.o(.text)
    __aeabi_memclr8                          0x08004171   Thumb Code     0  rt_memclr_w.o(.text)
    __rt_memclr_w                            0x08004171   Thumb Code    78  rt_memclr_w.o(.text)
    _memset_w                                0x08004175   Thumb Code     0  rt_memclr_w.o(.text)
    __use_two_region_memory                  0x080041bf   Thumb Code     2  heapauxi.o(.text)
    __rt_heap_escrow$2region                 0x080041c1   Thumb Code     2  heapauxi.o(.text)
    __rt_heap_expand$2region                 0x080041c3   Thumb Code     2  heapauxi.o(.text)
    __I$use$semihosting                      0x080041c5   Thumb Code     0  use_no_semi.o(.text)
    __use_no_semihosting_swi                 0x080041c5   Thumb Code     2  use_no_semi.o(.text)
    __aeabi_errno_addr                       0x080041c9   Thumb Code     8  rt_errno_addr_intlibspace.o(.text)
    __errno$intlibspace                      0x080041c9   Thumb Code     0  rt_errno_addr_intlibspace.o(.text)
    __rt_errno_addr$intlibspace              0x080041c9   Thumb Code     0  rt_errno_addr_intlibspace.o(.text)
    _printf_int_common                       0x080041d1   Thumb Code   178  _printf_intcommon.o(.text)
    _printf_char_common                      0x0800428f   Thumb Code    32  _printf_char_common.o(.text)
    _sputc                                   0x080042b5   Thumb Code    10  _sputc.o(.text)
    _printf_char_file                        0x080042c1   Thumb Code    32  _printf_char_file.o(.text)
    strtol                                   0x080042e5   Thumb Code   112  strtol.o(.text)
    __user_libspace                          0x08004355   Thumb Code     8  libspace.o(.text)
    __user_perproc_libspace                  0x08004355   Thumb Code     0  libspace.o(.text)
    __user_perthread_libspace                0x08004355   Thumb Code     0  libspace.o(.text)
    __rt_ctype_table                         0x0800435d   Thumb Code    16  rt_ctype_table.o(.text)
    _strtoul                                 0x0800436d   Thumb Code   158  _strtoul.o(.text)
    ferror                                   0x0800440b   Thumb Code     8  ferror.o(.text)
    __user_setup_stackheap                   0x08004413   Thumb Code    74  sys_stackheap_outer.o(.text)
    __rt_locale                              0x0800445d   Thumb Code     8  rt_locale_intlibspace.o(.text)
    _chval                                   0x08004465   Thumb Code    28  _chval.o(.text)
    exit                                     0x08004481   Thumb Code    12  exit.o(.text)
    strcmp                                   0x0800448d   Thumb Code   128  strcmpv7m.o(.text)
    _get_lc_ctype                            0x0800450d   Thumb Code    44  lc_ctype_c.o(locale$$code)
    ANSIC0608                                0x08004538   Data         570  oled.o(.constdata)
    ANSIC0816                                0x08004772   Data        1520  oled.o(.constdata)
    CN1616                                   0x08004d62   Data         448  oled.o(.constdata)
    FM_LOGO                                  0x08004f22   Data        1024  oled.o(.constdata)
    DIRECT_LOGO                              0x08005322   Data        1024  oled.o(.constdata)
    BRIGHTNESS_LOGO                          0x08005722   Data        1024  oled.o(.constdata)
    REVERSAL_LOGO                            0x08005b22   Data        1024  oled.o(.constdata)
    HEALTH                                   0x08005f22   Data        1024  oled.o(.constdata)
    table_week                               0x08006322   Data          12  rtc.o(.constdata)
    mon_table                                0x0800632e   Data          12  rtc.o(.constdata)
    Region$$Table$$Base                      0x08006364   Number         0  anon$$obj.o(Region$$Table)
    Region$$Table$$Limit                     0x08006384   Number         0  anon$$obj.o(Region$$Table)
    __ctype                                  0x08006391   Data           0  lc_ctype_c.o(locale$$data)
    tempbuf                                  0x20000000   Data           8  main.o(.data)
    humibuf                                  0x20000008   Data           8  main.o(.data)
    SystemCoreClock                          0x20000010   Data           4  system_stm32f10x.o(.data)
    AHBPrescTable                            0x20000014   Data          16  system_stm32f10x.o(.data)
    KeyCurrent                               0x20000024   Data           1  key.o(.data)
    KeyOld                                   0x20000025   Data           1  key.o(.data)
    KeyNoChangedTime                         0x20000026   Data           1  key.o(.data)
    KeyPress                                 0x20000027   Data           1  key.o(.data)
    KeyDown                                  0x20000028   Data           1  key.o(.data)
    KeyUp                                    0x20000029   Data           1  key.o(.data)
    KeyLast                                  0x2000002a   Data           1  key.o(.data)
    KeyCanChange                             0x2000002b   Data           1  key.o(.data)
    callback_event                           0x2000002e   Data           1  key.o(.data)
    sys_mode                                 0x20000031   Data           1  key.o(.data)
    sensor                                   0x20000033   Data           4  rs485.o(.data)
    RS485_RX_CNT                             0x20000037   Data           1  rs485.o(.data)
    CN1616_Index                             0x20000038   Data          46  oled.o(.data)
    __stdout                                 0x2000006c   Data           4  usart.o(.data)
    USART_RX_STA                             0x20000070   Data           2  usart.o(.data)
    save_data                                0x20000088   Data          16  main.o(.bss)
    RS485_RX_BUF                             0x20000098   Data          64  rs485.o(.bss)
    calendar                                 0x200000d8   Data          10  rtc.o(.bss)
    STMFLASH_BUF                             0x200000e2   Data        1024  stmflash.o(.bss)
    USART_RX_BUF                             0x200004e2   Data         200  usart.o(.bss)
    __libspace_start                         0x200005ac   Data          96  libspace.o(.bss)
    __temporary_stack_top$libspace           0x2000060c   Data           0  libspace.o(.bss)



==============================================================================

Memory Map of the image

  Image Entry point : 0x080000ed

  Load Region LR_IROM1 (Base: 0x08000000, Size: 0x0000651c, Max: 0x00008000, ABSOLUTE)

    Execution Region ER_IROM1 (Base: 0x08000000, Size: 0x00006494, Max: 0x00008000, ABSOLUTE)

    Base Addr    Size         Type   Attr      Idx    E Section Name        Object

    0x08000000   0x000000ec   Data   RO          400    RESET               startup_stm32f10x_ld.o
    0x080000ec   0x00000008   Code   RO          602  * !!!main             c_w.l(__main.o)
    0x080000f4   0x00000034   Code   RO          792    !!!scatter          c_w.l(__scatter.o)
    0x08000128   0x0000001a   Code   RO          794    !!handler_copy      c_w.l(__scatter_copy.o)
    0x08000142   0x00000002   PAD
    0x08000144   0x0000001c   Code   RO          796    !!handler_zi        c_w.l(__scatter_zi.o)
    0x08000160   0x00000000   Code   RO          593    .ARM.Collect$$_printf_percent$$00000000  c_w.l(_printf_percent.o)
    0x08000160   0x00000006   Code   RO          592    .ARM.Collect$$_printf_percent$$00000009  c_w.l(_printf_d.o)
    0x08000166   0x00000006   Code   RO          591    .ARM.Collect$$_printf_percent$$0000000B  c_w.l(_printf_o.o)
    0x0800016c   0x00000006   Code   RO          590    .ARM.Collect$$_printf_percent$$0000000C  c_w.l(_printf_x.o)
    0x08000172   0x00000004   Code   RO          620    .ARM.Collect$$_printf_percent$$00000017  c_w.l(_printf_percent_end.o)
    0x08000176   0x00000002   Code   RO          670    .ARM.Collect$$libinit$$00000000  c_w.l(libinit.o)
    0x08000178   0x00000000   Code   RO          676    .ARM.Collect$$libinit$$00000002  c_w.l(libinit2.o)
    0x08000178   0x00000000   Code   RO          679    .ARM.Collect$$libinit$$00000008  c_w.l(libinit2.o)
    0x08000178   0x00000000   Code   RO          681    .ARM.Collect$$libinit$$0000000A  c_w.l(libinit2.o)
    0x08000178   0x00000000   Code   RO          683    .ARM.Collect$$libinit$$0000000C  c_w.l(libinit2.o)
    0x08000178   0x00000006   Code   RO          684    .ARM.Collect$$libinit$$0000000D  c_w.l(libinit2.o)
    0x0800017e   0x00000000   Code   RO          686    .ARM.Collect$$libinit$$0000000F  c_w.l(libinit2.o)
    0x0800017e   0x0000000c   Code   RO          687    .ARM.Collect$$libinit$$00000010  c_w.l(libinit2.o)
    0x0800018a   0x00000000   Code   RO          688    .ARM.Collect$$libinit$$00000011  c_w.l(libinit2.o)
    0x0800018a   0x00000000   Code   RO          690    .ARM.Collect$$libinit$$00000013  c_w.l(libinit2.o)
    0x0800018a   0x00000000   Code   RO          692    .ARM.Collect$$libinit$$00000015  c_w.l(libinit2.o)
    0x0800018a   0x00000000   Code   RO          694    .ARM.Collect$$libinit$$00000017  c_w.l(libinit2.o)
    0x0800018a   0x00000000   Code   RO          696    .ARM.Collect$$libinit$$00000019  c_w.l(libinit2.o)
    0x0800018a   0x00000000   Code   RO          698    .ARM.Collect$$libinit$$0000001B  c_w.l(libinit2.o)
    0x0800018a   0x00000000   Code   RO          700    .ARM.Collect$$libinit$$0000001D  c_w.l(libinit2.o)
    0x0800018a   0x00000000   Code   RO          702    .ARM.Collect$$libinit$$0000001F  c_w.l(libinit2.o)
    0x0800018a   0x00000000   Code   RO          704    .ARM.Collect$$libinit$$00000021  c_w.l(libinit2.o)
    0x0800018a   0x00000000   Code   RO          706    .ARM.Collect$$libinit$$00000023  c_w.l(libinit2.o)
    0x0800018a   0x00000000   Code   RO          710    .ARM.Collect$$libinit$$0000002A  c_w.l(libinit2.o)
    0x0800018a   0x00000000   Code   RO          712    .ARM.Collect$$libinit$$0000002C  c_w.l(libinit2.o)
    0x0800018a   0x00000000   Code   RO          714    .ARM.Collect$$libinit$$0000002E  c_w.l(libinit2.o)
    0x0800018a   0x00000000   Code   RO          716    .ARM.Collect$$libinit$$00000030  c_w.l(libinit2.o)
    0x0800018a   0x00000002   Code   RO          717    .ARM.Collect$$libinit$$00000031  c_w.l(libinit2.o)
    0x0800018c   0x00000002   Code   RO          735    .ARM.Collect$$libshutdown$$00000000  c_w.l(libshutdown.o)
    0x0800018e   0x00000000   Code   RO          746    .ARM.Collect$$libshutdown$$00000003  c_w.l(libshutdown2.o)
    0x0800018e   0x00000000   Code   RO          749    .ARM.Collect$$libshutdown$$00000006  c_w.l(libshutdown2.o)
    0x0800018e   0x00000000   Code   RO          752    .ARM.Collect$$libshutdown$$00000009  c_w.l(libshutdown2.o)
    0x0800018e   0x00000000   Code   RO          754    .ARM.Collect$$libshutdown$$0000000B  c_w.l(libshutdown2.o)
    0x0800018e   0x00000000   Code   RO          757    .ARM.Collect$$libshutdown$$0000000E  c_w.l(libshutdown2.o)
    0x0800018e   0x00000002   Code   RO          758    .ARM.Collect$$libshutdown$$0000000F  c_w.l(libshutdown2.o)
    0x08000190   0x00000000   Code   RO          606    .ARM.Collect$$rtentry$$00000000  c_w.l(rtentry.o)
    0x08000190   0x00000000   Code   RO          627    .ARM.Collect$$rtentry$$00000002  c_w.l(rtentry2.o)
    0x08000190   0x00000006   Code   RO          639    .ARM.Collect$$rtentry$$00000004  c_w.l(rtentry4.o)
    0x08000196   0x00000000   Code   RO          629    .ARM.Collect$$rtentry$$00000009  c_w.l(rtentry2.o)
    0x08000196   0x00000004   Code   RO          630    .ARM.Collect$$rtentry$$0000000A  c_w.l(rtentry2.o)
    0x0800019a   0x00000000   Code   RO          632    .ARM.Collect$$rtentry$$0000000C  c_w.l(rtentry2.o)
    0x0800019a   0x00000008   Code   RO          633    .ARM.Collect$$rtentry$$0000000D  c_w.l(rtentry2.o)
    0x080001a2   0x00000002   Code   RO          671    .ARM.Collect$$rtexit$$00000000  c_w.l(rtexit.o)
    0x080001a4   0x00000000   Code   RO          719    .ARM.Collect$$rtexit$$00000002  c_w.l(rtexit2.o)
    0x080001a4   0x00000004   Code   RO          720    .ARM.Collect$$rtexit$$00000003  c_w.l(rtexit2.o)
    0x080001a8   0x00000006   Code   RO          721    .ARM.Collect$$rtexit$$00000004  c_w.l(rtexit2.o)
    0x080001ae   0x00000002   PAD
    0x080001b0   0x00000228   Code   RO            1    .text               main.o
    0x080003d8   0x0000001a   Code   RO          149    .text               stm32f10x_it.o
    0x080003f2   0x00000002   PAD
    0x080003f4   0x000001e0   Code   RO          190    .text               system_stm32f10x.o
    0x080005d4   0x0000004c   Code   RO          208    .text               led.o
    0x08000620   0x00000574   Code   RO          220    .text               key.o
    0x08000b94   0x000001b4   Code   RO          239    .text               rs485.o
    0x08000d48   0x00000288   Code   RO          261    .text               iic.o
    0x08000fd0   0x00000434   Code   RO          273    .text               oled.o
    0x08001404   0x00000520   Code   RO          295    .text               rtc.o
    0x08001924   0x00000144   Code   RO          319    .text               stmflash.o
    0x08001a68   0x000000d4   Code   RO          334    .text               delay.o
    0x08001b3c   0x00000140   Code   RO          365    .text               usart.o
    0x08001c7c   0x00000040   Code   RO          401    .text               startup_stm32f10x_ld.o
    0x08001cbc   0x000000dc   Code   RO          405    .text               misc.o
    0x08001d98   0x0000035c   Code   RO          429    .text               stm32f10x_gpio.o
    0x080020f4   0x000003a4   Code   RO          441    .text               stm32f10x_rcc.o
    0x08002498   0x00000408   Code   RO          455    .text               stm32f10x_usart.o
    0x080028a0   0x000005bc   Code   RO          467    .text               stm32f10x_flash.o
    0x08002e5c   0x000000c4   Code   RO          479    .text               stm32f10x_bkp.o
    0x08002f20   0x00000148   Code   RO          491    .text               stm32f10x_rtc.o
    0x08003068   0x000000cc   Code   RO          503    .text               stm32f10x_pwr.o
    0x08003134   0x00000e1a   Code   RO          515    .text               stm32f10x_tim.o
    0x08003f4e   0x00000002   Code   RO          529    .text               c_w.l(use_no_semi_2.o)
    0x08003f50   0x00000018   Code   RO          535    .text               c_w.l(noretval__2printf.o)
    0x08003f68   0x00000028   Code   RO          537    .text               c_w.l(noretval__2sprintf.o)
    0x08003f90   0x00000068   Code   RO          539    .text               c_w.l(__printf.o)
    0x08003ff8   0x00000074   Code   RO          541    .text               c_w.l(_printf_dec.o)
    0x0800406c   0x00000054   Code   RO          545    .text               c_w.l(_printf_oct_int.o)
    0x080040c0   0x00000058   Code   RO          552    .text               c_w.l(_printf_hex_int.o)
    0x08004118   0x0000001a   Code   RO          594    .text               c_w.l(atoi.o)
    0x08004132   0x0000003e   Code   RO          596    .text               c_w.l(strlen.o)
    0x08004170   0x0000004e   Code   RO          598    .text               c_w.l(rt_memclr_w.o)
    0x080041be   0x00000006   Code   RO          600    .text               c_w.l(heapauxi.o)
    0x080041c4   0x00000002   Code   RO          604    .text               c_w.l(use_no_semi.o)
    0x080041c6   0x00000002   PAD
    0x080041c8   0x00000008   Code   RO          610    .text               c_w.l(rt_errno_addr_intlibspace.o)
    0x080041d0   0x000000b2   Code   RO          612    .text               c_w.l(_printf_intcommon.o)
    0x08004282   0x00000002   PAD
    0x08004284   0x00000030   Code   RO          614    .text               c_w.l(_printf_char_common.o)
    0x080042b4   0x0000000a   Code   RO          616    .text               c_w.l(_sputc.o)
    0x080042be   0x00000002   PAD
    0x080042c0   0x00000024   Code   RO          618    .text               c_w.l(_printf_char_file.o)
    0x080042e4   0x00000070   Code   RO          621    .text               c_w.l(strtol.o)
    0x08004354   0x00000008   Code   RO          623    .text               c_w.l(libspace.o)
    0x0800435c   0x00000010   Code   RO          641    .text               c_w.l(rt_ctype_table.o)
    0x0800436c   0x0000009e   Code   RO          645    .text               c_w.l(_strtoul.o)
    0x0800440a   0x00000008   Code   RO          647    .text               c_w.l(ferror.o)
    0x08004412   0x0000004a   Code   RO          651    .text               c_w.l(sys_stackheap_outer.o)
    0x0800445c   0x00000008   Code   RO          656    .text               c_w.l(rt_locale_intlibspace.o)
    0x08004464   0x0000001c   Code   RO          658    .text               c_w.l(_chval.o)
    0x08004480   0x0000000c   Code   RO          663    .text               c_w.l(exit.o)
    0x0800448c   0x00000080   Code   RO          673    .text               c_w.l(strcmpv7m.o)
    0x0800450c   0x0000002c   Code   RO          661    locale$$code        c_w.l(lc_ctype_c.o)
    0x08004538   0x00001dea   Data   RO          274    .constdata          oled.o
    0x08006322   0x00000018   Data   RO          297    .constdata          rtc.o
    0x0800633a   0x00000028   Data   RO          553    .constdata          c_w.l(_printf_hex_int.o)
    0x08006362   0x00000002   PAD
    0x08006364   0x00000020   Data   RO          790    Region$$Table       anon$$obj.o
    0x08006384   0x00000110   Data   RO          660    locale$$data        c_w.l(lc_ctype_c.o)


    Execution Region RW_IRAM1 (Base: 0x20000000, Size: 0x00000c10, Max: 0x00002800, ABSOLUTE)

    Base Addr    Size         Type   Attr      Idx    E Section Name        Object

    0x20000000   0x00000010   Data   RW            3    .data               main.o
    0x20000010   0x00000014   Data   RW          191    .data               system_stm32f10x.o
    0x20000024   0x0000000f   Data   RW          221    .data               key.o
    0x20000033   0x00000005   Data   RW          241    .data               rs485.o
    0x20000038   0x0000002e   Data   RW          275    .data               oled.o
    0x20000066   0x00000002   Data   RW          298    .data               rtc.o
    0x20000068   0x00000004   Data   RW          335    .data               delay.o
    0x2000006c   0x00000006   Data   RW          367    .data               usart.o
    0x20000072   0x00000014   Data   RW          442    .data               stm32f10x_rcc.o
    0x20000086   0x00000002   PAD
    0x20000088   0x00000010   Zero   RW            2    .bss                main.o
    0x20000098   0x00000040   Zero   RW          240    .bss                rs485.o
    0x200000d8   0x0000000a   Zero   RW          296    .bss                rtc.o
    0x200000e2   0x00000400   Zero   RW          320    .bss                stmflash.o
    0x200004e2   0x000000c8   Zero   RW          366    .bss                usart.o
    0x200005aa   0x00000002   PAD
    0x200005ac   0x00000060   Zero   RW          624    .bss                c_w.l(libspace.o)
    0x2000060c   0x00000004   PAD
    0x20000610   0x00000200   Zero   RW          399    HEAP                startup_stm32f10x_ld.o
    0x20000810   0x00000400   Zero   RW          398    STACK               startup_stm32f10x_ld.o


==============================================================================

Image component sizes


      Code (inc. data)   RO Data    RW Data    ZI Data      Debug   Object Name

       212         18          0          4          0        975   delay.o
       648          6          0          0          0       2046   iic.o
      1396        156          0         15          0       3154   key.o
        76          8          0          0          0        475   led.o
       552         62          0         16         16     259811   main.o
       220         22          0          0          0       1753   misc.o
      1076         56       7658         46          0       5719   oled.o
       436         30          0          5         64       2605   rs485.o
      1312         72         24          2         10       4250   rtc.o
        64         26        236          0       1536        780   startup_stm32f10x_ld.o
       196          8          0          0          0       3416   stm32f10x_bkp.o
      1468         34          0          0          0       7986   stm32f10x_flash.o
       860         38          0          0          0       5597   stm32f10x_gpio.o
        26          0          0          0          0       1158   stm32f10x_it.o
       204         14          0          0          0       1895   stm32f10x_pwr.o
       932         36          0         20          0       8744   stm32f10x_rcc.o
       328          4          0          0          0       2646   stm32f10x_rtc.o
      3610         88          0          0          0      22080   stm32f10x_tim.o
      1032         22          0          0          0       8324   stm32f10x_usart.o
       324          8          0          0       1024       2534   stmflash.o
         0          0          0          0          0         32   sys.o
       480         38          0         20          0       1671   system_stm32f10x.o
       320         18          0          6        200       3054   usart.o

    ----------------------------------------------------------------------
     15774        764       7950        136       2852     350705   Object Totals
         0          0         32          0          0          0   (incl. Generated)
         2          0          0          2          2          0   (incl. Padding)

    ----------------------------------------------------------------------

      Code (inc. data)   RO Data    RW Data    ZI Data      Debug   Library Member Name

         8          0          0          0          0         68   __main.o
       104          0          0          0          0         84   __printf.o
        52          8          0          0          0          0   __scatter.o
        26          0          0          0          0          0   __scatter_copy.o
        28          0          0          0          0          0   __scatter_zi.o
        28          0          0          0          0         68   _chval.o
        48          6          0          0          0         96   _printf_char_common.o
        36          4          0          0          0         80   _printf_char_file.o
         6          0          0          0          0          0   _printf_d.o
       116         16          0          0          0         92   _printf_dec.o
        88          4         40          0          0         88   _printf_hex_int.o
       178          0          0          0          0         88   _printf_intcommon.o
         6          0          0          0          0          0   _printf_o.o
        84         10          0          0          0         88   _printf_oct_int.o
         0          0          0          0          0          0   _printf_percent.o
         4          0          0          0          0          0   _printf_percent_end.o
         6          0          0          0          0          0   _printf_x.o
        10          0          0          0          0         68   _sputc.o
       158          0          0          0          0         92   _strtoul.o
        26          0          0          0          0         80   atoi.o
        12          0          0          0          0         72   exit.o
         8          0          0          0          0         68   ferror.o
         6          0          0          0          0        152   heapauxi.o
        44         10        272          0          0         76   lc_ctype_c.o
         2          0          0          0          0          0   libinit.o
        20          0          0          0          0          0   libinit2.o
         2          0          0          0          0          0   libshutdown.o
         2          0          0          0          0          0   libshutdown2.o
         8          4          0          0         96         68   libspace.o
        24          4          0          0          0         84   noretval__2printf.o
        40          6          0          0          0         84   noretval__2sprintf.o
        16          4          0          0          0         76   rt_ctype_table.o
         8          4          0          0          0         68   rt_errno_addr_intlibspace.o
         8          4          0          0          0         68   rt_locale_intlibspace.o
        78          0          0          0          0         80   rt_memclr_w.o
         0          0          0          0          0          0   rtentry.o
        12          0          0          0          0          0   rtentry2.o
         6          0          0          0          0          0   rtentry4.o
         2          0          0          0          0          0   rtexit.o
        10          0          0          0          0          0   rtexit2.o
       128          0          0          0          0         68   strcmpv7m.o
        62          0          0          0          0         76   strlen.o
       112          0          0          0          0         88   strtol.o
        74          0          0          0          0         80   sys_stackheap_outer.o
         2          0          0          0          0         68   use_no_semi.o
         2          0          0          0          0         68   use_no_semi_2.o

    ----------------------------------------------------------------------
      1710         84        314          0        100       2336   Library Totals
        10          0          2          0          4          0   (incl. Padding)

    ----------------------------------------------------------------------

      Code (inc. data)   RO Data    RW Data    ZI Data      Debug   Library Name

      1700         84        312          0         96       2336   c_w.l

    ----------------------------------------------------------------------
      1710         84        314          0        100       2336   Library Totals

    ----------------------------------------------------------------------

==============================================================================


      Code (inc. data)   RO Data    RW Data    ZI Data      Debug   

     17484        848       8264        136       2952     349605   Grand Totals
     17484        848       8264        136       2952     349605   ELF Image Totals
     17484        848       8264        136          0          0   ROM Totals

==============================================================================

    Total RO  Size (Code + RO Data)                25748 (  25.14kB)
    Total RW  Size (RW Data + ZI Data)              3088 (   3.02kB)
    Total ROM Size (Code + RO Data + RW Data)      25884 (  25.28kB)

==============================================================================

